Archive member included to satisfy reference by file (symbol)

/home/kbisland/Ac6/SystemWorkbench/plugins/fr.ac6.mcu.externaltools.arm-none.linux64_1.17.0.201812190825/tools/compiler/bin/../lib/gcc/arm-none-eabi/7.3.1/thumb/v7e-m/fpv5/hard/libgcc.a(_aeabi_uldivmod.o)
                              Drivers/STM32H7xx_HAL_Driver/stm32h7xx_hal_uart.o (__aeabi_uldivmod)
/home/kbisland/Ac6/SystemWorkbench/plugins/fr.ac6.mcu.externaltools.arm-none.linux64_1.17.0.201812190825/tools/compiler/bin/../lib/gcc/arm-none-eabi/7.3.1/thumb/v7e-m/fpv5/hard/libgcc.a(_udivmoddi4.o)
                              /home/kbisland/Ac6/SystemWorkbench/plugins/fr.ac6.mcu.externaltools.arm-none.linux64_1.17.0.201812190825/tools/compiler/bin/../lib/gcc/arm-none-eabi/7.3.1/thumb/v7e-m/fpv5/hard/libgcc.a(_aeabi_uldivmod.o) (__udivmoddi4)
/home/kbisland/Ac6/SystemWorkbench/plugins/fr.ac6.mcu.externaltools.arm-none.linux64_1.17.0.201812190825/tools/compiler/bin/../lib/gcc/arm-none-eabi/7.3.1/thumb/v7e-m/fpv5/hard/libgcc.a(_dvmd_tls.o)
                              /home/kbisland/Ac6/SystemWorkbench/plugins/fr.ac6.mcu.externaltools.arm-none.linux64_1.17.0.201812190825/tools/compiler/bin/../lib/gcc/arm-none-eabi/7.3.1/thumb/v7e-m/fpv5/hard/libgcc.a(_aeabi_uldivmod.o) (__aeabi_ldiv0)
/home/kbisland/Ac6/SystemWorkbench/plugins/fr.ac6.mcu.externaltools.arm-none.linux64_1.17.0.201812190825/tools/compiler/bin/../lib/gcc/arm-none-eabi/7.3.1/../../../../arm-none-eabi/lib/thumb/v7e-m/fpv5/hard/libc_nano.a(lib_a-exit.o)
                              /home/kbisland/Ac6/SystemWorkbench/plugins/fr.ac6.mcu.externaltools.arm-none.linux64_1.17.0.201812190825/tools/compiler/bin/../lib/gcc/arm-none-eabi/7.3.1/../../../../arm-none-eabi/lib/thumb/v7e-m/fpv5/hard/crt0.o (exit)
/home/kbisland/Ac6/SystemWorkbench/plugins/fr.ac6.mcu.externaltools.arm-none.linux64_1.17.0.201812190825/tools/compiler/bin/../lib/gcc/arm-none-eabi/7.3.1/../../../../arm-none-eabi/lib/thumb/v7e-m/fpv5/hard/libc_nano.a(lib_a-impure.o)
                              /home/kbisland/Ac6/SystemWorkbench/plugins/fr.ac6.mcu.externaltools.arm-none.linux64_1.17.0.201812190825/tools/compiler/bin/../lib/gcc/arm-none-eabi/7.3.1/../../../../arm-none-eabi/lib/thumb/v7e-m/fpv5/hard/libc_nano.a(lib_a-exit.o) (_global_impure_ptr)
/home/kbisland/Ac6/SystemWorkbench/plugins/fr.ac6.mcu.externaltools.arm-none.linux64_1.17.0.201812190825/tools/compiler/bin/../lib/gcc/arm-none-eabi/7.3.1/../../../../arm-none-eabi/lib/thumb/v7e-m/fpv5/hard/libc_nano.a(lib_a-init.o)
                              /home/kbisland/Ac6/SystemWorkbench/plugins/fr.ac6.mcu.externaltools.arm-none.linux64_1.17.0.201812190825/tools/compiler/bin/../lib/gcc/arm-none-eabi/7.3.1/../../../../arm-none-eabi/lib/thumb/v7e-m/fpv5/hard/crt0.o (__libc_init_array)
/home/kbisland/Ac6/SystemWorkbench/plugins/fr.ac6.mcu.externaltools.arm-none.linux64_1.17.0.201812190825/tools/compiler/bin/../lib/gcc/arm-none-eabi/7.3.1/../../../../arm-none-eabi/lib/thumb/v7e-m/fpv5/hard/libc_nano.a(lib_a-malloc.o)
                              Middlewares/USB_Device_Library/usbd_customhid.o (malloc)
/home/kbisland/Ac6/SystemWorkbench/plugins/fr.ac6.mcu.externaltools.arm-none.linux64_1.17.0.201812190825/tools/compiler/bin/../lib/gcc/arm-none-eabi/7.3.1/../../../../arm-none-eabi/lib/thumb/v7e-m/fpv5/hard/libc_nano.a(lib_a-memset.o)
                              /home/kbisland/Ac6/SystemWorkbench/plugins/fr.ac6.mcu.externaltools.arm-none.linux64_1.17.0.201812190825/tools/compiler/bin/../lib/gcc/arm-none-eabi/7.3.1/../../../../arm-none-eabi/lib/thumb/v7e-m/fpv5/hard/crt0.o (memset)
/home/kbisland/Ac6/SystemWorkbench/plugins/fr.ac6.mcu.externaltools.arm-none.linux64_1.17.0.201812190825/tools/compiler/bin/../lib/gcc/arm-none-eabi/7.3.1/../../../../arm-none-eabi/lib/thumb/v7e-m/fpv5/hard/libc_nano.a(lib_a-nano-freer.o)
                              /home/kbisland/Ac6/SystemWorkbench/plugins/fr.ac6.mcu.externaltools.arm-none.linux64_1.17.0.201812190825/tools/compiler/bin/../lib/gcc/arm-none-eabi/7.3.1/../../../../arm-none-eabi/lib/thumb/v7e-m/fpv5/hard/libc_nano.a(lib_a-malloc.o) (_free_r)
/home/kbisland/Ac6/SystemWorkbench/plugins/fr.ac6.mcu.externaltools.arm-none.linux64_1.17.0.201812190825/tools/compiler/bin/../lib/gcc/arm-none-eabi/7.3.1/../../../../arm-none-eabi/lib/thumb/v7e-m/fpv5/hard/libc_nano.a(lib_a-nano-mallocr.o)
                              /home/kbisland/Ac6/SystemWorkbench/plugins/fr.ac6.mcu.externaltools.arm-none.linux64_1.17.0.201812190825/tools/compiler/bin/../lib/gcc/arm-none-eabi/7.3.1/../../../../arm-none-eabi/lib/thumb/v7e-m/fpv5/hard/libc_nano.a(lib_a-malloc.o) (_malloc_r)
/home/kbisland/Ac6/SystemWorkbench/plugins/fr.ac6.mcu.externaltools.arm-none.linux64_1.17.0.201812190825/tools/compiler/bin/../lib/gcc/arm-none-eabi/7.3.1/../../../../arm-none-eabi/lib/thumb/v7e-m/fpv5/hard/libc_nano.a(lib_a-sbrkr.o)
[...]
Memory Configuration

Name             Origin             Length             Attributes
DTCMRAM          0x0000000020000000 0x0000000000020000 xrw
RAM_D1           0x0000000024000000 0x0000000000080000 xrw
RAM_D2           0x0000000030000000 0x0000000000048000 xrw
RAM_D3           0x0000000038000000 0x0000000000010000 xrw
ITCMRAM          0x0000000000000000 0x0000000000010000 xrw
FLASH            0x0000000008000000 0x0000000000200000 xr
*default*        0x0000000000000000 0xffffffffffffffff

Linker script and memory map

LOAD /home/kbisland/Ac6/SystemWorkbench/plugins/fr.ac6.mcu.externaltools.arm-none.linux64_1.17.0.201812190825/tools/compiler/bin/../lib/gcc/arm-none-eabi/7.3.1/thumb/v7e-m/fpv5/hard/crti.o
LOAD /home/kbisland/Ac6/SystemWorkbench/plugins/fr.ac6.mcu.externaltools.arm-none.linux64_1.17.0.201812190825/tools/compiler/bin/../lib/gcc/arm-none-eabi/7.3.1/thumb/v7e-m/fpv5/hard/crtbegin.o
LOAD /home/kbisland/Ac6/SystemWorkbench/plugins/fr.ac6.mcu.externaltools.arm-none.linux64_1.17.0.201812190825/tools/compiler/bin/../lib/gcc/arm-none-eabi/7.3.1/../../../../arm-none-eabi/lib/thumb/v7e-m/fpv5/hard/crt0.o
LOAD Application/SW4STM32/startup_stm32h753xx.o
LOAD Application/User/main.o
LOAD Application/User/stm32h7xx_hal_msp.o
LOAD Application/User/stm32h7xx_it.o
LOAD Application/User/usb_device.o
LOAD Application/User/usbd_conf.o
LOAD Application/User/usbd_custom_hid_if.o
LOAD Application/User/usbd_desc.o
LOAD Drivers/CMSIS/system_stm32h7xx.o
LOAD Drivers/STM32H7xx_HAL_Driver/stm32h7xx_hal.o
LOAD Drivers/STM32H7xx_HAL_Driver/stm32h7xx_hal_cortex.o
LOAD Drivers/STM32H7xx_HAL_Driver/stm32h7xx_hal_dma.o
LOAD Drivers/STM32H7xx_HAL_Driver/stm32h7xx_hal_dma_ex.o
LOAD Drivers/STM32H7xx_HAL_Driver/stm32h7xx_hal_flash.o
LOAD Drivers/STM32H7xx_HAL_Driver/stm32h7xx_hal_flash_ex.o
LOAD Drivers/STM32H7xx_HAL_Driver/stm32h7xx_hal_gpio.o
LOAD Drivers/STM32H7xx_HAL_Driver/stm32h7xx_hal_hsem.o
LOAD Drivers/STM32H7xx_HAL_Driver/stm32h7xx_hal_i2c.o
LOAD Drivers/STM32H7xx_HAL_Driver/stm32h7xx_hal_i2c_ex.o
LOAD Drivers/STM32H7xx_HAL_Driver/stm32h7xx_hal_mdma.o
LOAD Drivers/STM32H7xx_HAL_Driver/stm32h7xx_hal_pcd.o
LOAD Drivers/STM32H7xx_HAL_Driver/stm32h7xx_hal_pcd_ex.o
LOAD Drivers/STM32H7xx_HAL_Driver/stm32h7xx_hal_pwr.o
LOAD Drivers/STM32H7xx_HAL_Driver/stm32h7xx_hal_pwr_ex.o
LOAD Drivers/STM32H7xx_HAL_Driver/stm32h7xx_hal_rcc.o
LOAD Drivers/STM32H7xx_HAL_Driver/stm32h7xx_hal_rcc_ex.o
LOAD Drivers/STM32H7xx_HAL_Driver/stm32h7xx_hal_spi.o
LOAD Drivers/STM32H7xx_HAL_Driver/stm32h7xx_hal_spi_ex.o
LOAD Drivers/STM32H7xx_HAL_Driver/stm32h7xx_hal_tim.o
LOAD Drivers/STM32H7xx_HAL_Driver/stm32h7xx_hal_tim_ex.o
LOAD Drivers/STM32H7xx_HAL_Driver/stm32h7xx_hal_uart.o
LOAD Drivers/STM32H7xx_HAL_Driver/stm32h7xx_hal_uart_ex.o
LOAD Drivers/STM32H7xx_HAL_Driver/stm32h7xx_ll_usb.o
LOAD Middlewares/USB_Device_Library/usbd_core.o
LOAD Middlewares/USB_Device_Library/usbd_ctlreq.o
LOAD Middlewares/USB_Device_Library/usbd_customhid.o
LOAD Middlewares/USB_Device_Library/usbd_ioreq.o
LOAD /home/kbisland/Ac6/SystemWorkbench/plugins/fr.ac6.mcu.externaltools.arm-none.linux64_1.17.0.201812190825/tools/compiler/bin/../lib/gcc/arm-none-eabi/7.3.1/../../../../arm-none-eabi/lib/thumb/v7e-m/fpv5/hard/libm.a
START GROUP
LOAD /home/kbisland/Ac6/SystemWorkbench/plugins/fr.ac6.mcu.externaltools.arm-none.linux64_1.17.0.201812190825/tools/compiler/bin/../lib/gcc/arm-none-eabi/7.3.1/thumb/v7e-m/fpv5/hard/libgcc.a
LOAD /home/kbisland/Ac6/SystemWorkbench/plugins/fr.ac6.mcu.externaltools.arm-none.linux64_1.17.0.201812190825/tools/compiler/bin/../lib/gcc/arm-none-eabi/7.3.1/../../../../arm-none-eabi/lib/thumb/v7e-m/fpv5/hard/libc_nano.a
END GROUP
START GROUP
LOAD /home/kbisland/Ac6/SystemWorkbench/plugins/fr.ac6.mcu.externaltools.arm-none.linux64_1.17.0.201812190825/tools/compiler/bin/../lib/gcc/arm-none-eabi/7.3.1/thumb/v7e-m/fpv5/hard/libgcc.a
LOAD /home/kbisland/Ac6/SystemWorkbench/plugins/fr.ac6.mcu.externaltools.arm-none.linux64_1.17.0.201812190825/tools/compiler/bin/../lib/gcc/arm-none-eabi/7.3.1/../../../../arm-none-eabi/lib/thumb/v7e-m/fpv5/hard/libc_nano.a
LOAD /home/kbisland/Ac6/SystemWorkbench/plugins/fr.ac6.mcu.externaltools.arm-none.linux64_1.17.0.201812190825/tools/compiler/bin/../lib/gcc/arm-none-eabi/7.3.1/../../../../arm-none-eabi/lib/thumb/v7e-m/fpv5/hard/libnosys.a
END GROUP
START GROUP
LOAD /home/kbisland/Ac6/SystemWorkbench/plugins/fr.ac6.mcu.externaltools.arm-none.linux64_1.17.0.201812190825/tools/compiler/bin/../lib/gcc/arm-none-eabi/7.3.1/thumb/v7e-m/fpv5/hard/libgcc.a
LOAD /home/kbisland/Ac6/SystemWorkbench/plugins/fr.ac6.mcu.externaltools.arm-none.linux64_1.17.0.201812190825/tools/compiler/bin/../lib/gcc/arm-none-eabi/7.3.1/../../../../arm-none-eabi/lib/thumb/v7e-m/fpv5/hard/libc_nano.a
LOAD /home/kbisland/Ac6/SystemWorkbench/plugins/fr.ac6.mcu.externaltools.arm-none.linux64_1.17.0.201812190825/tools/compiler/bin/../lib/gcc/arm-none-eabi/7.3.1/../../../../arm-none-eabi/lib/thumb/v7e-m/fpv5/hard/libnosys.a
END GROUP
LOAD /home/kbisland/Ac6/SystemWorkbench/plugins/fr.ac6.mcu.externaltools.arm-none.linux64_1.17.0.201812190825/tools/compiler/bin/../lib/gcc/arm-none-eabi/7.3.1/thumb/v7e-m/fpv5/hard/crtend.o
LOAD /home/kbisland/Ac6/SystemWorkbench/plugins/fr.ac6.mcu.externaltools.arm-none.linux64_1.17.0.201812190825/tools/compiler/bin/../lib/gcc/arm-none-eabi/7.3.1/thumb/v7e-m/fpv5/hard/crtn.o
                0x0000000020020000                _estack = 0x20020000
                0x0000000000000200                _Min_Heap_Size = 0x200
                0x0000000000000400                _Min_Stack_Size = 0x400

.isr_vector     0x0000000008000000      0x298
                0x0000000008000000                . = ALIGN (0x4)
 *(.isr_vector)
 .isr_vector    0x0000000008000000      0x298 Application/SW4STM32/startup_stm32h753xx.o
                0x0000000008000000                g_pfnVectors
                0x0000000008000298                . = ALIGN (0x4)

.text           0x0000000008000298     0x6ab8
                0x0000000008000298                . = ALIGN (0x4)
 *(.text)
 .text          0x0000000008000298       0x40 /home/kbisland/Ac6/SystemWorkbench/plugins/fr.ac6.mcu.externaltools.arm-none.linux64_1.17.0.201812190825/tools/compiler/bin/../lib/gcc/arm-none-eabi/7.3.1/thumb/v7e-m/fpv5/hard/crtbegin.o
 .text          0x00000000080002d8       0x30 /home/kbisland/Ac6/SystemWorkbench/plugins/fr.ac6.mcu.externaltools.arm-none.linux64_1.17.0.201812190825/tools/compiler/bin/../lib/gcc/arm-none-eabi/7.3.1/thumb/v7e-m/fpv5/hard/libgcc.a(_aeabi_uldivmod.o)
                0x00000000080002d8                __aeabi_uldivmod
 .text          0x0000000008000308      0x2cc /home/kbisland/Ac6/SystemWorkbench/plugins/fr.ac6.mcu.externaltools.arm-none.linux64_1.17.0.201812190825/tools/compiler/bin/../lib/gcc/arm-none-eabi/7.3.1/thumb/v7e-m/fpv5/hard/libgcc.a(_udivmoddi4.o)
                0x0000000008000308                __udivmoddi4
 .text          0x00000000080005d4        0x4 /home/kbisland/Ac6/SystemWorkbench/plugins/fr.ac6.mcu.externaltools.arm-none.linux64_1.17.0.201812190825/tools/compiler/bin/../lib/gcc/arm-none-eabi/7.3.1/thumb/v7e-m/fpv5/hard/libgcc.a(_dvmd_tls.o)
                0x00000000080005d4                __aeabi_ldiv0
                0x00000000080005d4                __aeabi_idiv0
 *(.text*)
 .text.Reset_Handler
                0x00000000080005d8       0x50 Application/SW4STM32/startup_stm32h753xx.o
                0x00000000080005d8                Reset_Handler
 .text.Default_Handler
                0x0000000008000628        0x2 Application/SW4STM32/startup_stm32h753xx.o
                0x0000000008000628                RTC_Alarm_IRQHandler
                0x0000000008000628                HASH_RNG_IRQHandler
                0x0000000008000628                EXTI2_IRQHandler
                0x0000000008000628                TIM8_CC_IRQHandler
                0x0000000008000628                HRTIM1_Master_IRQHandler
                0x0000000008000628                UART8_IRQHandler
                0x0000000008000628                SPI4_IRQHandler
                0x0000000008000628                TIM1_CC_IRQHandler
                0x0000000008000628                BDMA_Channel6_IRQHandler
                0x0000000008000628                DMA2_Stream5_IRQHandler
                0x0000000008000628                HRTIM1_FLT_IRQHandler
                0x0000000008000628                JPEG_IRQHandler
                0x0000000008000628                DMA1_Stream5_IRQHandler
                0x0000000008000628                BDMA_Channel1_IRQHandler
                0x0000000008000628                HRTIM1_TIMD_IRQHandler
                0x0000000008000628                TAMP_STAMP_IRQHandler
                0x0000000008000628                EXTI3_IRQHandler
                0x0000000008000628                LPTIM4_IRQHandler
                0x0000000008000628                TIM8_TRG_COM_TIM14_IRQHandler
                0x0000000008000628                LPTIM2_IRQHandler
                0x0000000008000628                DFSDM1_FLT1_IRQHandler
                0x0000000008000628                DMAMUX2_OVR_IRQHandler
                0x0000000008000628                TIM8_UP_TIM13_IRQHandler
                0x0000000008000628                I2C3_ER_IRQHandler
                0x0000000008000628                DFSDM1_FLT2_IRQHandler
                0x0000000008000628                MDMA_IRQHandler
                0x0000000008000628                LPTIM3_IRQHandler
                0x0000000008000628                HSEM1_IRQHandler
                0x0000000008000628                EXTI0_IRQHandler
                0x0000000008000628                I2C2_EV_IRQHandler
                0x0000000008000628                DMA1_Stream2_IRQHandler
                0x0000000008000628                FPU_IRQHandler
                0x0000000008000628                OTG_HS_WKUP_IRQHandler
                0x0000000008000628                FDCAN1_IT1_IRQHandler
                0x0000000008000628                LTDC_ER_IRQHandler
                0x0000000008000628                DMA2_Stream2_IRQHandler
                0x0000000008000628                HRTIM1_TIME_IRQHandler
                0x0000000008000628                SPI1_IRQHandler
                0x0000000008000628                TIM6_DAC_IRQHandler
                0x0000000008000628                DCMI_IRQHandler
                0x0000000008000628                HRTIM1_TIMC_IRQHandler
                0x0000000008000628                DMA2_Stream3_IRQHandler
                0x0000000008000628                SAI2_IRQHandler
                0x0000000008000628                DFSDM1_FLT3_IRQHandler
                0x0000000008000628                USART6_IRQHandler
                0x0000000008000628                TIM17_IRQHandler
                0x0000000008000628                USART3_IRQHandler
                0x0000000008000628                BDMA_Channel7_IRQHandler
                0x0000000008000628                CRYP_IRQHandler
                0x0000000008000628                LPTIM5_IRQHandler
                0x0000000008000628                UART5_IRQHandler
                0x0000000008000628                ADC3_IRQHandler
                0x0000000008000628                DMA2_Stream0_IRQHandler
                0x0000000008000628                TIM4_IRQHandler
                0x0000000008000628                BDMA_Channel2_IRQHandler
                0x0000000008000628                QUADSPI_IRQHandler
                0x0000000008000628                I2C1_EV_IRQHandler
                0x0000000008000628                DMA1_Stream6_IRQHandler
                0x0000000008000628                DMAMUX1_OVR_IRQHandler
                0x0000000008000628                DMA1_Stream1_IRQHandler
                0x0000000008000628                TIM16_IRQHandler
                0x0000000008000628                UART4_IRQHandler
                0x0000000008000628                BDMA_Channel5_IRQHandler
                0x0000000008000628                TIM3_IRQHandler
                0x0000000008000628                RCC_IRQHandler
                0x0000000008000628                TIM8_BRK_TIM12_IRQHandler
                0x0000000008000628                TIM1_TRG_COM_IRQHandler
                0x0000000008000628                Default_Handler
                0x0000000008000628                CEC_IRQHandler
                0x0000000008000628                EXTI15_10_IRQHandler
                0x0000000008000628                BDMA_Channel0_IRQHandler
                0x0000000008000628                ADC_IRQHandler
                0x0000000008000628                DMA1_Stream7_IRQHandler
                0x0000000008000628                HRTIM1_TIMA_IRQHandler
                0x0000000008000628                SPI5_IRQHandler
                0x0000000008000628                TIM7_IRQHandler
                0x0000000008000628                SDMMC1_IRQHandler
                0x0000000008000628                TIM5_IRQHandler
                0x0000000008000628                DMA2_Stream7_IRQHandler
                0x0000000008000628                TIM15_IRQHandler
                0x0000000008000628                PVD_AVD_IRQHandler
                0x0000000008000628                I2C3_EV_IRQHandler
                0x0000000008000628                EXTI9_5_IRQHandler
                0x0000000008000628                RTC_WKUP_IRQHandler
                0x0000000008000628                LTDC_IRQHandler
                0x0000000008000628                SAI3_IRQHandler
                0x0000000008000628                ETH_WKUP_IRQHandler
                0x0000000008000628                SPDIF_RX_IRQHandler
                0x0000000008000628                SPI2_IRQHandler
                0x0000000008000628                OTG_HS_EP1_IN_IRQHandler
                0x0000000008000628                DMA1_Stream0_IRQHandler
                0x0000000008000628                CRS_IRQHandler
                0x0000000008000628                EXTI4_IRQHandler
                0x0000000008000628                HRTIM1_TIMB_IRQHandler
                0x0000000008000628                FDCAN2_IT1_IRQHandler
                0x0000000008000628                ETH_IRQHandler
                0x0000000008000628                TIM1_UP_IRQHandler
                0x0000000008000628                BDMA_Channel4_IRQHandler
                0x0000000008000628                OTG_HS_EP1_OUT_IRQHandler
                0x0000000008000628                WWDG_IRQHandler
                0x0000000008000628                SPI6_IRQHandler
                0x0000000008000628                MDIOS_IRQHandler
                0x0000000008000628                I2C4_EV_IRQHandler
                0x0000000008000628                FDCAN2_IT0_IRQHandler
                0x0000000008000628                LPUART1_IRQHandler
                0x0000000008000628                FDCAN1_IT0_IRQHandler
                0x0000000008000628                TIM2_IRQHandler
                0x0000000008000628                OTG_FS_WKUP_IRQHandler
                0x0000000008000628                DMA2D_IRQHandler
                0x0000000008000628                TIM1_BRK_IRQHandler
                0x0000000008000628                EXTI1_IRQHandler
                0x0000000008000628                SDMMC2_IRQHandler
                0x0000000008000628                OTG_FS_EP1_OUT_IRQHandler
                0x0000000008000628                BDMA_Channel3_IRQHandler
                0x0000000008000628                UART7_IRQHandler
                0x0000000008000628                MDIOS_WKUP_IRQHandler
                0x0000000008000628                USART2_IRQHandler
                0x0000000008000628                DFSDM1_FLT0_IRQHandler
                0x0000000008000628                SAI4_IRQHandler
                0x0000000008000628                I2C2_ER_IRQHandler
                0x0000000008000628                DMA2_Stream1_IRQHandler
                0x0000000008000628                FLASH_IRQHandler
                0x0000000008000628                DMA2_Stream4_IRQHandler
                0x0000000008000628                USART1_IRQHandler
                0x0000000008000628                SPI3_IRQHandler
                0x0000000008000628                WAKEUP_PIN_IRQHandler
                0x0000000008000628                DMA1_Stream4_IRQHandler
                0x0000000008000628                OTG_FS_EP1_IN_IRQHandler
                0x0000000008000628                I2C1_ER_IRQHandler
                0x0000000008000628                FMC_IRQHandler
                0x0000000008000628                FDCAN_CAL_IRQHandler
                0x0000000008000628                SWPMI1_IRQHandler
                0x0000000008000628                COMP1_IRQHandler
                0x0000000008000628                LPTIM1_IRQHandler
                0x0000000008000628                I2C4_ER_IRQHandler
                0x0000000008000628                DMA2_Stream6_IRQHandler
                0x0000000008000628                SAI1_IRQHandler
                0x0000000008000628                DMA1_Stream3_IRQHandler
 *fill*         0x000000000800062a        0x2 
 .text.MX_GPIO_Init
                0x000000000800062c      0x178 Application/User/main.o
 .text.USB_RX_Interrupt
                0x00000000080007a4      0x810 Application/User/main.o
                0x00000000080007a4                USB_RX_Interrupt
 .text._Error_Handler
                0x0000000008000fb4        0x2 Application/User/main.o
                0x0000000008000fb4                _Error_Handler
 *fill*         0x0000000008000fb6        0x2 
 .text.MX_USART1_UART_Init
                0x0000000008000fb8       0x48 Application/User/main.o
 .text.MX_SPI1_Init
                0x0000000008001000       0x68 Application/User/main.o
 .text.MX_SPI2_Init
                0x0000000008001068       0x68 Application/User/main.o
 .text.MX_SPI3_Init
                0x00000000080010d0       0x68 Application/User/main.o
 .text.MX_SPI4_Init
                0x0000000008001138       0x68 Application/User/main.o
 .text.MX_SPI6_Init
                0x00000000080011a0       0x68 Application/User/main.o
 .text.SystemClock_Config
                0x0000000008001208      0x100 Application/User/main.o
                0x0000000008001208                SystemClock_Config
 .text.main     0x0000000008001308       0x40 Application/User/main.o
                0x0000000008001308                main
 .text.HAL_MspInit
                0x0000000008001348       0x84 Application/User/stm32h7xx_hal_msp.o
                0x0000000008001348                HAL_MspInit
 .text.HAL_SPI_MspInit
                0x00000000080013cc      0x180 Application/User/stm32h7xx_hal_msp.o
                0x00000000080013cc                HAL_SPI_MspInit
 .text.HAL_UART_MspInit
                0x000000000800154c       0x58 Application/User/stm32h7xx_hal_msp.o
                0x000000000800154c                HAL_UART_MspInit
 .text.NMI_Handler
                0x00000000080015a4        0x2 Application/User/stm32h7xx_it.o
                0x00000000080015a4                NMI_Handler
 .text.HardFault_Handler
                0x00000000080015a6        0x2 Application/User/stm32h7xx_it.o
                0x00000000080015a6                HardFault_Handler
 .text.MemManage_Handler
                0x00000000080015a8        0x2 Application/User/stm32h7xx_it.o
                0x00000000080015a8                MemManage_Handler
 .text.BusFault_Handler
                0x00000000080015aa        0x2 Application/User/stm32h7xx_it.o
                0x00000000080015aa                BusFault_Handler
 .text.UsageFault_Handler
                0x00000000080015ac        0x2 Application/User/stm32h7xx_it.o
                0x00000000080015ac                UsageFault_Handler
 .text.SVC_Handler
                0x00000000080015ae        0x2 Application/User/stm32h7xx_it.o
                0x00000000080015ae                SVC_Handler
 .text.DebugMon_Handler
                0x00000000080015b0        0x2 Application/User/stm32h7xx_it.o
                0x00000000080015b0                DebugMon_Handler
 .text.PendSV_Handler
                0x00000000080015b2        0x2 Application/User/stm32h7xx_it.o
                0x00000000080015b2                PendSV_Handler
 .text.SysTick_Handler
                0x00000000080015b4        0xc Application/User/stm32h7xx_it.o
                0x00000000080015b4                SysTick_Handler
 .text.OTG_HS_IRQHandler
                0x00000000080015c0       0x10 Application/User/stm32h7xx_it.o
                0x00000000080015c0                OTG_HS_IRQHandler
 .text.OTG_FS_IRQHandler
                0x00000000080015d0       0x10 Application/User/stm32h7xx_it.o
                0x00000000080015d0                OTG_FS_IRQHandler
 .text.MX_USB_DEVICE_Init
                0x00000000080015e0       0x70 Application/User/usb_device.o
                0x00000000080015e0                MX_USB_DEVICE_Init
 .text.HAL_PCD_MspInit
                0x0000000008001650       0x68 Application/User/usbd_conf.o
                0x0000000008001650                HAL_PCD_MspInit
 .text.HAL_PCD_SetupStageCallback
                0x00000000080016b8       0x10 Application/User/usbd_conf.o
                0x00000000080016b8                HAL_PCD_SetupStageCallback
 .text.HAL_PCD_DataOutStageCallback
                0x00000000080016c8       0x18 Application/User/usbd_conf.o
                0x00000000080016c8                HAL_PCD_DataOutStageCallback
 .text.HAL_PCD_DataInStageCallback
                0x00000000080016e0       0x16 Application/User/usbd_conf.o
                0x00000000080016e0                HAL_PCD_DataInStageCallback
 .text.HAL_PCD_SOFCallback
                0x00000000080016f6        0xc Application/User/usbd_conf.o
                0x00000000080016f6                HAL_PCD_SOFCallback
 .text.HAL_PCD_ResetCallback
                0x0000000008001702       0x20 Application/User/usbd_conf.o
                0x0000000008001702                HAL_PCD_ResetCallback
 *fill*         0x0000000008001722        0x2 
 .text.HAL_PCD_SuspendCallback
                0x0000000008001724       0x30 Application/User/usbd_conf.o
                0x0000000008001724                HAL_PCD_SuspendCallback
 .text.HAL_PCD_ResumeCallback
                0x0000000008001754        0xc Application/User/usbd_conf.o
                0x0000000008001754                HAL_PCD_ResumeCallback
 .text.HAL_PCD_ISOOUTIncompleteCallback
                0x0000000008001760        0xc Application/User/usbd_conf.o
                0x0000000008001760                HAL_PCD_ISOOUTIncompleteCallback
 .text.HAL_PCD_ISOINIncompleteCallback
                0x000000000800176c        0xc Application/User/usbd_conf.o
                0x000000000800176c                HAL_PCD_ISOINIncompleteCallback
 .text.HAL_PCD_ConnectCallback
                0x0000000008001778        0xc Application/User/usbd_conf.o
                0x0000000008001778                HAL_PCD_ConnectCallback
 .text.HAL_PCD_DisconnectCallback
                0x0000000008001784        0xc Application/User/usbd_conf.o
                0x0000000008001784                HAL_PCD_DisconnectCallback
 .text.USBD_LL_Init
                0x0000000008001790       0xe8 Application/User/usbd_conf.o
                0x0000000008001790                USBD_LL_Init
 .text.USBD_LL_Start
                0x0000000008001878       0x1c Application/User/usbd_conf.o
                0x0000000008001878                USBD_LL_Start
 .text.USBD_LL_OpenEP
                0x0000000008001894       0x22 Application/User/usbd_conf.o
                0x0000000008001894                USBD_LL_OpenEP
 .text.USBD_LL_CloseEP
                0x00000000080018b6       0x1c Application/User/usbd_conf.o
                0x00000000080018b6                USBD_LL_CloseEP
 .text.USBD_LL_StallEP
                0x00000000080018d2       0x1c Application/User/usbd_conf.o
                0x00000000080018d2                USBD_LL_StallEP
 .text.USBD_LL_ClearStallEP
                0x00000000080018ee       0x1c Application/User/usbd_conf.o
                0x00000000080018ee                USBD_LL_ClearStallEP
 .text.USBD_LL_IsStallEP
                0x000000000800190a       0x2e Application/User/usbd_conf.o
                0x000000000800190a                USBD_LL_IsStallEP
 .text.USBD_LL_SetUSBAddress
                0x0000000008001938       0x1c Application/User/usbd_conf.o
                0x0000000008001938                USBD_LL_SetUSBAddress
 .text.USBD_LL_Transmit
                0x0000000008001954       0x1c Application/User/usbd_conf.o
                0x0000000008001954                USBD_LL_Transmit
 .text.USBD_LL_PrepareReceive
                0x0000000008001970       0x1c Application/User/usbd_conf.o
                0x0000000008001970                USBD_LL_PrepareReceive
 .text.CUSTOM_HID_Init_FS
                0x000000000800198c        0x2 Application/User/usbd_custom_hid_if.o
 .text.CUSTOM_HID_DeInit_FS
                0x000000000800198e        0x2 Application/User/usbd_custom_hid_if.o
 .text.CUSTOM_HID_Init_HS
                0x0000000008001990        0x2 Application/User/usbd_custom_hid_if.o
 .text.CUSTOM_HID_DeInit_HS
                0x0000000008001992        0x2 Application/User/usbd_custom_hid_if.o
 .text.CUSTOM_HID_OutEvent_FS
                0x0000000008001994        0xa Application/User/usbd_custom_hid_if.o
 .text.CUSTOM_HID_OutEvent_HS
                0x000000000800199e        0xa Application/User/usbd_custom_hid_if.o
 .text.USBD_HS_DeviceDescriptor
                0x00000000080019a8        0xc Application/User/usbd_desc.o
                0x00000000080019a8                USBD_HS_DeviceDescriptor
 .text.USBD_HS_LangIDStrDescriptor
                0x00000000080019b4        0xc Application/User/usbd_desc.o
                0x00000000080019b4                USBD_HS_LangIDStrDescriptor
 .text.USBD_FS_DeviceDescriptor
                0x00000000080019c0        0xc Application/User/usbd_desc.o
                0x00000000080019c0                USBD_FS_DeviceDescriptor
 .text.USBD_FS_LangIDStrDescriptor
                0x00000000080019cc        0xc Application/User/usbd_desc.o
                0x00000000080019cc                USBD_FS_LangIDStrDescriptor
 .text.USBD_HS_ProductStrDescriptor
                0x00000000080019d8       0x24 Application/User/usbd_desc.o
                0x00000000080019d8                USBD_HS_ProductStrDescriptor
 .text.USBD_HS_ManufacturerStrDescriptor
                0x00000000080019fc       0x1c Application/User/usbd_desc.o
                0x00000000080019fc                USBD_HS_ManufacturerStrDescriptor
 .text.USBD_HS_SerialStrDescriptor
                0x0000000008001a18       0x24 Application/User/usbd_desc.o
                0x0000000008001a18                USBD_HS_SerialStrDescriptor
 .text.USBD_HS_ConfigStrDescriptor
                0x0000000008001a3c       0x24 Application/User/usbd_desc.o
                0x0000000008001a3c                USBD_HS_ConfigStrDescriptor
 .text.USBD_HS_InterfaceStrDescriptor
                0x0000000008001a60       0x24 Application/User/usbd_desc.o
                0x0000000008001a60                USBD_HS_InterfaceStrDescriptor
 .text.USBD_FS_ProductStrDescriptor
                0x0000000008001a84       0x24 Application/User/usbd_desc.o
                0x0000000008001a84                USBD_FS_ProductStrDescriptor
 .text.USBD_FS_ManufacturerStrDescriptor
                0x0000000008001aa8       0x1c Application/User/usbd_desc.o
                0x0000000008001aa8                USBD_FS_ManufacturerStrDescriptor
 .text.USBD_FS_SerialStrDescriptor
                0x0000000008001ac4       0x24 Application/User/usbd_desc.o
                0x0000000008001ac4                USBD_FS_SerialStrDescriptor
 .text.USBD_FS_ConfigStrDescriptor
                0x0000000008001ae8       0x24 Application/User/usbd_desc.o
                0x0000000008001ae8                USBD_FS_ConfigStrDescriptor
 .text.USBD_FS_InterfaceStrDescriptor
                0x0000000008001b0c       0x24 Application/User/usbd_desc.o
                0x0000000008001b0c                USBD_FS_InterfaceStrDescriptor
 .text.SystemInit
                0x0000000008001b30       0x68 Drivers/CMSIS/system_stm32h7xx.o
                0x0000000008001b30                SystemInit
 .text.HAL_InitTick
                0x0000000008001b98       0x48 Drivers/STM32H7xx_HAL_Driver/stm32h7xx_hal.o
                0x0000000008001b98                HAL_InitTick
 .text.HAL_Init
                0x0000000008001be0       0x1e Drivers/STM32H7xx_HAL_Driver/stm32h7xx_hal.o
                0x0000000008001be0                HAL_Init
 *fill*         0x0000000008001bfe        0x2 
 .text.HAL_IncTick
                0x0000000008001c00       0x18 Drivers/STM32H7xx_HAL_Driver/stm32h7xx_hal.o
                0x0000000008001c00                HAL_IncTick
 .text.HAL_GetTick
                0x0000000008001c18        0xc Drivers/STM32H7xx_HAL_Driver/stm32h7xx_hal.o
                0x0000000008001c18                HAL_GetTick
 .text.HAL_Delay
                0x0000000008001c24       0x28 Drivers/STM32H7xx_HAL_Driver/stm32h7xx_hal.o
                0x0000000008001c24                HAL_Delay
 .text.HAL_NVIC_SetPriorityGrouping
                0x0000000008001c4c       0x24 Drivers/STM32H7xx_HAL_Driver/stm32h7xx_hal_cortex.o
                0x0000000008001c4c                HAL_NVIC_SetPriorityGrouping
 .text.HAL_NVIC_SetPriority
                0x0000000008001c70       0x64 Drivers/STM32H7xx_HAL_Driver/stm32h7xx_hal_cortex.o
                0x0000000008001c70                HAL_NVIC_SetPriority
 .text.HAL_NVIC_EnableIRQ
                0x0000000008001cd4       0x1c Drivers/STM32H7xx_HAL_Driver/stm32h7xx_hal_cortex.o
                0x0000000008001cd4                HAL_NVIC_EnableIRQ
 .text.HAL_SYSTICK_Config
                0x0000000008001cf0       0x2c Drivers/STM32H7xx_HAL_Driver/stm32h7xx_hal_cortex.o
                0x0000000008001cf0                HAL_SYSTICK_Config
 .text.HAL_SYSTICK_CLKSourceConfig
                0x0000000008001d1c       0x20 Drivers/STM32H7xx_HAL_Driver/stm32h7xx_hal_cortex.o
                0x0000000008001d1c                HAL_SYSTICK_CLKSourceConfig
 .text.HAL_SYSTICK_Callback
                0x0000000008001d3c        0x2 Drivers/STM32H7xx_HAL_Driver/stm32h7xx_hal_cortex.o
                0x0000000008001d3c                HAL_SYSTICK_Callback
 .text.HAL_SYSTICK_IRQHandler
                0x0000000008001d3e        0x8 Drivers/STM32H7xx_HAL_Driver/stm32h7xx_hal_cortex.o
                0x0000000008001d3e                HAL_SYSTICK_IRQHandler
 *fill*         0x0000000008001d46        0x2 
 .text.HAL_GPIO_Init
                0x0000000008001d48      0x1ec Drivers/STM32H7xx_HAL_Driver/stm32h7xx_hal_gpio.o
                0x0000000008001d48                HAL_GPIO_Init
 .text.HAL_GPIO_WritePin
                0x0000000008001f34        0xa Drivers/STM32H7xx_HAL_Driver/stm32h7xx_hal_gpio.o
                0x0000000008001f34                HAL_GPIO_WritePin
 .text.HAL_GPIO_TogglePin
                0x0000000008001f3e        0x8 Drivers/STM32H7xx_HAL_Driver/stm32h7xx_hal_gpio.o
                0x0000000008001f3e                HAL_GPIO_TogglePin
 .text.PCD_WriteEmptyTxFifo
                0x0000000008001f46       0xc0 Drivers/STM32H7xx_HAL_Driver/stm32h7xx_hal_pcd.o
 .text.HAL_PCD_Init
                0x0000000008002006       0xfc Drivers/STM32H7xx_HAL_Driver/stm32h7xx_hal_pcd.o
                0x0000000008002006                HAL_PCD_Init
 .text.HAL_PCD_Start
                0x0000000008002102       0x14 Drivers/STM32H7xx_HAL_Driver/stm32h7xx_hal_pcd.o
                0x0000000008002102                HAL_PCD_Start
 *fill*         0x0000000008002116        0x2 
 .text.HAL_PCD_IRQHandler
                0x0000000008002118      0x658 Drivers/STM32H7xx_HAL_Driver/stm32h7xx_hal_pcd.o
                0x0000000008002118                HAL_PCD_IRQHandler
 .text.HAL_PCD_SetAddress
                0x0000000008002770       0x24 Drivers/STM32H7xx_HAL_Driver/stm32h7xx_hal_pcd.o
                0x0000000008002770                HAL_PCD_SetAddress
 .text.HAL_PCD_EP_Open
                0x0000000008002794       0x68 Drivers/STM32H7xx_HAL_Driver/stm32h7xx_hal_pcd.o
                0x0000000008002794                HAL_PCD_EP_Open
 .text.HAL_PCD_EP_Close
                0x00000000080027fc       0x56 Drivers/STM32H7xx_HAL_Driver/stm32h7xx_hal_pcd.o
                0x00000000080027fc                HAL_PCD_EP_Close
 .text.HAL_PCD_EP_Receive
                0x0000000008002852       0x5a Drivers/STM32H7xx_HAL_Driver/stm32h7xx_hal_pcd.o
                0x0000000008002852                HAL_PCD_EP_Receive
 .text.HAL_PCD_EP_Transmit
                0x00000000080028ac       0x52 Drivers/STM32H7xx_HAL_Driver/stm32h7xx_hal_pcd.o
                0x00000000080028ac                HAL_PCD_EP_Transmit
 .text.HAL_PCD_EP_SetStall
                0x00000000080028fe       0x66 Drivers/STM32H7xx_HAL_Driver/stm32h7xx_hal_pcd.o
                0x00000000080028fe                HAL_PCD_EP_SetStall
 .text.HAL_PCD_EP_ClrStall
                0x0000000008002964       0x56 Drivers/STM32H7xx_HAL_Driver/stm32h7xx_hal_pcd.o
                0x0000000008002964                HAL_PCD_EP_ClrStall
 .text.HAL_PCDEx_SetTxFiFo
                0x00000000080029ba       0x48 Drivers/STM32H7xx_HAL_Driver/stm32h7xx_hal_pcd_ex.o
                0x00000000080029ba                HAL_PCDEx_SetTxFiFo
 .text.HAL_PCDEx_SetRxFiFo
                0x0000000008002a02        0x8 Drivers/STM32H7xx_HAL_Driver/stm32h7xx_hal_pcd_ex.o
                0x0000000008002a02                HAL_PCDEx_SetRxFiFo
 *fill*         0x0000000008002a0a        0x2 
 .text.HAL_PCDEx_ActivateLPM
                0x0000000008002a0c       0x28 Drivers/STM32H7xx_HAL_Driver/stm32h7xx_hal_pcd_ex.o
                0x0000000008002a0c                HAL_PCDEx_ActivateLPM
 .text.HAL_PCDEx_ActivateBCD
                0x0000000008002a34       0x1c Drivers/STM32H7xx_HAL_Driver/stm32h7xx_hal_pcd_ex.o
                0x0000000008002a34                HAL_PCDEx_ActivateBCD
 .text.HAL_PCDEx_LPM_Callback
                0x0000000008002a50        0x2 Drivers/STM32H7xx_HAL_Driver/stm32h7xx_hal_pcd_ex.o
                0x0000000008002a50                HAL_PCDEx_LPM_Callback
 *fill*         0x0000000008002a52        0x2 
 .text.HAL_PWREx_EnableUSBVoltageDetector
                0x0000000008002a54       0x10 Drivers/STM32H7xx_HAL_Driver/stm32h7xx_hal_pwr_ex.o
                0x0000000008002a54                HAL_PWREx_EnableUSBVoltageDetector
 .text.HAL_RCC_OscConfig
                0x0000000008002a64      0x588 Drivers/STM32H7xx_HAL_Driver/stm32h7xx_hal_rcc.o
                0x0000000008002a64                HAL_RCC_OscConfig
 .text.HAL_RCC_GetSysClockFreq
                0x0000000008002fec      0x1cc Drivers/STM32H7xx_HAL_Driver/stm32h7xx_hal_rcc.o
                0x0000000008002fec                HAL_RCC_GetSysClockFreq
 .text.HAL_RCC_ClockConfig
                0x00000000080031b8      0x1f0 Drivers/STM32H7xx_HAL_Driver/stm32h7xx_hal_rcc.o
                0x00000000080031b8                HAL_RCC_ClockConfig
 .text.HAL_RCC_GetHCLKFreq
                0x00000000080033a8       0x34 Drivers/STM32H7xx_HAL_Driver/stm32h7xx_hal_rcc.o
                0x00000000080033a8                HAL_RCC_GetHCLKFreq
 .text.HAL_RCC_GetPCLK1Freq
                0x00000000080033dc       0x2c Drivers/STM32H7xx_HAL_Driver/stm32h7xx_hal_rcc.o
                0x00000000080033dc                HAL_RCC_GetPCLK1Freq
 .text.HAL_RCC_GetPCLK2Freq
                0x0000000008003408       0x2c Drivers/STM32H7xx_HAL_Driver/stm32h7xx_hal_rcc.o
                0x0000000008003408                HAL_RCC_GetPCLK2Freq
 .text.RCCEx_PLL2_Config
                0x0000000008003434       0xe8 Drivers/STM32H7xx_HAL_Driver/stm32h7xx_hal_rcc_ex.o
 .text.RCCEx_PLL3_Config
                0x000000000800351c       0xe8 Drivers/STM32H7xx_HAL_Driver/stm32h7xx_hal_rcc_ex.o
 .text.HAL_RCCEx_PeriphCLKConfig
                0x0000000008003604      0x928 Drivers/STM32H7xx_HAL_Driver/stm32h7xx_hal_rcc_ex.o
                0x0000000008003604                HAL_RCCEx_PeriphCLKConfig
 .text.HAL_RCCEx_GetD3PCLK1Freq
                0x0000000008003f2c       0x2c Drivers/STM32H7xx_HAL_Driver/stm32h7xx_hal_rcc_ex.o
                0x0000000008003f2c                HAL_RCCEx_GetD3PCLK1Freq
 .text.HAL_RCCEx_GetPLL2ClockFreq
                0x0000000008003f58      0x1cc Drivers/STM32H7xx_HAL_Driver/stm32h7xx_hal_rcc_ex.o
                0x0000000008003f58                HAL_RCCEx_GetPLL2ClockFreq
 .text.HAL_RCCEx_GetPLL3ClockFreq
                0x0000000008004124      0x1cc Drivers/STM32H7xx_HAL_Driver/stm32h7xx_hal_rcc_ex.o
                0x0000000008004124                HAL_RCCEx_GetPLL3ClockFreq
 .text.HAL_RCCEx_GetD1SysClockFreq
                0x00000000080042f0       0x34 Drivers/STM32H7xx_HAL_Driver/stm32h7xx_hal_rcc_ex.o
                0x00000000080042f0                HAL_RCCEx_GetD1SysClockFreq
 .text.SPI_CloseTransfer
                0x0000000008004324       0xd0 Drivers/STM32H7xx_HAL_Driver/stm32h7xx_hal_spi.o
 .text.SPI_GetPacketSize
                0x00000000080043f4       0x10 Drivers/STM32H7xx_HAL_Driver/stm32h7xx_hal_spi.o
 .text.SPI_WaitOnFlagUntilTimeout
                0x0000000008004404       0x42 Drivers/STM32H7xx_HAL_Driver/stm32h7xx_hal_spi.o
 *fill*         0x0000000008004446        0x2 
 .text.HAL_SPI_Init
                0x0000000008004448      0x150 Drivers/STM32H7xx_HAL_Driver/stm32h7xx_hal_spi.o
                0x0000000008004448                HAL_SPI_Init
 .text.HAL_SPI_Transmit
                0x0000000008004598      0x28c Drivers/STM32H7xx_HAL_Driver/stm32h7xx_hal_spi.o
                0x0000000008004598                HAL_SPI_Transmit
 .text.HAL_SPI_TransmitReceive
                0x0000000008004824      0x3bc Drivers/STM32H7xx_HAL_Driver/stm32h7xx_hal_spi.o
                0x0000000008004824                HAL_SPI_TransmitReceive
 .text.UART_SetConfig
                0x0000000008004be0      0x930 Drivers/STM32H7xx_HAL_Driver/stm32h7xx_hal_uart.o
                0x0000000008004be0                UART_SetConfig
 .text.UART_AdvFeatureConfig
                0x0000000008005510       0xca Drivers/STM32H7xx_HAL_Driver/stm32h7xx_hal_uart.o
                0x0000000008005510                UART_AdvFeatureConfig
 .text.UART_WaitOnFlagUntilTimeout
                0x00000000080055da       0x62 Drivers/STM32H7xx_HAL_Driver/stm32h7xx_hal_uart.o
                0x00000000080055da                UART_WaitOnFlagUntilTimeout
 .text.UART_CheckIdleState
                0x000000000800563c       0x70 Drivers/STM32H7xx_HAL_Driver/stm32h7xx_hal_uart.o
                0x000000000800563c                UART_CheckIdleState
 .text.HAL_UART_Init
                0x00000000080056ac       0x66 Drivers/STM32H7xx_HAL_Driver/stm32h7xx_hal_uart.o
                0x00000000080056ac                HAL_UART_Init
 *fill*         0x0000000008005712        0x2 
 .text.USB_CoreInit
                0x0000000008005714       0x7c Drivers/STM32H7xx_HAL_Driver/stm32h7xx_ll_usb.o
                0x0000000008005714                USB_CoreInit
 .text.USB_EnableGlobalInt
                0x0000000008005790        0xc Drivers/STM32H7xx_HAL_Driver/stm32h7xx_ll_usb.o
                0x0000000008005790                USB_EnableGlobalInt
 .text.USB_DisableGlobalInt
                0x000000000800579c        0xc Drivers/STM32H7xx_HAL_Driver/stm32h7xx_ll_usb.o
                0x000000000800579c                USB_DisableGlobalInt
 .text.USB_SetCurrentMode
                0x00000000080057a8       0x2c Drivers/STM32H7xx_HAL_Driver/stm32h7xx_ll_usb.o
                0x00000000080057a8                USB_SetCurrentMode
 .text.USB_DevInit
                0x00000000080057d4      0x15c Drivers/STM32H7xx_HAL_Driver/stm32h7xx_ll_usb.o
                0x00000000080057d4                USB_DevInit
 .text.USB_FlushTxFifo
                0x0000000008005930       0x28 Drivers/STM32H7xx_HAL_Driver/stm32h7xx_ll_usb.o
                0x0000000008005930                USB_FlushTxFifo
 .text.USB_FlushRxFifo
                0x0000000008005958       0x24 Drivers/STM32H7xx_HAL_Driver/stm32h7xx_ll_usb.o
                0x0000000008005958                USB_FlushRxFifo
 .text.USB_SetDevSpeed
                0x000000000800597c        0xe Drivers/STM32H7xx_HAL_Driver/stm32h7xx_ll_usb.o
                0x000000000800597c                USB_SetDevSpeed
 .text.USB_GetDevSpeed
                0x000000000800598a       0x40 Drivers/STM32H7xx_HAL_Driver/stm32h7xx_ll_usb.o
                0x000000000800598a                USB_GetDevSpeed
 *fill*         0x00000000080059ca        0x2 
 .text.USB_ActivateEndpoint
                0x00000000080059cc       0x90 Drivers/STM32H7xx_HAL_Driver/stm32h7xx_ll_usb.o
                0x00000000080059cc                USB_ActivateEndpoint
 .text.USB_DeactivateEndpoint
                0x0000000008005a5c       0x7e Drivers/STM32H7xx_HAL_Driver/stm32h7xx_ll_usb.o
                0x0000000008005a5c                USB_DeactivateEndpoint
 *fill*         0x0000000008005ada        0x2 
 .text.USB_EPStartXfer
                0x0000000008005adc      0x260 Drivers/STM32H7xx_HAL_Driver/stm32h7xx_ll_usb.o
                0x0000000008005adc                USB_EPStartXfer
 .text.USB_EP0StartXfer
                0x0000000008005d3c      0x15c Drivers/STM32H7xx_HAL_Driver/stm32h7xx_ll_usb.o
                0x0000000008005d3c                USB_EP0StartXfer
 .text.USB_WritePacket
                0x0000000008005e98       0x28 Drivers/STM32H7xx_HAL_Driver/stm32h7xx_ll_usb.o
                0x0000000008005e98                USB_WritePacket
 .text.USB_ReadPacket
                0x0000000008005ec0       0x28 Drivers/STM32H7xx_HAL_Driver/stm32h7xx_ll_usb.o
                0x0000000008005ec0                USB_ReadPacket
 .text.USB_EPSetStall
                0x0000000008005ee8       0x64 Drivers/STM32H7xx_HAL_Driver/stm32h7xx_ll_usb.o
                0x0000000008005ee8                USB_EPSetStall
 .text.USB_EPClearStall
                0x0000000008005f4c       0x6a Drivers/STM32H7xx_HAL_Driver/stm32h7xx_ll_usb.o
                0x0000000008005f4c                USB_EPClearStall
 .text.USB_SetDevAddress
                0x0000000008005fb6       0x20 Drivers/STM32H7xx_HAL_Driver/stm32h7xx_ll_usb.o
                0x0000000008005fb6                USB_SetDevAddress
 .text.USB_DevConnect
                0x0000000008005fd6       0x18 Drivers/STM32H7xx_HAL_Driver/stm32h7xx_ll_usb.o
                0x0000000008005fd6                USB_DevConnect
 .text.USB_DevDisconnect
                0x0000000008005fee       0x18 Drivers/STM32H7xx_HAL_Driver/stm32h7xx_ll_usb.o
                0x0000000008005fee                USB_DevDisconnect
 .text.USB_ReadInterrupts
                0x0000000008006006        0x8 Drivers/STM32H7xx_HAL_Driver/stm32h7xx_ll_usb.o
                0x0000000008006006                USB_ReadInterrupts
 .text.USB_ReadDevAllOutEpInterrupt
                0x000000000800600e       0x10 Drivers/STM32H7xx_HAL_Driver/stm32h7xx_ll_usb.o
                0x000000000800600e                USB_ReadDevAllOutEpInterrupt
 .text.USB_ReadDevAllInEpInterrupt
                0x000000000800601e       0x10 Drivers/STM32H7xx_HAL_Driver/stm32h7xx_ll_usb.o
                0x000000000800601e                USB_ReadDevAllInEpInterrupt
 .text.USB_ReadDevOutEPInterrupt
                0x000000000800602e       0x12 Drivers/STM32H7xx_HAL_Driver/stm32h7xx_ll_usb.o
                0x000000000800602e                USB_ReadDevOutEPInterrupt
 .text.USB_ReadDevInEPInterrupt
                0x0000000008006040       0x24 Drivers/STM32H7xx_HAL_Driver/stm32h7xx_ll_usb.o
                0x0000000008006040                USB_ReadDevInEPInterrupt
 .text.USB_GetMode
                0x0000000008006064        0x8 Drivers/STM32H7xx_HAL_Driver/stm32h7xx_ll_usb.o
                0x0000000008006064                USB_GetMode
 .text.USB_ActivateSetup
                0x000000000800606c       0x38 Drivers/STM32H7xx_HAL_Driver/stm32h7xx_ll_usb.o
                0x000000000800606c                USB_ActivateSetup
 .text.USB_EP0_OutStart
                0x00000000080060a4       0x46 Drivers/STM32H7xx_HAL_Driver/stm32h7xx_ll_usb.o
                0x00000000080060a4                USB_EP0_OutStart
 *fill*         0x00000000080060ea        0x2 
 .text.USB_CoreReset
                0x00000000080060ec       0x3c Drivers/STM32H7xx_HAL_Driver/stm32h7xx_ll_usb.o
 .text.USBD_Init
                0x0000000008006128       0x2e Middlewares/USB_Device_Library/usbd_core.o
                0x0000000008006128                USBD_Init
 .text.USBD_RegisterClass
                0x0000000008006156        0xe Middlewares/USB_Device_Library/usbd_core.o
                0x0000000008006156                USBD_RegisterClass
 .text.USBD_Start
                0x0000000008006164        0xa Middlewares/USB_Device_Library/usbd_core.o
                0x0000000008006164                USBD_Start
 .text.USBD_SetClassConfig
                0x000000000800616e       0x1a Middlewares/USB_Device_Library/usbd_core.o
                0x000000000800616e                USBD_SetClassConfig
 .text.USBD_ClrClassConfig
                0x0000000008006188        0xe Middlewares/USB_Device_Library/usbd_core.o
                0x0000000008006188                USBD_ClrClassConfig
 .text.USBD_LL_SetupStage
                0x0000000008006196       0x5a Middlewares/USB_Device_Library/usbd_core.o
                0x0000000008006196                USBD_LL_SetupStage
 .text.USBD_LL_DataOutStage
                0x00000000080061f0       0x6a Middlewares/USB_Device_Library/usbd_core.o
                0x00000000080061f0                USBD_LL_DataOutStage
 .text.USBD_LL_DataInStage
                0x000000000800625a       0xb0 Middlewares/USB_Device_Library/usbd_core.o
                0x000000000800625a                USBD_LL_DataInStage
 .text.USBD_LL_Reset
                0x000000000800630a       0x3e Middlewares/USB_Device_Library/usbd_core.o
                0x000000000800630a                USBD_LL_Reset
 .text.USBD_LL_SetSpeed
                0x0000000008006348        0x6 Middlewares/USB_Device_Library/usbd_core.o
                0x0000000008006348                USBD_LL_SetSpeed
 .text.USBD_LL_Suspend
                0x000000000800634e       0x12 Middlewares/USB_Device_Library/usbd_core.o
                0x000000000800634e                USBD_LL_Suspend
 .text.USBD_LL_Resume
                0x0000000008006360        0xc Middlewares/USB_Device_Library/usbd_core.o
                0x0000000008006360                USBD_LL_Resume
 .text.USBD_LL_SOF
                0x000000000800636c       0x1c Middlewares/USB_Device_Library/usbd_core.o
                0x000000000800636c                USBD_LL_SOF
 .text.USBD_LL_IsoINIncomplete
                0x0000000008006388        0x4 Middlewares/USB_Device_Library/usbd_core.o
                0x0000000008006388                USBD_LL_IsoINIncomplete
 .text.USBD_LL_IsoOUTIncomplete
                0x000000000800638c        0x4 Middlewares/USB_Device_Library/usbd_core.o
                0x000000000800638c                USBD_LL_IsoOUTIncomplete
 .text.USBD_LL_DevConnected
                0x0000000008006390        0x4 Middlewares/USB_Device_Library/usbd_core.o
                0x0000000008006390                USBD_LL_DevConnected
 .text.USBD_LL_DevDisconnected
                0x0000000008006394       0x16 Middlewares/USB_Device_Library/usbd_core.o
                0x0000000008006394                USBD_LL_DevDisconnected
 .text.USBD_GetLen
                0x00000000080063aa       0x14 Middlewares/USB_Device_Library/usbd_ctlreq.o
 .text.USBD_SetFeature
                0x00000000080063be       0x20 Middlewares/USB_Device_Library/usbd_ctlreq.o
 .text.USBD_ParseSetupRequest
                0x00000000080063de       0x28 Middlewares/USB_Device_Library/usbd_ctlreq.o
                0x00000000080063de                USBD_ParseSetupRequest
 .text.USBD_CtlError
                0x0000000008006406       0x14 Middlewares/USB_Device_Library/usbd_ctlreq.o
                0x0000000008006406                USBD_CtlError
 .text.USBD_GetDescriptor
                0x000000000800641a      0x138 Middlewares/USB_Device_Library/usbd_ctlreq.o
 .text.USBD_SetAddress
                0x0000000008006552       0x4a Middlewares/USB_Device_Library/usbd_ctlreq.o
 .text.USBD_SetConfig
                0x000000000800659c       0xa4 Middlewares/USB_Device_Library/usbd_ctlreq.o
 .text.USBD_GetConfig
                0x0000000008006640       0x3a Middlewares/USB_Device_Library/usbd_ctlreq.o
 .text.USBD_GetStatus
                0x000000000800667a       0x2c Middlewares/USB_Device_Library/usbd_ctlreq.o
 .text.USBD_ClrFeature
                0x00000000080066a6       0x30 Middlewares/USB_Device_Library/usbd_ctlreq.o
 .text.USBD_StdDevReq
                0x00000000080066d6       0x48 Middlewares/USB_Device_Library/usbd_ctlreq.o
                0x00000000080066d6                USBD_StdDevReq
 .text.USBD_StdItfReq
                0x000000000800671e       0x38 Middlewares/USB_Device_Library/usbd_ctlreq.o
                0x000000000800671e                USBD_StdItfReq
 .text.USBD_StdEPReq
                0x0000000008006756      0x138 Middlewares/USB_Device_Library/usbd_ctlreq.o
                0x0000000008006756                USBD_StdEPReq
 .text.USBD_GetString
                0x000000000800688e       0x3a Middlewares/USB_Device_Library/usbd_ctlreq.o
                0x000000000800688e                USBD_GetString
 .text.USBD_CUSTOM_HID_GetCfgDesc
                0x00000000080068c8        0xc Middlewares/USB_Device_Library/usbd_customhid.o
 .text.USBD_CUSTOM_HID_DataIn
                0x00000000080068d4        0xc Middlewares/USB_Device_Library/usbd_customhid.o
 .text.USBD_CUSTOM_HID_EP0_RxReady
                0x00000000080068e0       0x20 Middlewares/USB_Device_Library/usbd_customhid.o
 .text.USBD_CUSTOM_HID_GetDeviceQualifierDesc
                0x0000000008006900        0xc Middlewares/USB_Device_Library/usbd_customhid.o
 .text.USBD_CUSTOM_HID_DataOut
                0x000000000800690c       0x24 Middlewares/USB_Device_Library/usbd_customhid.o
 .text.USBD_CUSTOM_HID_Setup
                0x0000000008006930       0xd4 Middlewares/USB_Device_Library/usbd_customhid.o
 .text.USBD_CUSTOM_HID_DeInit
                0x0000000008006a04       0x32 Middlewares/USB_Device_Library/usbd_customhid.o
 .text.USBD_CUSTOM_HID_Init
                0x0000000008006a36       0x4a Middlewares/USB_Device_Library/usbd_customhid.o
 .text.USBD_CUSTOM_HID_SendReport
                0x0000000008006a80       0x2c Middlewares/USB_Device_Library/usbd_customhid.o
                0x0000000008006a80                USBD_CUSTOM_HID_SendReport
 .text.USBD_CUSTOM_HID_RegisterInterface
                0x0000000008006aac        0xe Middlewares/USB_Device_Library/usbd_customhid.o
                0x0000000008006aac                USBD_CUSTOM_HID_RegisterInterface
 .text.USBD_CtlSendData
                0x0000000008006aba       0x1a Middlewares/USB_Device_Library/usbd_ioreq.o
                0x0000000008006aba                USBD_CtlSendData
 .text.USBD_CtlContinueSendData
                0x0000000008006ad4       0x10 Middlewares/USB_Device_Library/usbd_ioreq.o
                0x0000000008006ad4                USBD_CtlContinueSendData
 .text.USBD_CtlPrepareRx
                0x0000000008006ae4       0x1e Middlewares/USB_Device_Library/usbd_ioreq.o
                0x0000000008006ae4                USBD_CtlPrepareRx
 .text.USBD_CtlContinueRx
                0x0000000008006b02       0x10 Middlewares/USB_Device_Library/usbd_ioreq.o
                0x0000000008006b02                USBD_CtlContinueRx
 .text.USBD_CtlSendStatus
                0x0000000008006b12       0x16 Middlewares/USB_Device_Library/usbd_ioreq.o
                0x0000000008006b12                USBD_CtlSendStatus
 .text.USBD_CtlReceiveStatus
                0x0000000008006b28       0x16 Middlewares/USB_Device_Library/usbd_ioreq.o
                0x0000000008006b28                USBD_CtlReceiveStatus
 *fill*         0x0000000008006b3e        0x2 
 .text.__libc_init_array
                0x0000000008006b40       0x48 /home/kbisland/Ac6/SystemWorkbench/plugins/fr.ac6.mcu.externaltools.arm-none.linux64_1.17.0.201812190825/tools/compiler/bin/../lib/gcc/arm-none-eabi/7.3.1/../../../../arm-none-eabi/lib/thumb/v7e-m/fpv5/hard/libc_nano.a(lib_a-init.o)
                0x0000000008006b40                __libc_init_array
 .text.malloc   0x0000000008006b88       0x10 /home/kbisland/Ac6/SystemWorkbench/plugins/fr.ac6.mcu.externaltools.arm-none.linux64_1.17.0.201812190825/tools/compiler/bin/../lib/gcc/arm-none-eabi/7.3.1/../../../../arm-none-eabi/lib/thumb/v7e-m/fpv5/hard/libc_nano.a(lib_a-malloc.o)
                0x0000000008006b88                malloc
 .text.free     0x0000000008006b98       0x10 /home/kbisland/Ac6/SystemWorkbench/plugins/fr.ac6.mcu.externaltools.arm-none.linux64_1.17.0.201812190825/tools/compiler/bin/../lib/gcc/arm-none-eabi/7.3.1/../../../../arm-none-eabi/lib/thumb/v7e-m/fpv5/hard/libc_nano.a(lib_a-malloc.o)
                0x0000000008006b98                free
 .text._free_r  0x0000000008006ba8       0x9c /home/kbisland/Ac6/SystemWorkbench/plugins/fr.ac6.mcu.externaltools.arm-none.linux64_1.17.0.201812190825/tools/compiler/bin/../lib/gcc/arm-none-eabi/7.3.1/../../../../arm-none-eabi/lib/thumb/v7e-m/fpv5/hard/libc_nano.a(lib_a-nano-freer.o)
                0x0000000008006ba8                _free_r
 .text._malloc_r
                0x0000000008006c44       0xb4 /home/kbisland/Ac6/SystemWorkbench/plugins/fr.ac6.mcu.externaltools.arm-none.linux64_1.17.0.201812190825/tools/compiler/bin/../lib/gcc/arm-none-eabi/7.3.1/../../../../arm-none-eabi/lib/thumb/v7e-m/fpv5/hard/libc_nano.a(lib_a-nano-mallocr.o)
                0x0000000008006c44                _malloc_r
 .text._sbrk_r  0x0000000008006cf8       0x20 /home/kbisland/Ac6/SystemWorkbench/plugins/fr.ac6.mcu.externaltools.arm-none.linux64_1.17.0.201812190825/tools/compiler/bin/../lib/gcc/arm-none-eabi/7.3.1/../../../../arm-none-eabi/lib/thumb/v7e-m/fpv5/hard/libc_nano.a(lib_a-sbrkr.o)
                0x0000000008006cf8                _sbrk_r
 .text.__malloc_lock
                0x0000000008006d18        0x2 /home/kbisland/Ac6/SystemWorkbench/plugins/fr.ac6.mcu.externaltools.arm-none.linux64_1.17.0.201812190825/tools/compiler/bin/../lib/gcc/arm-none-eabi/7.3.1/../../../../arm-none-eabi/lib/thumb/v7e-m/fpv5/hard/libc_nano.a(lib_a-mlock.o)
                0x0000000008006d18                __malloc_lock
 .text.__malloc_unlock
                0x0000000008006d1a        0x2 /home/kbisland/Ac6/SystemWorkbench/plugins/fr.ac6.mcu.externaltools.arm-none.linux64_1.17.0.201812190825/tools/compiler/bin/../lib/gcc/arm-none-eabi/7.3.1/../../../../arm-none-eabi/lib/thumb/v7e-m/fpv5/hard/libc_nano.a(lib_a-mlock.o)
                0x0000000008006d1a                __malloc_unlock
 .text._sbrk    0x0000000008006d1c       0x1c /home/kbisland/Ac6/SystemWorkbench/plugins/fr.ac6.mcu.externaltools.arm-none.linux64_1.17.0.201812190825/tools/compiler/bin/../lib/gcc/arm-none-eabi/7.3.1/../../../../arm-none-eabi/lib/thumb/v7e-m/fpv5/hard/libnosys.a(sbrk.o)
                0x0000000008006d1c                _sbrk
 *(.glue_7)
 .glue_7        0x0000000008006d38        0x0 linker stubs
 *(.glue_7t)
 .glue_7t       0x0000000008006d38        0x0 linker stubs
 *(.eh_frame)
 .eh_frame      0x0000000008006d38        0x0 /home/kbisland/Ac6/SystemWorkbench/plugins/fr.ac6.mcu.externaltools.arm-none.linux64_1.17.0.201812190825/tools/compiler/bin/../lib/gcc/arm-none-eabi/7.3.1/thumb/v7e-m/fpv5/hard/crtbegin.o
 *(.init)
 .init          0x0000000008006d38        0x4 /home/kbisland/Ac6/SystemWorkbench/plugins/fr.ac6.mcu.externaltools.arm-none.linux64_1.17.0.201812190825/tools/compiler/bin/../lib/gcc/arm-none-eabi/7.3.1/thumb/v7e-m/fpv5/hard/crti.o
                0x0000000008006d38                _init
 .init          0x0000000008006d3c        0x8 /home/kbisland/Ac6/SystemWorkbench/plugins/fr.ac6.mcu.externaltools.arm-none.linux64_1.17.0.201812190825/tools/compiler/bin/../lib/gcc/arm-none-eabi/7.3.1/thumb/v7e-m/fpv5/hard/crtn.o
 *(.fini)
 .fini          0x0000000008006d44        0x4 /home/kbisland/Ac6/SystemWorkbench/plugins/fr.ac6.mcu.externaltools.arm-none.linux64_1.17.0.201812190825/tools/compiler/bin/../lib/gcc/arm-none-eabi/7.3.1/thumb/v7e-m/fpv5/hard/crti.o
                0x0000000008006d44                _fini
 .fini          0x0000000008006d48        0x8 /home/kbisland/Ac6/SystemWorkbench/plugins/fr.ac6.mcu.externaltools.arm-none.linux64_1.17.0.201812190825/tools/compiler/bin/../lib/gcc/arm-none-eabi/7.3.1/thumb/v7e-m/fpv5/hard/crtn.o
                0x0000000008006d50                . = ALIGN (0x4)
                0x0000000008006d50                _etext = .

.vfp11_veneer   0x0000000008006d50        0x0
 .vfp11_veneer  0x0000000008006d50        0x0 linker stubs

.v4_bx          0x0000000008006d50        0x0
 .v4_bx         0x0000000008006d50        0x0 linker stubs

.iplt           0x0000000008006d50        0x0
 .iplt          0x0000000008006d50        0x0 /home/kbisland/Ac6/SystemWorkbench/plugins/fr.ac6.mcu.externaltools.arm-none.linux64_1.17.0.201812190825/tools/compiler/bin/../lib/gcc/arm-none-eabi/7.3.1/thumb/v7e-m/fpv5/hard/crtbegin.o

.rodata         0x0000000008006d50      0x10c
                0x0000000008006d50                . = ALIGN (0x4)
 *(.rodata)
 .rodata        0x0000000008006d50       0x10 Drivers/CMSIS/system_stm32h7xx.o
                0x0000000008006d50                D1CorePrescTable
 .rodata        0x0000000008006d60       0x18 Drivers/STM32H7xx_HAL_Driver/stm32h7xx_hal_uart.o
 *(.rodata*)
 .rodata.str1.4
                0x0000000008006d78       0x35 Application/User/main.o
 *fill*         0x0000000008006dad        0x3 
 .rodata.str1.4
                0x0000000008006db0       0x3a Application/User/usbd_conf.o
 *fill*         0x0000000008006dea        0x2 
 .rodata.str1.4
                0x0000000008006dec       0x70 Application/User/usbd_desc.o
                                         0x6d (size before relaxing)
                0x0000000008006e5c                . = ALIGN (0x4)

.ARM.extab
 *(.ARM.extab* .gnu.linkonce.armextab.*)

.ARM            0x0000000008006e5c        0x8
                0x0000000008006e5c                __exidx_start = .
 *(.ARM.exidx*)
 .ARM.exidx     0x0000000008006e5c        0x8 /home/kbisland/Ac6/SystemWorkbench/plugins/fr.ac6.mcu.externaltools.arm-none.linux64_1.17.0.201812190825/tools/compiler/bin/../lib/gcc/arm-none-eabi/7.3.1/thumb/v7e-m/fpv5/hard/libgcc.a(_udivmoddi4.o)
                0x0000000008006e64                __exidx_end = .

.rel.dyn        0x0000000008006e64        0x0
 .rel.iplt      0x0000000008006e64        0x0 /home/kbisland/Ac6/SystemWorkbench/plugins/fr.ac6.mcu.externaltools.arm-none.linux64_1.17.0.201812190825/tools/compiler/bin/../lib/gcc/arm-none-eabi/7.3.1/thumb/v7e-m/fpv5/hard/crtbegin.o

.preinit_array  0x0000000008006e64        0x0
                0x0000000008006e64                PROVIDE (__preinit_array_start = .)
 *(.preinit_array*)
                0x0000000008006e64                PROVIDE (__preinit_array_end = .)

.init_array     0x0000000008006e64        0x4
                0x0000000008006e64                PROVIDE (__init_array_start = .)
 *(SORT_BY_NAME(.init_array.*))
 *(.init_array*)
 .init_array    0x0000000008006e64        0x4 /home/kbisland/Ac6/SystemWorkbench/plugins/fr.ac6.mcu.externaltools.arm-none.linux64_1.17.0.201812190825/tools/compiler/bin/../lib/gcc/arm-none-eabi/7.3.1/thumb/v7e-m/fpv5/hard/crtbegin.o
                0x0000000008006e68                PROVIDE (__init_array_end = .)

.fini_array     0x0000000008006e68        0x4
                [!provide]                        PROVIDE (__fini_array_start = .)
 *(SORT_BY_NAME(.fini_array.*))
 *(.fini_array*)
 .fini_array    0x0000000008006e68        0x4 /home/kbisland/Ac6/SystemWorkbench/plugins/fr.ac6.mcu.externaltools.arm-none.linux64_1.17.0.201812190825/tools/compiler/bin/../lib/gcc/arm-none-eabi/7.3.1/thumb/v7e-m/fpv5/hard/crtbegin.o
                [!provide]                        PROVIDE (__fini_array_end = .)
                0x0000000008006e6c                _sidata = LOADADDR (.data)

.data           0x0000000020000000      0x204 load address 0x0000000008006e6c
                0x0000000020000000                . = ALIGN (0x4)
                0x0000000020000000                _sdata = .
 *(.data)
 .data          0x0000000020000000        0xa Application/User/main.o
                0x0000000020000000                SendData
 *fill*         0x000000002000000a        0x2 
 .data          0x000000002000000c       0xa0 Application/User/usbd_custom_hid_if.o
                0x000000002000000c                USBD_CustomHID_fops_HS
                0x000000002000001c                USBD_CustomHID_fops_FS
 .data          0x00000000200000ac       0x64 Application/User/usbd_desc.o
                0x00000000200000ac                USBD_HS_DeviceDesc
                0x00000000200000c0                USBD_LangIDDesc
                0x00000000200000c4                USBD_FS_DeviceDesc
                0x00000000200000d8                HS_Desc
                0x00000000200000f4                FS_Desc
 .data          0x0000000020000110        0x8 Drivers/CMSIS/system_stm32h7xx.o
                0x0000000020000110                SystemCoreClock
                0x0000000020000114                SystemD2Clock
 .data          0x0000000020000118        0x8 Drivers/STM32H7xx_HAL_Driver/stm32h7xx_hal.o
 .data          0x0000000020000120       0x80 Middlewares/USB_Device_Library/usbd_customhid.o
                0x0000000020000164                USBD_CUSTOM_HID
 *(.data*)
 .data._impure_ptr
                0x00000000200001a0        0x4 /home/kbisland/Ac6/SystemWorkbench/plugins/fr.ac6.mcu.externaltools.arm-none.linux64_1.17.0.201812190825/tools/compiler/bin/../lib/gcc/arm-none-eabi/7.3.1/../../../../arm-none-eabi/lib/thumb/v7e-m/fpv5/hard/libc_nano.a(lib_a-impure.o)
                0x00000000200001a0                _impure_ptr
 .data.impure_data
                0x00000000200001a4       0x60 /home/kbisland/Ac6/SystemWorkbench/plugins/fr.ac6.mcu.externaltools.arm-none.linux64_1.17.0.201812190825/tools/compiler/bin/../lib/gcc/arm-none-eabi/7.3.1/../../../../arm-none-eabi/lib/thumb/v7e-m/fpv5/hard/libc_nano.a(lib_a-impure.o)
                0x0000000020000204                . = ALIGN (0x4)
                0x0000000020000204                _edata = .

.igot.plt       0x0000000020000204        0x0 load address 0x0000000008007070
 .igot.plt      0x0000000020000204        0x0 /home/kbisland/Ac6/SystemWorkbench/plugins/fr.ac6.mcu.externaltools.arm-none.linux64_1.17.0.201812190825/tools/compiler/bin/../lib/gcc/arm-none-eabi/7.3.1/thumb/v7e-m/fpv5/hard/crtbegin.o
                0x0000000020000204                . = ALIGN (0x4)

.bss            0x0000000020000204     0x12e8 load address 0x0000000008007070
                0x0000000020000204                _sbss = .
                0x0000000020000204                __bss_start__ = _sbss
 *(.bss)
 .bss           0x0000000020000204       0x1c /home/kbisland/Ac6/SystemWorkbench/plugins/fr.ac6.mcu.externaltools.arm-none.linux64_1.17.0.201812190825/tools/compiler/bin/../lib/gcc/arm-none-eabi/7.3.1/thumb/v7e-m/fpv5/hard/crtbegin.o
 .bss           0x0000000020000220       0x90 Application/User/main.o
                0x0000000020000220                motorSetPoints
                0x0000000020000260                RetData
                0x000000002000026c                TailSetpoint
                0x00000000200002ac                motor
 .bss           0x00000000200002b0        0x4 Drivers/STM32H7xx_HAL_Driver/stm32h7xx_hal.o
 .bss           0x00000000200002b4        0x1 Middlewares/USB_Device_Library/usbd_ctlreq.o
 *(.bss*)
 *fill*         0x00000000200002b5        0x3 
 .bss.__malloc_free_list
                0x00000000200002b8        0x4 /home/kbisland/Ac6/SystemWorkbench/plugins/fr.ac6.mcu.externaltools.arm-none.linux64_1.17.0.201812190825/tools/compiler/bin/../lib/gcc/arm-none-eabi/7.3.1/../../../../arm-none-eabi/lib/thumb/v7e-m/fpv5/hard/libc_nano.a(lib_a-nano-mallocr.o)
                0x00000000200002b8                __malloc_free_list
 .bss.__malloc_sbrk_start
                0x00000000200002bc        0x4 /home/kbisland/Ac6/SystemWorkbench/plugins/fr.ac6.mcu.externaltools.arm-none.linux64_1.17.0.201812190825/tools/compiler/bin/../lib/gcc/arm-none-eabi/7.3.1/../../../../arm-none-eabi/lib/thumb/v7e-m/fpv5/hard/libc_nano.a(lib_a-nano-mallocr.o)
                0x00000000200002bc                __malloc_sbrk_start
 .bss.heap_end.5377
                0x00000000200002c0        0x4 /home/kbisland/Ac6/SystemWorkbench/plugins/fr.ac6.mcu.externaltools.arm-none.linux64_1.17.0.201812190825/tools/compiler/bin/../lib/gcc/arm-none-eabi/7.3.1/../../../../arm-none-eabi/lib/thumb/v7e-m/fpv5/hard/libnosys.a(sbrk.o)
 *(COMMON)
 COMMON         0x00000000200002c4      0x3da Application/User/main.o
                0x00000000200002c4                Angle
                0x00000000200002c8                LegData
                0x00000000200002f0                usb_rx_buffer
                0x0000000020000330                SPI5_RxBuffer
                0x000000002000033c                hspi2
                0x00000000200003c4                hspi6
                0x000000002000044c                SPI3_RxBuffer
                0x0000000020000458                hspi3
                0x00000000200004e0                SPI2_RxBuffer
                0x00000000200004ec                huart1
                0x000000002000056c                hspi4
                0x00000000200005f4                SPI1_RxBuffer
                0x0000000020000600                hspi1
                0x0000000020000688                SPI4_RxBuffer
                0x0000000020000694                SPI6_RxBuffer
 *fill*         0x000000002000069e        0x2 
 COMMON         0x00000000200006a0      0x448 Application/User/usb_device.o
                0x00000000200006a0                hUsbDeviceFS
                0x00000000200008c4                hUsbDeviceHS
 COMMON         0x0000000020000ae8      0x800 Application/User/usbd_conf.o
                0x0000000020000ae8                hpcd_USB_OTG_HS
                0x0000000020000ee8                hpcd_USB_OTG_FS
 COMMON         0x00000000200012e8      0x200 Application/User/usbd_desc.o
                0x00000000200012e8                USBD_StrDesc
 COMMON         0x00000000200014e8        0x4 /home/kbisland/Ac6/SystemWorkbench/plugins/fr.ac6.mcu.externaltools.arm-none.linux64_1.17.0.201812190825/tools/compiler/bin/../lib/gcc/arm-none-eabi/7.3.1/../../../../arm-none-eabi/lib/thumb/v7e-m/fpv5/hard/libc_nano.a(lib_a-reent.o)
                0x00000000200014e8                errno
                0x00000000200014ec                . = ALIGN (0x4)
                0x00000000200014ec                _ebss = .
                0x00000000200014ec                __bss_end__ = _ebss

._user_heap_stack
                0x00000000200014ec      0x604 load address 0x0000000008007070
                0x00000000200014f0                . = ALIGN (0x8)
 *fill*         0x00000000200014ec        0x4 
                0x00000000200014f0                PROVIDE (end = .)
                [!provide]                        PROVIDE (_end = .)
                0x00000000200016f0                . = (. + _Min_Heap_Size)
 *fill*         0x00000000200014f0      0x200 
                0x0000000020001af0                . = (. + _Min_Stack_Size)
 *fill*         0x00000000200016f0      0x400 
                0x0000000020001af0                . = ALIGN (0x8)

/DISCARD/
 libc.a(*)
 libm.a(*)
 libgcc.a(*)

.ARM.attributes
                0x0000000000000000       0x2e
 *(.ARM.attributes)
 .ARM.attributes
                0x0000000000000000       0x20 /home/kbisland/Ac6/SystemWorkbench/plugins/fr.ac6.mcu.externaltools.arm-none.linux64_1.17.0.201812190825/tools/compiler/bin/../lib/gcc/arm-none-eabi/7.3.1/thumb/v7e-m/fpv5/hard/crti.o
 .ARM.attributes
                0x0000000000000020       0x32 /home/kbisland/Ac6/SystemWorkbench/plugins/fr.ac6.mcu.externaltools.arm-none.linux64_1.17.0.201812190825/tools/compiler/bin/../lib/gcc/arm-none-eabi/7.3.1/thumb/v7e-m/fpv5/hard/crtbegin.o
 .ARM.attributes
                0x0000000000000052       0x21 Application/SW4STM32/startup_stm32h753xx.o
 .ARM.attributes
                0x0000000000000073       0x37 Application/User/main.o
 .ARM.attributes
                0x00000000000000aa       0x37 Application/User/stm32h7xx_hal_msp.o
 .ARM.attributes
                0x00000000000000e1       0x37 Application/User/stm32h7xx_it.o
 .ARM.attributes
                0x0000000000000118       0x37 Application/User/usb_device.o
 .ARM.attributes
                0x000000000000014f       0x37 Application/User/usbd_conf.o
 .ARM.attributes
                0x0000000000000186       0x37 Application/User/usbd_custom_hid_if.o
 .ARM.attributes
                0x00000000000001bd       0x37 Application/User/usbd_desc.o
 .ARM.attributes
                0x00000000000001f4       0x37 Drivers/CMSIS/system_stm32h7xx.o
 .ARM.attributes
                0x000000000000022b       0x37 Drivers/STM32H7xx_HAL_Driver/stm32h7xx_hal.o
 .ARM.attributes
                0x0000000000000262       0x37 Drivers/STM32H7xx_HAL_Driver/stm32h7xx_hal_cortex.o
 .ARM.attributes
                0x0000000000000299       0x37 Drivers/STM32H7xx_HAL_Driver/stm32h7xx_hal_gpio.o
 .ARM.attributes
                0x00000000000002d0       0x37 Drivers/STM32H7xx_HAL_Driver/stm32h7xx_hal_pcd.o
 .ARM.attributes
                0x0000000000000307       0x37 Drivers/STM32H7xx_HAL_Driver/stm32h7xx_hal_pcd_ex.o
 .ARM.attributes
                0x000000000000033e       0x37 Drivers/STM32H7xx_HAL_Driver/stm32h7xx_hal_pwr_ex.o
 .ARM.attributes
                0x0000000000000375       0x37 Drivers/STM32H7xx_HAL_Driver/stm32h7xx_hal_rcc.o
 .ARM.attributes
                0x00000000000003ac       0x37 Drivers/STM32H7xx_HAL_Driver/stm32h7xx_hal_rcc_ex.o
 .ARM.attributes
                0x00000000000003e3       0x37 Drivers/STM32H7xx_HAL_Driver/stm32h7xx_hal_spi.o
 .ARM.attributes
                0x000000000000041a       0x37 Drivers/STM32H7xx_HAL_Driver/stm32h7xx_hal_uart.o
 .ARM.attributes
                0x0000000000000451       0x37 Drivers/STM32H7xx_HAL_Driver/stm32h7xx_ll_usb.o
 .ARM.attributes
                0x0000000000000488       0x37 Middlewares/USB_Device_Library/usbd_core.o
 .ARM.attributes
                0x00000000000004bf       0x37 Middlewares/USB_Device_Library/usbd_ctlreq.o
 .ARM.attributes
                0x00000000000004f6       0x37 Middlewares/USB_Device_Library/usbd_customhid.o
 .ARM.attributes
                0x000000000000052d       0x37 Middlewares/USB_Device_Library/usbd_ioreq.o
 .ARM.attributes
                0x0000000000000564       0x20 /home/kbisland/Ac6/SystemWorkbench/plugins/fr.ac6.mcu.externaltools.arm-none.linux64_1.17.0.201812190825/tools/compiler/bin/../lib/gcc/arm-none-eabi/7.3.1/thumb/v7e-m/fpv5/hard/libgcc.a(_aeabi_uldivmod.o)
 .ARM.attributes
                0x0000000000000584       0x32 /home/kbisland/Ac6/SystemWorkbench/plugins/fr.ac6.mcu.externaltools.arm-none.linux64_1.17.0.201812190825/tools/compiler/bin/../lib/gcc/arm-none-eabi/7.3.1/thumb/v7e-m/fpv5/hard/libgcc.a(_udivmoddi4.o)
 .ARM.attributes
                0x00000000000005b6       0x20 /home/kbisland/Ac6/SystemWorkbench/plugins/fr.ac6.mcu.externaltools.arm-none.linux64_1.17.0.201812190825/tools/compiler/bin/../lib/gcc/arm-none-eabi/7.3.1/thumb/v7e-m/fpv5/hard/libgcc.a(_dvmd_tls.o)
 .ARM.attributes
                0x00000000000005d6       0x32 /home/kbisland/Ac6/SystemWorkbench/plugins/fr.ac6.mcu.externaltools.arm-none.linux64_1.17.0.201812190825/tools/compiler/bin/../lib/gcc/arm-none-eabi/7.3.1/../../../../arm-none-eabi/lib/thumb/v7e-m/fpv5/hard/libc_nano.a(lib_a-impure.o)
 .ARM.attributes
                0x0000000000000608       0x32 /home/kbisland/Ac6/SystemWorkbench/plugins/fr.ac6.mcu.externaltools.arm-none.linux64_1.17.0.201812190825/tools/compiler/bin/../lib/gcc/arm-none-eabi/7.3.1/../../../../arm-none-eabi/lib/thumb/v7e-m/fpv5/hard/libc_nano.a(lib_a-init.o)
 .ARM.attributes
                0x000000000000063a       0x32 /home/kbisland/Ac6/SystemWorkbench/plugins/fr.ac6.mcu.externaltools.arm-none.linux64_1.17.0.201812190825/tools/compiler/bin/../lib/gcc/arm-none-eabi/7.3.1/../../../../arm-none-eabi/lib/thumb/v7e-m/fpv5/hard/libc_nano.a(lib_a-malloc.o)
 .ARM.attributes
                0x000000000000066c       0x32 /home/kbisland/Ac6/SystemWorkbench/plugins/fr.ac6.mcu.externaltools.arm-none.linux64_1.17.0.201812190825/tools/compiler/bin/../lib/gcc/arm-none-eabi/7.3.1/../../../../arm-none-eabi/lib/thumb/v7e-m/fpv5/hard/libc_nano.a(lib_a-nano-freer.o)
 .ARM.attributes
                0x000000000000069e       0x32 /home/kbisland/Ac6/SystemWorkbench/plugins/fr.ac6.mcu.externaltools.arm-none.linux64_1.17.0.201812190825/tools/compiler/bin/../lib/gcc/arm-none-eabi/7.3.1/../../../../arm-none-eabi/lib/thumb/v7e-m/fpv5/hard/libc_nano.a(lib_a-nano-mallocr.o)
 .ARM.attributes
                0x00000000000006d0       0x32 /home/kbisland/Ac6/SystemWorkbench/plugins/fr.ac6.mcu.externaltools.arm-none.linux64_1.17.0.201812190825/tools/compiler/bin/../lib/gcc/arm-none-eabi/7.3.1/../../../../arm-none-eabi/lib/thumb/v7e-m/fpv5/hard/libc_nano.a(lib_a-sbrkr.o)
 .ARM.attributes
                0x0000000000000702       0x32 /home/kbisland/Ac6/SystemWorkbench/plugins/fr.ac6.mcu.externaltools.arm-none.linux64_1.17.0.201812190825/tools/compiler/bin/../lib/gcc/arm-none-eabi/7.3.1/../../../../arm-none-eabi/lib/thumb/v7e-m/fpv5/hard/libc_nano.a(lib_a-mlock.o)
 .ARM.attributes
                0x0000000000000734       0x32 /home/kbisland/Ac6/SystemWorkbench/plugins/fr.ac6.mcu.externaltools.arm-none.linux64_1.17.0.201812190825/tools/compiler/bin/../lib/gcc/arm-none-eabi/7.3.1/../../../../arm-none-eabi/lib/thumb/v7e-m/fpv5/hard/libc_nano.a(lib_a-reent.o)
 .ARM.attributes
                0x0000000000000766       0x32 /home/kbisland/Ac6/SystemWorkbench/plugins/fr.ac6.mcu.externaltools.arm-none.linux64_1.17.0.201812190825/tools/compiler/bin/../lib/gcc/arm-none-eabi/7.3.1/../../../../arm-none-eabi/lib/thumb/v7e-m/fpv5/hard/libnosys.a(sbrk.o)
 .ARM.attributes
                0x0000000000000798       0x20 /home/kbisland/Ac6/SystemWorkbench/plugins/fr.ac6.mcu.externaltools.arm-none.linux64_1.17.0.201812190825/tools/compiler/bin/../lib/gcc/arm-none-eabi/7.3.1/thumb/v7e-m/fpv5/hard/crtn.o
OUTPUT(SmallKatMQP_Motherboard_V2.elf elf32-littlearm)

.debug_line     0x0000000000000000    0x11abd
 .debug_line    0x0000000000000000       0xa7 Application/SW4STM32/startup_stm32h753xx.o
 .debug_line    0x00000000000000a7      0xd96 Application/User/main.o
 .debug_line    0x0000000000000e3d      0x966 Application/User/stm32h7xx_hal_msp.o
 .debug_line    0x00000000000017a3      0x953 Application/User/stm32h7xx_it.o
 .debug_line    0x00000000000020f6      0xa4f Application/User/usb_device.o
 .debug_line    0x0000000000002b45      0xc2e Application/User/usbd_conf.o
 .debug_line    0x0000000000003773      0xa85 Application/User/usbd_custom_hid_if.o
 .debug_line    0x00000000000041f8      0xaad Application/User/usbd_desc.o
 .debug_line    0x0000000000004ca5      0x8fb Drivers/CMSIS/system_stm32h7xx.o
 .debug_line    0x00000000000055a0      0xc68 Drivers/STM32H7xx_HAL_Driver/stm32h7xx_hal.o
 .debug_line    0x0000000000006208      0xb0f Drivers/STM32H7xx_HAL_Driver/stm32h7xx_hal_cortex.o
 .debug_line    0x0000000000006d17      0xa34 Drivers/STM32H7xx_HAL_Driver/stm32h7xx_hal_gpio.o
 .debug_line    0x000000000000774b      0xdd1 Drivers/STM32H7xx_HAL_Driver/stm32h7xx_hal_pcd.o
 .debug_line    0x000000000000851c      0x98c Drivers/STM32H7xx_HAL_Driver/stm32h7xx_hal_pcd_ex.o
 .debug_line    0x0000000000008ea8      0xc32 Drivers/STM32H7xx_HAL_Driver/stm32h7xx_hal_pwr_ex.o
 .debug_line    0x0000000000009ada      0xc83 Drivers/STM32H7xx_HAL_Driver/stm32h7xx_hal_rcc.o
 .debug_line    0x000000000000a75d      0xfa4 Drivers/STM32H7xx_HAL_Driver/stm32h7xx_hal_rcc_ex.o
 .debug_line    0x000000000000b701     0x1323 Drivers/STM32H7xx_HAL_Driver/stm32h7xx_hal_spi.o
 .debug_line    0x000000000000ca24     0x14d7 Drivers/STM32H7xx_HAL_Driver/stm32h7xx_hal_uart.o
 .debug_line    0x000000000000defb      0xea8 Drivers/STM32H7xx_HAL_Driver/stm32h7xx_ll_usb.o
 .debug_line    0x000000000000eda3      0xbb3 Middlewares/USB_Device_Library/usbd_core.o
 .debug_line    0x000000000000f956      0xbc0 Middlewares/USB_Device_Library/usbd_ctlreq.o
 .debug_line    0x0000000000010516      0xb71 Middlewares/USB_Device_Library/usbd_customhid.o
 .debug_line    0x0000000000011087      0xa36 Middlewares/USB_Device_Library/usbd_ioreq.o

.debug_info     0x0000000000000000    0x25d1f
 .debug_info    0x0000000000000000       0x22 Application/SW4STM32/startup_stm32h753xx.o
 .debug_info    0x0000000000000022     0x3a39 Application/User/main.o
 .debug_info    0x0000000000003a5b     0x1f63 Application/User/stm32h7xx_hal_msp.o
 .debug_info    0x00000000000059be      0xf36 Application/User/stm32h7xx_it.o
 .debug_info    0x00000000000068f4      0xf6c Application/User/usb_device.o
 .debug_info    0x0000000000007860     0x2989 Application/User/usbd_conf.o
 .debug_info    0x000000000000a1e9      0xf9c Application/User/usbd_custom_hid_if.o
 .debug_info    0x000000000000b185     0x1080 Application/User/usbd_desc.o
 .debug_info    0x000000000000c205     0x1198 Drivers/CMSIS/system_stm32h7xx.o
 .debug_info    0x000000000000d39d     0x1d51 Drivers/STM32H7xx_HAL_Driver/stm32h7xx_hal.o
 .debug_info    0x000000000000f0ee     0x1ad2 Drivers/STM32H7xx_HAL_Driver/stm32h7xx_hal_cortex.o
 .debug_info    0x0000000000010bc0     0x14a9 Drivers/STM32H7xx_HAL_Driver/stm32h7xx_hal_gpio.o
 .debug_info    0x0000000000012069     0x1e56 Drivers/STM32H7xx_HAL_Driver/stm32h7xx_hal_pcd.o
 .debug_info    0x0000000000013ebf     0x1308 Drivers/STM32H7xx_HAL_Driver/stm32h7xx_hal_pcd_ex.o
 .debug_info    0x00000000000151c7     0x16ed Drivers/STM32H7xx_HAL_Driver/stm32h7xx_hal_pwr_ex.o
 .debug_info    0x00000000000168b4     0x1b12 Drivers/STM32H7xx_HAL_Driver/stm32h7xx_hal_rcc.o
 .debug_info    0x00000000000183c6     0x218b Drivers/STM32H7xx_HAL_Driver/stm32h7xx_hal_rcc_ex.o
 .debug_info    0x000000000001a551     0x2166 Drivers/STM32H7xx_HAL_Driver/stm32h7xx_hal_spi.o
 .debug_info    0x000000000001c6b7     0x2759 Drivers/STM32H7xx_HAL_Driver/stm32h7xx_hal_uart.o
 .debug_info    0x000000000001ee10     0x1f6b Drivers/STM32H7xx_HAL_Driver/stm32h7xx_ll_usb.o
 .debug_info    0x0000000000020d7b     0x1500 Middlewares/USB_Device_Library/usbd_core.o
 .debug_info    0x000000000002227b     0x16c1 Middlewares/USB_Device_Library/usbd_ctlreq.o
 .debug_info    0x000000000002393c     0x13ba Middlewares/USB_Device_Library/usbd_customhid.o
 .debug_info    0x0000000000024cf6     0x1029 Middlewares/USB_Device_Library/usbd_ioreq.o

.debug_abbrev   0x0000000000000000     0x44c3
 .debug_abbrev  0x0000000000000000       0x12 Application/SW4STM32/startup_stm32h753xx.o
 .debug_abbrev  0x0000000000000012      0x341 Application/User/main.o
 .debug_abbrev  0x0000000000000353      0x2a8 Application/User/stm32h7xx_hal_msp.o
 .debug_abbrev  0x00000000000005fb      0x24a Application/User/stm32h7xx_it.o
 .debug_abbrev  0x0000000000000845      0x238 Application/User/usb_device.o
 .debug_abbrev  0x0000000000000a7d      0x2fc Application/User/usbd_conf.o
 .debug_abbrev  0x0000000000000d79      0x2a0 Application/User/usbd_custom_hid_if.o
 .debug_abbrev  0x0000000000001019      0x26f Application/User/usbd_desc.o
 .debug_abbrev  0x0000000000001288      0x274 Drivers/CMSIS/system_stm32h7xx.o
 .debug_abbrev  0x00000000000014fc      0x37b Drivers/STM32H7xx_HAL_Driver/stm32h7xx_hal.o
 .debug_abbrev  0x0000000000001877      0x3fd Drivers/STM32H7xx_HAL_Driver/stm32h7xx_hal_cortex.o
 .debug_abbrev  0x0000000000001c74      0x2e1 Drivers/STM32H7xx_HAL_Driver/stm32h7xx_hal_gpio.o
 .debug_abbrev  0x0000000000001f55      0x358 Drivers/STM32H7xx_HAL_Driver/stm32h7xx_hal_pcd.o
 .debug_abbrev  0x00000000000022ad      0x31e Drivers/STM32H7xx_HAL_Driver/stm32h7xx_hal_pcd_ex.o
 .debug_abbrev  0x00000000000025cb      0x37f Drivers/STM32H7xx_HAL_Driver/stm32h7xx_hal_pwr_ex.o
 .debug_abbrev  0x000000000000294a      0x35a Drivers/STM32H7xx_HAL_Driver/stm32h7xx_hal_rcc.o
 .debug_abbrev  0x0000000000002ca4      0x389 Drivers/STM32H7xx_HAL_Driver/stm32h7xx_hal_rcc_ex.o
 .debug_abbrev  0x000000000000302d      0x312 Drivers/STM32H7xx_HAL_Driver/stm32h7xx_hal_spi.o
 .debug_abbrev  0x000000000000333f      0x33d Drivers/STM32H7xx_HAL_Driver/stm32h7xx_hal_uart.o
 .debug_abbrev  0x000000000000367c      0x315 Drivers/STM32H7xx_HAL_Driver/stm32h7xx_ll_usb.o
 .debug_abbrev  0x0000000000003991      0x2bb Middlewares/USB_Device_Library/usbd_core.o
 .debug_abbrev  0x0000000000003c4c      0x338 Middlewares/USB_Device_Library/usbd_ctlreq.o
 .debug_abbrev  0x0000000000003f84      0x31b Middlewares/USB_Device_Library/usbd_customhid.o
 .debug_abbrev  0x000000000000429f      0x224 Middlewares/USB_Device_Library/usbd_ioreq.o

.debug_aranges  0x0000000000000000     0x1160
 .debug_aranges
                0x0000000000000000       0x28 Application/SW4STM32/startup_stm32h753xx.o
 .debug_aranges
                0x0000000000000028       0x70 Application/User/main.o
 .debug_aranges
                0x0000000000000098       0x40 Application/User/stm32h7xx_hal_msp.o
 .debug_aranges
                0x00000000000000d8       0x70 Application/User/stm32h7xx_it.o
 .debug_aranges
                0x0000000000000148       0x20 Application/User/usb_device.o
 .debug_aranges
                0x0000000000000168       0xf8 Application/User/usbd_conf.o
 .debug_aranges
                0x0000000000000260       0x48 Application/User/usbd_custom_hid_if.o
 .debug_aranges
                0x00000000000002a8       0x88 Application/User/usbd_desc.o
 .debug_aranges
                0x0000000000000330       0x28 Drivers/CMSIS/system_stm32h7xx.o
 .debug_aranges
                0x0000000000000358      0x1a0 Drivers/STM32H7xx_HAL_Driver/stm32h7xx_hal.o
 .debug_aranges
                0x00000000000004f8       0xb0 Drivers/STM32H7xx_HAL_Driver/stm32h7xx_hal_cortex.o
 .debug_aranges
                0x00000000000005a8       0x58 Drivers/STM32H7xx_HAL_Driver/stm32h7xx_hal_gpio.o
 .debug_aranges
                0x0000000000000600      0x120 Drivers/STM32H7xx_HAL_Driver/stm32h7xx_hal_pcd.o
 .debug_aranges
                0x0000000000000720       0x60 Drivers/STM32H7xx_HAL_Driver/stm32h7xx_hal_pcd_ex.o
 .debug_aranges
                0x0000000000000780      0x150 Drivers/STM32H7xx_HAL_Driver/stm32h7xx_hal_pwr_ex.o
 .debug_aranges
                0x00000000000008d0       0x80 Drivers/STM32H7xx_HAL_Driver/stm32h7xx_hal_rcc.o
 .debug_aranges
                0x0000000000000950       0xe0 Drivers/STM32H7xx_HAL_Driver/stm32h7xx_hal_rcc_ex.o
 .debug_aranges
                0x0000000000000a30      0x1d0 Drivers/STM32H7xx_HAL_Driver/stm32h7xx_hal_spi.o
 .debug_aranges
                0x0000000000000c00      0x1e8 Drivers/STM32H7xx_HAL_Driver/stm32h7xx_hal_uart.o
 .debug_aranges
                0x0000000000000de8      0x180 Drivers/STM32H7xx_HAL_Driver/stm32h7xx_ll_usb.o
 .debug_aranges
                0x0000000000000f68       0xb8 Middlewares/USB_Device_Library/usbd_core.o
 .debug_aranges
                0x0000000000001020       0x88 Middlewares/USB_Device_Library/usbd_ctlreq.o
 .debug_aranges
                0x00000000000010a8       0x68 Middlewares/USB_Device_Library/usbd_customhid.o
 .debug_aranges
                0x0000000000001110       0x50 Middlewares/USB_Device_Library/usbd_ioreq.o

.debug_str      0x0000000000000000   0x1451e6
 .debug_str     0x0000000000000000       0xac Application/SW4STM32/startup_stm32h753xx.o
 .debug_str     0x00000000000000ac   0x1404ff Application/User/main.o
                                     0x140c35 (size before relaxing)
 .debug_str     0x00000000001405ab       0xcc Application/User/stm32h7xx_hal_msp.o
                                     0x13f3a8 (size before relaxing)
 .debug_str     0x0000000000140677      0x4a5 Application/User/stm32h7xx_it.o
                                     0x13e4f9 (size before relaxing)
 .debug_str     0x0000000000140b1c       0xca Application/User/usb_device.o
                                     0x13f16d (size before relaxing)
 .debug_str     0x0000000000140be6      0x5f5 Application/User/usbd_conf.o
                                     0x140317 (size before relaxing)
 .debug_str     0x00000000001411db       0xfd Application/User/usbd_custom_hid_if.o
                                     0x13f1ad (size before relaxing)
 .debug_str     0x00000000001412d8      0x420 Application/User/usbd_desc.o
                                     0x13efa9 (size before relaxing)
 .debug_str     0x00000000001416f8       0xb9 Drivers/CMSIS/system_stm32h7xx.o
                                     0x13e3dc (size before relaxing)
 .debug_str     0x00000000001417b1      0x8b7 Drivers/STM32H7xx_HAL_Driver/stm32h7xx_hal.o
                                     0x13f49c (size before relaxing)
 .debug_str     0x0000000000142068      0x34c Drivers/STM32H7xx_HAL_Driver/stm32h7xx_hal_cortex.o
                                     0x13eea4 (size before relaxing)
 .debug_str     0x00000000001423b4      0x1e8 Drivers/STM32H7xx_HAL_Driver/stm32h7xx_hal_gpio.o
                                     0x13e678 (size before relaxing)
 .debug_str     0x000000000014259c      0x57d Drivers/STM32H7xx_HAL_Driver/stm32h7xx_hal_pcd.o
                                     0x13ebf7 (size before relaxing)
 .debug_str     0x0000000000142b19      0x198 Drivers/STM32H7xx_HAL_Driver/stm32h7xx_hal_pcd_ex.o
                                     0x13e705 (size before relaxing)
 .debug_str     0x0000000000142cb1      0x5c5 Drivers/STM32H7xx_HAL_Driver/stm32h7xx_hal_pwr_ex.o
                                     0x13e937 (size before relaxing)
 .debug_str     0x0000000000143276      0x340 Drivers/STM32H7xx_HAL_Driver/stm32h7xx_hal_rcc.o
                                     0x13e89a (size before relaxing)
 .debug_str     0x00000000001435b6      0x5fe Drivers/STM32H7xx_HAL_Driver/stm32h7xx_hal_rcc_ex.o
                                     0x13ec9c (size before relaxing)
 .debug_str     0x0000000000143bb4      0x570 Drivers/STM32H7xx_HAL_Driver/stm32h7xx_hal_spi.o
                                     0x13ec18 (size before relaxing)
 .debug_str     0x0000000000144124      0x839 Drivers/STM32H7xx_HAL_Driver/stm32h7xx_hal_uart.o
                                     0x13f27f (size before relaxing)
 .debug_str     0x000000000014495d      0x3e3 Drivers/STM32H7xx_HAL_Driver/stm32h7xx_ll_usb.o
                                     0x13ea54 (size before relaxing)
 .debug_str     0x0000000000144d40      0x168 Middlewares/USB_Device_Library/usbd_core.o
                                     0x13f10c (size before relaxing)
 .debug_str     0x0000000000144ea8      0x10c Middlewares/USB_Device_Library/usbd_ctlreq.o
                                     0x13f026 (size before relaxing)
 .debug_str     0x0000000000144fb4      0x1ba Middlewares/USB_Device_Library/usbd_customhid.o
                                     0x13f377 (size before relaxing)
 .debug_str     0x000000000014516e       0x78 Middlewares/USB_Device_Library/usbd_ioreq.o
                                     0x13ef53 (size before relaxing)

.debug_ranges   0x0000000000000000     0x1110
 .debug_ranges  0x0000000000000000       0x20 Application/SW4STM32/startup_stm32h753xx.o
 .debug_ranges  0x0000000000000020      0x128 Application/User/main.o
 .debug_ranges  0x0000000000000148       0x30 Application/User/stm32h7xx_hal_msp.o
 .debug_ranges  0x0000000000000178       0x60 Application/User/stm32h7xx_it.o
 .debug_ranges  0x00000000000001d8       0x10 Application/User/usb_device.o
 .debug_ranges  0x00000000000001e8       0xe8 Application/User/usbd_conf.o
 .debug_ranges  0x00000000000002d0       0x38 Application/User/usbd_custom_hid_if.o
 .debug_ranges  0x0000000000000308       0x78 Application/User/usbd_desc.o
 .debug_ranges  0x0000000000000380       0x18 Drivers/CMSIS/system_stm32h7xx.o
 .debug_ranges  0x0000000000000398      0x190 Drivers/STM32H7xx_HAL_Driver/stm32h7xx_hal.o
 .debug_ranges  0x0000000000000528      0x100 Drivers/STM32H7xx_HAL_Driver/stm32h7xx_hal_cortex.o
 .debug_ranges  0x0000000000000628       0x48 Drivers/STM32H7xx_HAL_Driver/stm32h7xx_hal_gpio.o
 .debug_ranges  0x0000000000000670      0x110 Drivers/STM32H7xx_HAL_Driver/stm32h7xx_hal_pcd.o
 .debug_ranges  0x0000000000000780       0x50 Drivers/STM32H7xx_HAL_Driver/stm32h7xx_hal_pcd_ex.o
 .debug_ranges  0x00000000000007d0      0x140 Drivers/STM32H7xx_HAL_Driver/stm32h7xx_hal_pwr_ex.o
 .debug_ranges  0x0000000000000910       0x70 Drivers/STM32H7xx_HAL_Driver/stm32h7xx_hal_rcc.o
 .debug_ranges  0x0000000000000980       0xd0 Drivers/STM32H7xx_HAL_Driver/stm32h7xx_hal_rcc_ex.o
 .debug_ranges  0x0000000000000a50      0x1c0 Drivers/STM32H7xx_HAL_Driver/stm32h7xx_hal_spi.o
 .debug_ranges  0x0000000000000c10      0x1d8 Drivers/STM32H7xx_HAL_Driver/stm32h7xx_hal_uart.o
 .debug_ranges  0x0000000000000de8      0x170 Drivers/STM32H7xx_HAL_Driver/stm32h7xx_ll_usb.o
 .debug_ranges  0x0000000000000f58       0xa8 Middlewares/USB_Device_Library/usbd_core.o
 .debug_ranges  0x0000000000001000       0x78 Middlewares/USB_Device_Library/usbd_ctlreq.o
 .debug_ranges  0x0000000000001078       0x58 Middlewares/USB_Device_Library/usbd_customhid.o
 .debug_ranges  0x00000000000010d0       0x40 Middlewares/USB_Device_Library/usbd_ioreq.o

.debug_loc      0x0000000000000000     0xb3a3
 .debug_loc     0x0000000000000000      0x26e Application/User/main.o
 .debug_loc     0x000000000000026e      0x197 Application/User/stm32h7xx_hal_msp.o
 .debug_loc     0x0000000000000405      0xbfd Application/User/usbd_conf.o
 .debug_loc     0x0000000000001002       0x84 Application/User/usbd_custom_hid_if.o
 .debug_loc     0x0000000000001086      0x56e Application/User/usbd_desc.o
 .debug_loc     0x00000000000015f4      0x21f Drivers/CMSIS/system_stm32h7xx.o
 .debug_loc     0x0000000000001813      0x434 Drivers/STM32H7xx_HAL_Driver/stm32h7xx_hal.o
 .debug_loc     0x0000000000001c47      0x5ac Drivers/STM32H7xx_HAL_Driver/stm32h7xx_hal_cortex.o
 .debug_loc     0x00000000000021f3      0x43e Drivers/STM32H7xx_HAL_Driver/stm32h7xx_hal_gpio.o
 .debug_loc     0x0000000000002631      0xe3f Drivers/STM32H7xx_HAL_Driver/stm32h7xx_hal_pcd.o
 .debug_loc     0x0000000000003470      0x18d Drivers/STM32H7xx_HAL_Driver/stm32h7xx_hal_pcd_ex.o
 .debug_loc     0x00000000000035fd      0x2e7 Drivers/STM32H7xx_HAL_Driver/stm32h7xx_hal_pwr_ex.o
 .debug_loc     0x00000000000038e4      0x711 Drivers/STM32H7xx_HAL_Driver/stm32h7xx_hal_rcc.o
 .debug_loc     0x0000000000003ff5     0x1740 Drivers/STM32H7xx_HAL_Driver/stm32h7xx_hal_rcc_ex.o
 .debug_loc     0x0000000000005735     0x15e8 Drivers/STM32H7xx_HAL_Driver/stm32h7xx_hal_spi.o
 .debug_loc     0x0000000000006d1d     0x18a8 Drivers/STM32H7xx_HAL_Driver/stm32h7xx_hal_uart.o
 .debug_loc     0x00000000000085c5     0x13d0 Drivers/STM32H7xx_HAL_Driver/stm32h7xx_ll_usb.o
 .debug_loc     0x0000000000009995      0x6f8 Middlewares/USB_Device_Library/usbd_core.o
 .debug_loc     0x000000000000a08d      0xb64 Middlewares/USB_Device_Library/usbd_ctlreq.o
 .debug_loc     0x000000000000abf1      0x576 Middlewares/USB_Device_Library/usbd_customhid.o
 .debug_loc     0x000000000000b167      0x23c Middlewares/USB_Device_Library/usbd_ioreq.o

.debug_macro    0x0000000000000000    0x36d67
 .debug_macro   0x0000000000000000      0x43a Application/User/main.o
 .debug_macro   0x000000000000043a      0xa6c Application/User/main.o
 .debug_macro   0x0000000000000ea6       0xa0 Application/User/main.o
 .debug_macro   0x0000000000000f46       0xb2 Application/User/main.o
 .debug_macro   0x0000000000000ff8       0x2e Application/User/main.o
 .debug_macro   0x0000000000001026       0x3b Application/User/main.o
 .debug_macro   0x0000000000001061       0x22 Application/User/main.o
 .debug_macro   0x0000000000001083       0x8e Application/User/main.o
 .debug_macro   0x0000000000001111       0x51 Application/User/main.o
 .debug_macro   0x0000000000001162       0xef Application/User/main.o
 .debug_macro   0x0000000000001251       0x6a Application/User/main.o
 .debug_macro   0x00000000000012bb      0x1df Application/User/main.o
 .debug_macro   0x000000000000149a       0x22 Application/User/main.o
 .debug_macro   0x00000000000014bc       0xaf Application/User/main.o
 .debug_macro   0x000000000000156b     0x128e Application/User/main.o
 .debug_macro   0x00000000000027f9    0x24943 Application/User/main.o
 .debug_macro   0x000000000002713c       0x43 Application/User/main.o
 .debug_macro   0x000000000002717f     0x369a Application/User/main.o
 .debug_macro   0x000000000002a819       0x5e Application/User/main.o
 .debug_macro   0x000000000002a877       0x17 Application/User/main.o
 .debug_macro   0x000000000002a88e       0x35 Application/User/main.o
 .debug_macro   0x000000000002a8c3       0x34 Application/User/main.o
 .debug_macro   0x000000000002a8f7       0x16 Application/User/main.o
 .debug_macro   0x000000000002a90d       0x97 Application/User/main.o
 .debug_macro   0x000000000002a9a4      0x330 Application/User/main.o
 .debug_macro   0x000000000002acd4       0xfd Application/User/main.o
 .debug_macro   0x000000000002add1       0x10 Application/User/main.o
 .debug_macro   0x000000000002ade1       0x58 Application/User/main.o
 .debug_macro   0x000000000002ae39       0x1f Application/User/main.o
 .debug_macro   0x000000000002ae58       0x43 Application/User/main.o
 .debug_macro   0x000000000002ae9b       0x20 Application/User/main.o
 .debug_macro   0x000000000002aebb      0x18e Application/User/main.o
 .debug_macro   0x000000000002b049       0x10 Application/User/main.o
 .debug_macro   0x000000000002b059       0x1c Application/User/main.o
 .debug_macro   0x000000000002b075       0x52 Application/User/main.o
 .debug_macro   0x000000000002b0c7       0x40 Application/User/main.o
 .debug_macro   0x000000000002b107       0x10 Application/User/main.o
 .debug_macro   0x000000000002b117       0x40 Application/User/main.o
 .debug_macro   0x000000000002b157       0xd7 Application/User/main.o
 .debug_macro   0x000000000002b22e       0x1c Application/User/main.o
 .debug_macro   0x000000000002b24a       0x3d Application/User/main.o
 .debug_macro   0x000000000002b287       0x16 Application/User/main.o
 .debug_macro   0x000000000002b29d      0x16f Application/User/main.o