Archive member included to satisfy reference by file (symbol)

/home/kbisland/Ac6/SystemWorkbench/plugins/fr.ac6.mcu.externaltools.arm-none.linux64_1.17.0.201812190825/tools/compiler/bin/../lib/gcc/arm-none-eabi/7.3.1/thumb/v7e-m/fpv5/hard/libgcc.a(_aeabi_uldivmod.o)
                              Drivers/STM32H7xx_HAL_Driver/stm32h7xx_hal_uart.o (__aeabi_uldivmod)
/home/kbisland/Ac6/SystemWorkbench/plugins/fr.ac6.mcu.externaltools.arm-none.linux64_1.17.0.201812190825/tools/compiler/bin/../lib/gcc/arm-none-eabi/7.3.1/thumb/v7e-m/fpv5/hard/libgcc.a(_udivmoddi4.o)
                              /home/kbisland/Ac6/SystemWorkbench/plugins/fr.ac6.mcu.externaltools.arm-none.linux64_1.17.0.201812190825/tools/compiler/bin/../lib/gcc/arm-none-eabi/7.3.1/thumb/v7e-m/fpv5/hard/libgcc.a(_aeabi_uldivmod.o) (__udivmoddi4)
/home/kbisland/Ac6/SystemWorkbench/plugins/fr.ac6.mcu.externaltools.arm-none.linux64_1.17.0.201812190825/tools/compiler/bin/../lib/gcc/arm-none-eabi/7.3.1/thumb/v7e-m/fpv5/hard/libgcc.a(_dvmd_tls.o)
                              /home/kbisland/Ac6/SystemWorkbench/plugins/fr.ac6.mcu.externaltools.arm-none.linux64_1.17.0.201812190825/tools/compiler/bin/../lib/gcc/arm-none-eabi/7.3.1/thumb/v7e-m/fpv5/hard/libgcc.a(_aeabi_uldivmod.o) (__aeabi_ldiv0)
/home/kbisland/Ac6/SystemWorkbench/plugins/fr.ac6.mcu.externaltools.arm-none.linux64_1.17.0.201812190825/tools/compiler/bin/../lib/gcc/arm-none-eabi/7.3.1/../../../../arm-none-eabi/lib/thumb/v7e-m/fpv5/hard/libc_nano.a(lib_a-exit.o)
                              /home/kbisland/Ac6/SystemWorkbench/plugins/fr.ac6.mcu.externaltools.arm-none.linux64_1.17.0.201812190825/tools/compiler/bin/../lib/gcc/arm-none-eabi/7.3.1/../../../../arm-none-eabi/lib/thumb/v7e-m/fpv5/hard/crt0.o (exit)
/home/kbisland/Ac6/SystemWorkbench/plugins/fr.ac6.mcu.externaltools.arm-none.linux64_1.17.0.201812190825/tools/compiler/bin/../lib/gcc/arm-none-eabi/7.3.1/../../../../arm-none-eabi/lib/thumb/v7e-m/fpv5/hard/libc_nano.a(lib_a-impure.o)
                              /home/kbisland/Ac6/SystemWorkbench/plugins/fr.ac6.mcu.externaltools.arm-none.linux64_1.17.0.201812190825/tools/compiler/bin/../lib/gcc/arm-none-eabi/7.3.1/../../../../arm-none-eabi/lib/thumb/v7e-m/fpv5/hard/libc_nano.a(lib_a-exit.o) (_global_impure_ptr)
/home/kbisland/Ac6/SystemWorkbench/plugins/fr.ac6.mcu.externaltools.arm-none.linux64_1.17.0.201812190825/tools/compiler/bin/../lib/gcc/arm-none-eabi/7.3.1/../../../../arm-none-eabi/lib/thumb/v7e-m/fpv5/hard/libc_nano.a(lib_a-init.o)
                              /home/kbisland/Ac6/SystemWorkbench/plugins/fr.ac6.mcu.externaltools.arm-none.linux64_1.17.0.201812190825/tools/compiler/bin/../lib/gcc/arm-none-eabi/7.3.1/../../../../arm-none-eabi/lib/thumb/v7e-m/fpv5/hard/crt0.o (__libc_init_array)
/home/kbisland/Ac6/SystemWorkbench/plugins/fr.ac6.mcu.externaltools.arm-none.linux64_1.17.0.201812190825/tools/compiler/bin/../lib/gcc/arm-none-eabi/7.3.1/../../../../arm-none-eabi/lib/thumb/v7e-m/fpv5/hard/libc_nano.a(lib_a-malloc.o)
                              Middlewares/USB_Device_Library/usbd_customhid.o (malloc)
/home/kbisland/Ac6/SystemWorkbench/plugins/fr.ac6.mcu.externaltools.arm-none.linux64_1.17.0.201812190825/tools/compiler/bin/../lib/gcc/arm-none-eabi/7.3.1/../../../../arm-none-eabi/lib/thumb/v7e-m/fpv5/hard/libc_nano.a(lib_a-memset.o)
                              /home/kbisland/Ac6/SystemWorkbench/plugins/fr.ac6.mcu.externaltools.arm-none.linux64_1.17.0.201812190825/tools/compiler/bin/../lib/gcc/arm-none-eabi/7.3.1/../../../../arm-none-eabi/lib/thumb/v7e-m/fpv5/hard/crt0.o (memset)
/home/kbisland/Ac6/SystemWorkbench/plugins/fr.ac6.mcu.externaltools.arm-none.linux64_1.17.0.201812190825/tools/compiler/bin/../lib/gcc/arm-none-eabi/7.3.1/../../../../arm-none-eabi/lib/thumb/v7e-m/fpv5/hard/libc_nano.a(lib_a-nano-freer.o)
                              /home/kbisland/Ac6/SystemWorkbench/plugins/fr.ac6.mcu.externaltools.arm-none.linux64_1.17.0.201812190825/tools/compiler/bin/../lib/gcc/arm-none-eabi/7.3.1/../../../../arm-none-eabi/lib/thumb/v7e-m/fpv5/hard/libc_nano.a(lib_a-malloc.o) (_free_r)
/home/kbisland/Ac6/SystemWorkbench/plugins/fr.ac6.mcu.externaltools.arm-none.linux64_1.17.0.201812190825/tools/compiler/bin/../lib/gcc/arm-none-eabi/7.3.1/../../../../arm-none-eabi/lib/thumb/v7e-m/fpv5/hard/libc_nano.a(lib_a-nano-mallocr.o)
                              /home/kbisland/Ac6/SystemWorkbench/plugins/fr.ac6.mcu.externaltools.arm-none.linux64_1.17.0.201812190825/tools/compiler/bin/../lib/gcc/arm-none-eabi/7.3.1/../../../../arm-none-eabi/lib/thumb/v7e-m/fpv5/hard/libc_nano.a(lib_a-malloc.o) (_malloc_r)
/home/kbisland/Ac6/SystemWorkbench/plugins/fr.ac6.mcu.externaltools.arm-none.linux64_1.17.0.201812190825/tools/compiler/bin/../lib/gcc/arm-none-eabi/7.3.1/../../../../arm-none-eabi/lib/thumb/v7e-m/fpv5/hard/libc_nano.a(lib_a-sbrkr.o)
[...]
Memory Configuration

Name             Origin             Length             Attributes
DTCMRAM          0x0000000020000000 0x0000000000020000 xrw
RAM_D1           0x0000000024000000 0x0000000000080000 xrw
RAM_D2           0x0000000030000000 0x0000000000048000 xrw
RAM_D3           0x0000000038000000 0x0000000000010000 xrw
ITCMRAM          0x0000000000000000 0x0000000000010000 xrw
FLASH            0x0000000008000000 0x0000000000200000 xr
*default*        0x0000000000000000 0xffffffffffffffff

Linker script and memory map

LOAD /home/kbisland/Ac6/SystemWorkbench/plugins/fr.ac6.mcu.externaltools.arm-none.linux64_1.17.0.201812190825/tools/compiler/bin/../lib/gcc/arm-none-eabi/7.3.1/thumb/v7e-m/fpv5/hard/crti.o
LOAD /home/kbisland/Ac6/SystemWorkbench/plugins/fr.ac6.mcu.externaltools.arm-none.linux64_1.17.0.201812190825/tools/compiler/bin/../lib/gcc/arm-none-eabi/7.3.1/thumb/v7e-m/fpv5/hard/crtbegin.o
LOAD /home/kbisland/Ac6/SystemWorkbench/plugins/fr.ac6.mcu.externaltools.arm-none.linux64_1.17.0.201812190825/tools/compiler/bin/../lib/gcc/arm-none-eabi/7.3.1/../../../../arm-none-eabi/lib/thumb/v7e-m/fpv5/hard/crt0.o
LOAD Application/SW4STM32/startup_stm32h753xx.o
LOAD Application/User/main.o
LOAD Application/User/stm32h7xx_hal_msp.o
LOAD Application/User/stm32h7xx_it.o
LOAD Application/User/usb_device.o
LOAD Application/User/usbd_conf.o
LOAD Application/User/usbd_custom_hid_if.o
LOAD Application/User/usbd_desc.o
LOAD Drivers/CMSIS/system_stm32h7xx.o
LOAD Drivers/STM32H7xx_HAL_Driver/stm32h7xx_hal.o
LOAD Drivers/STM32H7xx_HAL_Driver/stm32h7xx_hal_cortex.o
LOAD Drivers/STM32H7xx_HAL_Driver/stm32h7xx_hal_dma.o
LOAD Drivers/STM32H7xx_HAL_Driver/stm32h7xx_hal_dma_ex.o
LOAD Drivers/STM32H7xx_HAL_Driver/stm32h7xx_hal_flash.o
LOAD Drivers/STM32H7xx_HAL_Driver/stm32h7xx_hal_flash_ex.o
LOAD Drivers/STM32H7xx_HAL_Driver/stm32h7xx_hal_gpio.o
LOAD Drivers/STM32H7xx_HAL_Driver/stm32h7xx_hal_hsem.o
LOAD Drivers/STM32H7xx_HAL_Driver/stm32h7xx_hal_i2c.o
LOAD Drivers/STM32H7xx_HAL_Driver/stm32h7xx_hal_i2c_ex.o
LOAD Drivers/STM32H7xx_HAL_Driver/stm32h7xx_hal_mdma.o
LOAD Drivers/STM32H7xx_HAL_Driver/stm32h7xx_hal_pcd.o
LOAD Drivers/STM32H7xx_HAL_Driver/stm32h7xx_hal_pcd_ex.o
LOAD Drivers/STM32H7xx_HAL_Driver/stm32h7xx_hal_pwr.o
LOAD Drivers/STM32H7xx_HAL_Driver/stm32h7xx_hal_pwr_ex.o
LOAD Drivers/STM32H7xx_HAL_Driver/stm32h7xx_hal_rcc.o
LOAD Drivers/STM32H7xx_HAL_Driver/stm32h7xx_hal_rcc_ex.o
LOAD Drivers/STM32H7xx_HAL_Driver/stm32h7xx_hal_spi.o
LOAD Drivers/STM32H7xx_HAL_Driver/stm32h7xx_hal_spi_ex.o
LOAD Drivers/STM32H7xx_HAL_Driver/stm32h7xx_hal_tim.o
LOAD Drivers/STM32H7xx_HAL_Driver/stm32h7xx_hal_tim_ex.o
LOAD Drivers/STM32H7xx_HAL_Driver/stm32h7xx_hal_uart.o
LOAD Drivers/STM32H7xx_HAL_Driver/stm32h7xx_hal_uart_ex.o
LOAD Drivers/STM32H7xx_HAL_Driver/stm32h7xx_ll_usb.o
LOAD Middlewares/USB_Device_Library/usbd_core.o
LOAD Middlewares/USB_Device_Library/usbd_ctlreq.o
LOAD Middlewares/USB_Device_Library/usbd_customhid.o
LOAD Middlewares/USB_Device_Library/usbd_ioreq.o
LOAD /home/kbisland/Ac6/SystemWorkbench/plugins/fr.ac6.mcu.externaltools.arm-none.linux64_1.17.0.201812190825/tools/compiler/bin/../lib/gcc/arm-none-eabi/7.3.1/../../../../arm-none-eabi/lib/thumb/v7e-m/fpv5/hard/libm.a
START GROUP
LOAD /home/kbisland/Ac6/SystemWorkbench/plugins/fr.ac6.mcu.externaltools.arm-none.linux64_1.17.0.201812190825/tools/compiler/bin/../lib/gcc/arm-none-eabi/7.3.1/thumb/v7e-m/fpv5/hard/libgcc.a
LOAD /home/kbisland/Ac6/SystemWorkbench/plugins/fr.ac6.mcu.externaltools.arm-none.linux64_1.17.0.201812190825/tools/compiler/bin/../lib/gcc/arm-none-eabi/7.3.1/../../../../arm-none-eabi/lib/thumb/v7e-m/fpv5/hard/libc_nano.a
END GROUP
START GROUP
LOAD /home/kbisland/Ac6/SystemWorkbench/plugins/fr.ac6.mcu.externaltools.arm-none.linux64_1.17.0.201812190825/tools/compiler/bin/../lib/gcc/arm-none-eabi/7.3.1/thumb/v7e-m/fpv5/hard/libgcc.a
LOAD /home/kbisland/Ac6/SystemWorkbench/plugins/fr.ac6.mcu.externaltools.arm-none.linux64_1.17.0.201812190825/tools/compiler/bin/../lib/gcc/arm-none-eabi/7.3.1/../../../../arm-none-eabi/lib/thumb/v7e-m/fpv5/hard/libc_nano.a
LOAD /home/kbisland/Ac6/SystemWorkbench/plugins/fr.ac6.mcu.externaltools.arm-none.linux64_1.17.0.201812190825/tools/compiler/bin/../lib/gcc/arm-none-eabi/7.3.1/../../../../arm-none-eabi/lib/thumb/v7e-m/fpv5/hard/libnosys.a
END GROUP
START GROUP
LOAD /home/kbisland/Ac6/SystemWorkbench/plugins/fr.ac6.mcu.externaltools.arm-none.linux64_1.17.0.201812190825/tools/compiler/bin/../lib/gcc/arm-none-eabi/7.3.1/thumb/v7e-m/fpv5/hard/libgcc.a
LOAD /home/kbisland/Ac6/SystemWorkbench/plugins/fr.ac6.mcu.externaltools.arm-none.linux64_1.17.0.201812190825/tools/compiler/bin/../lib/gcc/arm-none-eabi/7.3.1/../../../../arm-none-eabi/lib/thumb/v7e-m/fpv5/hard/libc_nano.a
LOAD /home/kbisland/Ac6/SystemWorkbench/plugins/fr.ac6.mcu.externaltools.arm-none.linux64_1.17.0.201812190825/tools/compiler/bin/../lib/gcc/arm-none-eabi/7.3.1/../../../../arm-none-eabi/lib/thumb/v7e-m/fpv5/hard/libnosys.a
END GROUP
LOAD /home/kbisland/Ac6/SystemWorkbench/plugins/fr.ac6.mcu.externaltools.arm-none.linux64_1.17.0.201812190825/tools/compiler/bin/../lib/gcc/arm-none-eabi/7.3.1/thumb/v7e-m/fpv5/hard/crtend.o
LOAD /home/kbisland/Ac6/SystemWorkbench/plugins/fr.ac6.mcu.externaltools.arm-none.linux64_1.17.0.201812190825/tools/compiler/bin/../lib/gcc/arm-none-eabi/7.3.1/thumb/v7e-m/fpv5/hard/crtn.o
                0x0000000020020000                _estack = 0x20020000
                0x0000000000000200                _Min_Heap_Size = 0x200
                0x0000000000000400                _Min_Stack_Size = 0x400

.isr_vector     0x0000000008000000      0x298
                0x0000000008000000                . = ALIGN (0x4)
 *(.isr_vector)
 .isr_vector    0x0000000008000000      0x298 Application/SW4STM32/startup_stm32h753xx.o
                0x0000000008000000                g_pfnVectors
                0x0000000008000298                . = ALIGN (0x4)

.text           0x0000000008000298     0x6484
                0x0000000008000298                . = ALIGN (0x4)
 *(.text)
 .text          0x0000000008000298       0x40 /home/kbisland/Ac6/SystemWorkbench/plugins/fr.ac6.mcu.externaltools.arm-none.linux64_1.17.0.201812190825/tools/compiler/bin/../lib/gcc/arm-none-eabi/7.3.1/thumb/v7e-m/fpv5/hard/crtbegin.o
 .text          0x00000000080002d8       0x30 /home/kbisland/Ac6/SystemWorkbench/plugins/fr.ac6.mcu.externaltools.arm-none.linux64_1.17.0.201812190825/tools/compiler/bin/../lib/gcc/arm-none-eabi/7.3.1/thumb/v7e-m/fpv5/hard/libgcc.a(_aeabi_uldivmod.o)
                0x00000000080002d8                __aeabi_uldivmod
 .text          0x0000000008000308      0x2cc /home/kbisland/Ac6/SystemWorkbench/plugins/fr.ac6.mcu.externaltools.arm-none.linux64_1.17.0.201812190825/tools/compiler/bin/../lib/gcc/arm-none-eabi/7.3.1/thumb/v7e-m/fpv5/hard/libgcc.a(_udivmoddi4.o)
                0x0000000008000308                __udivmoddi4
 .text          0x00000000080005d4        0x4 /home/kbisland/Ac6/SystemWorkbench/plugins/fr.ac6.mcu.externaltools.arm-none.linux64_1.17.0.201812190825/tools/compiler/bin/../lib/gcc/arm-none-eabi/7.3.1/thumb/v7e-m/fpv5/hard/libgcc.a(_dvmd_tls.o)
                0x00000000080005d4                __aeabi_ldiv0
                0x00000000080005d4                __aeabi_idiv0
 *(.text*)
 .text.Reset_Handler
                0x00000000080005d8       0x50 Application/SW4STM32/startup_stm32h753xx.o
                0x00000000080005d8                Reset_Handler
 .text.Default_Handler
                0x0000000008000628        0x2 Application/SW4STM32/startup_stm32h753xx.o
                0x0000000008000628                RTC_Alarm_IRQHandler
                0x0000000008000628                HASH_RNG_IRQHandler
                0x0000000008000628                EXTI2_IRQHandler
                0x0000000008000628                TIM8_CC_IRQHandler
                0x0000000008000628                HRTIM1_Master_IRQHandler
                0x0000000008000628                UART8_IRQHandler
                0x0000000008000628                SPI4_IRQHandler
                0x0000000008000628                TIM1_CC_IRQHandler
                0x0000000008000628                BDMA_Channel6_IRQHandler
                0x0000000008000628                DMA2_Stream5_IRQHandler
                0x0000000008000628                HRTIM1_FLT_IRQHandler
                0x0000000008000628                JPEG_IRQHandler
                0x0000000008000628                DMA1_Stream5_IRQHandler
                0x0000000008000628                BDMA_Channel1_IRQHandler
                0x0000000008000628                HRTIM1_TIMD_IRQHandler
                0x0000000008000628                TAMP_STAMP_IRQHandler
                0x0000000008000628                EXTI3_IRQHandler
                0x0000000008000628                LPTIM4_IRQHandler
                0x0000000008000628                TIM8_TRG_COM_TIM14_IRQHandler
                0x0000000008000628                LPTIM2_IRQHandler
                0x0000000008000628                DFSDM1_FLT1_IRQHandler
                0x0000000008000628                DMAMUX2_OVR_IRQHandler
                0x0000000008000628                TIM8_UP_TIM13_IRQHandler
                0x0000000008000628                I2C3_ER_IRQHandler
                0x0000000008000628                DFSDM1_FLT2_IRQHandler
                0x0000000008000628                MDMA_IRQHandler
                0x0000000008000628                LPTIM3_IRQHandler
                0x0000000008000628                HSEM1_IRQHandler
                0x0000000008000628                EXTI0_IRQHandler
                0x0000000008000628                I2C2_EV_IRQHandler
                0x0000000008000628                DMA1_Stream2_IRQHandler
                0x0000000008000628                FPU_IRQHandler
                0x0000000008000628                OTG_HS_WKUP_IRQHandler
                0x0000000008000628                FDCAN1_IT1_IRQHandler
                0x0000000008000628                LTDC_ER_IRQHandler
                0x0000000008000628                DMA2_Stream2_IRQHandler
                0x0000000008000628                HRTIM1_TIME_IRQHandler
                0x0000000008000628                SPI1_IRQHandler
                0x0000000008000628                TIM6_DAC_IRQHandler
                0x0000000008000628                DCMI_IRQHandler
                0x0000000008000628                HRTIM1_TIMC_IRQHandler
                0x0000000008000628                DMA2_Stream3_IRQHandler
                0x0000000008000628                SAI2_IRQHandler
                0x0000000008000628                DFSDM1_FLT3_IRQHandler
                0x0000000008000628                USART6_IRQHandler
                0x0000000008000628                TIM17_IRQHandler
                0x0000000008000628                USART3_IRQHandler
                0x0000000008000628                BDMA_Channel7_IRQHandler
                0x0000000008000628                CRYP_IRQHandler
                0x0000000008000628                LPTIM5_IRQHandler
                0x0000000008000628                UART5_IRQHandler
                0x0000000008000628                ADC3_IRQHandler
                0x0000000008000628                DMA2_Stream0_IRQHandler
                0x0000000008000628                TIM4_IRQHandler
                0x0000000008000628                BDMA_Channel2_IRQHandler
                0x0000000008000628                QUADSPI_IRQHandler
                0x0000000008000628                I2C1_EV_IRQHandler
                0x0000000008000628                DMA1_Stream6_IRQHandler
                0x0000000008000628                DMAMUX1_OVR_IRQHandler
                0x0000000008000628                DMA1_Stream1_IRQHandler
                0x0000000008000628                TIM16_IRQHandler
                0x0000000008000628                UART4_IRQHandler
                0x0000000008000628                BDMA_Channel5_IRQHandler
                0x0000000008000628                TIM3_IRQHandler
                0x0000000008000628                RCC_IRQHandler
                0x0000000008000628                TIM8_BRK_TIM12_IRQHandler
                0x0000000008000628                TIM1_TRG_COM_IRQHandler
                0x0000000008000628                Default_Handler
                0x0000000008000628                CEC_IRQHandler
                0x0000000008000628                EXTI15_10_IRQHandler
                0x0000000008000628                BDMA_Channel0_IRQHandler
                0x0000000008000628                ADC_IRQHandler
                0x0000000008000628                DMA1_Stream7_IRQHandler
                0x0000000008000628                HRTIM1_TIMA_IRQHandler
                0x0000000008000628                SPI5_IRQHandler
                0x0000000008000628                TIM7_IRQHandler
                0x0000000008000628                SDMMC1_IRQHandler
                0x0000000008000628                TIM5_IRQHandler
                0x0000000008000628                DMA2_Stream7_IRQHandler
                0x0000000008000628                TIM15_IRQHandler
                0x0000000008000628                PVD_AVD_IRQHandler
                0x0000000008000628                I2C3_EV_IRQHandler
                0x0000000008000628                EXTI9_5_IRQHandler
                0x0000000008000628                RTC_WKUP_IRQHandler
                0x0000000008000628                LTDC_IRQHandler
                0x0000000008000628                SAI3_IRQHandler
                0x0000000008000628                ETH_WKUP_IRQHandler
                0x0000000008000628                SPDIF_RX_IRQHandler
                0x0000000008000628                SPI2_IRQHandler
                0x0000000008000628                OTG_HS_EP1_IN_IRQHandler
                0x0000000008000628                DMA1_Stream0_IRQHandler
                0x0000000008000628                CRS_IRQHandler
                0x0000000008000628                EXTI4_IRQHandler
                0x0000000008000628                HRTIM1_TIMB_IRQHandler
                0x0000000008000628                FDCAN2_IT1_IRQHandler
                0x0000000008000628                ETH_IRQHandler
                0x0000000008000628                TIM1_UP_IRQHandler
                0x0000000008000628                BDMA_Channel4_IRQHandler
                0x0000000008000628                OTG_HS_EP1_OUT_IRQHandler
                0x0000000008000628                WWDG_IRQHandler
                0x0000000008000628                SPI6_IRQHandler
                0x0000000008000628                MDIOS_IRQHandler
                0x0000000008000628                I2C4_EV_IRQHandler
                0x0000000008000628                FDCAN2_IT0_IRQHandler
                0x0000000008000628                LPUART1_IRQHandler
                0x0000000008000628                FDCAN1_IT0_IRQHandler
                0x0000000008000628                TIM2_IRQHandler
                0x0000000008000628                OTG_FS_WKUP_IRQHandler
                0x0000000008000628                DMA2D_IRQHandler
                0x0000000008000628                TIM1_BRK_IRQHandler
                0x0000000008000628                EXTI1_IRQHandler
                0x0000000008000628                SDMMC2_IRQHandler
                0x0000000008000628                OTG_FS_EP1_OUT_IRQHandler
                0x0000000008000628                BDMA_Channel3_IRQHandler
                0x0000000008000628                UART7_IRQHandler
                0x0000000008000628                MDIOS_WKUP_IRQHandler
                0x0000000008000628                USART2_IRQHandler
                0x0000000008000628                DFSDM1_FLT0_IRQHandler
                0x0000000008000628                SAI4_IRQHandler
                0x0000000008000628                I2C2_ER_IRQHandler
                0x0000000008000628                DMA2_Stream1_IRQHandler
                0x0000000008000628                FLASH_IRQHandler
                0x0000000008000628                DMA2_Stream4_IRQHandler
                0x0000000008000628                USART1_IRQHandler
                0x0000000008000628                SPI3_IRQHandler
                0x0000000008000628                WAKEUP_PIN_IRQHandler
                0x0000000008000628                DMA1_Stream4_IRQHandler
                0x0000000008000628                OTG_FS_EP1_IN_IRQHandler
                0x0000000008000628                I2C1_ER_IRQHandler
                0x0000000008000628                FMC_IRQHandler
                0x0000000008000628                FDCAN_CAL_IRQHandler
                0x0000000008000628                SWPMI1_IRQHandler
                0x0000000008000628                COMP1_IRQHandler
                0x0000000008000628                LPTIM1_IRQHandler
                0x0000000008000628                I2C4_ER_IRQHandler
                0x0000000008000628                DMA2_Stream6_IRQHandler
                0x0000000008000628                SAI1_IRQHandler
                0x0000000008000628                DMA1_Stream3_IRQHandler
 *fill*         0x000000000800062a        0x2 
 .text.MX_GPIO_Init
                0x000000000800062c      0x178 Application/User/main.o
 .text.USB_RX_Interrupt
                0x00000000080007a4      0x530 Application/User/main.o
                0x00000000080007a4                USB_RX_Interrupt
 .text._Error_Handler
                0x0000000008000cd4        0x2 Application/User/main.o
                0x0000000008000cd4                _Error_Handler
 *fill*         0x0000000008000cd6        0x2 
 .text.MX_USART1_UART_Init
                0x0000000008000cd8       0x48 Application/User/main.o
 .text.MX_SPI1_Init
                0x0000000008000d20       0x68 Application/User/main.o
 .text.MX_SPI2_Init
                0x0000000008000d88       0x68 Application/User/main.o
 .text.MX_SPI3_Init
                0x0000000008000df0       0x68 Application/User/main.o
 .text.MX_SPI4_Init
                0x0000000008000e58       0x68 Application/User/main.o
 .text.MX_SPI6_Init
                0x0000000008000ec0       0x68 Application/User/main.o
 .text.SystemClock_Config
                0x0000000008000f28      0x100 Application/User/main.o
                0x0000000008000f28                SystemClock_Config
 .text.main     0x0000000008001028       0xa8 Application/User/main.o
                0x0000000008001028                main
 .text.HAL_MspInit
                0x00000000080010d0       0x84 Application/User/stm32h7xx_hal_msp.o
                0x00000000080010d0                HAL_MspInit
 .text.HAL_SPI_MspInit
                0x0000000008001154      0x180 Application/User/stm32h7xx_hal_msp.o
                0x0000000008001154                HAL_SPI_MspInit
 .text.HAL_UART_MspInit
                0x00000000080012d4       0x58 Application/User/stm32h7xx_hal_msp.o
                0x00000000080012d4                HAL_UART_MspInit
 .text.NMI_Handler
                0x000000000800132c        0x2 Application/User/stm32h7xx_it.o
                0x000000000800132c                NMI_Handler
 .text.HardFault_Handler
                0x000000000800132e        0x2 Application/User/stm32h7xx_it.o
                0x000000000800132e                HardFault_Handler
 .text.MemManage_Handler
                0x0000000008001330        0x2 Application/User/stm32h7xx_it.o
                0x0000000008001330                MemManage_Handler
 .text.BusFault_Handler
                0x0000000008001332        0x2 Application/User/stm32h7xx_it.o
                0x0000000008001332                BusFault_Handler
 .text.UsageFault_Handler
                0x0000000008001334        0x2 Application/User/stm32h7xx_it.o
                0x0000000008001334                UsageFault_Handler
 .text.SVC_Handler
                0x0000000008001336        0x2 Application/User/stm32h7xx_it.o
                0x0000000008001336                SVC_Handler
 .text.DebugMon_Handler
                0x0000000008001338        0x2 Application/User/stm32h7xx_it.o
                0x0000000008001338                DebugMon_Handler
 .text.PendSV_Handler
                0x000000000800133a        0x2 Application/User/stm32h7xx_it.o
                0x000000000800133a                PendSV_Handler
 .text.SysTick_Handler
                0x000000000800133c        0xc Application/User/stm32h7xx_it.o
                0x000000000800133c                SysTick_Handler
 .text.OTG_HS_IRQHandler
                0x0000000008001348       0x10 Application/User/stm32h7xx_it.o
                0x0000000008001348                OTG_HS_IRQHandler
 .text.OTG_FS_IRQHandler
                0x0000000008001358       0x10 Application/User/stm32h7xx_it.o
                0x0000000008001358                OTG_FS_IRQHandler
 .text.MX_USB_DEVICE_Init
                0x0000000008001368       0x70 Application/User/usb_device.o
                0x0000000008001368                MX_USB_DEVICE_Init
 .text.HAL_PCD_MspInit
                0x00000000080013d8       0x68 Application/User/usbd_conf.o
                0x00000000080013d8                HAL_PCD_MspInit
 .text.HAL_PCD_SetupStageCallback
                0x0000000008001440       0x10 Application/User/usbd_conf.o
                0x0000000008001440                HAL_PCD_SetupStageCallback
 .text.HAL_PCD_DataOutStageCallback
                0x0000000008001450       0x18 Application/User/usbd_conf.o
                0x0000000008001450                HAL_PCD_DataOutStageCallback
 .text.HAL_PCD_DataInStageCallback
                0x0000000008001468       0x16 Application/User/usbd_conf.o
                0x0000000008001468                HAL_PCD_DataInStageCallback
 .text.HAL_PCD_SOFCallback
                0x000000000800147e        0xc Application/User/usbd_conf.o
                0x000000000800147e                HAL_PCD_SOFCallback
 .text.HAL_PCD_ResetCallback
                0x000000000800148a       0x20 Application/User/usbd_conf.o
                0x000000000800148a                HAL_PCD_ResetCallback
 *fill*         0x00000000080014aa        0x2 
 .text.HAL_PCD_SuspendCallback
                0x00000000080014ac       0x30 Application/User/usbd_conf.o
                0x00000000080014ac                HAL_PCD_SuspendCallback
 .text.HAL_PCD_ResumeCallback
                0x00000000080014dc        0xc Application/User/usbd_conf.o
                0x00000000080014dc                HAL_PCD_ResumeCallback
 .text.HAL_PCD_ISOOUTIncompleteCallback
                0x00000000080014e8        0xc Application/User/usbd_conf.o
                0x00000000080014e8                HAL_PCD_ISOOUTIncompleteCallback
 .text.HAL_PCD_ISOINIncompleteCallback
                0x00000000080014f4        0xc Application/User/usbd_conf.o
                0x00000000080014f4                HAL_PCD_ISOINIncompleteCallback
 .text.HAL_PCD_ConnectCallback
                0x0000000008001500        0xc Application/User/usbd_conf.o
                0x0000000008001500                HAL_PCD_ConnectCallback
 .text.HAL_PCD_DisconnectCallback
                0x000000000800150c        0xc Application/User/usbd_conf.o
                0x000000000800150c                HAL_PCD_DisconnectCallback
 .text.USBD_LL_Init
                0x0000000008001518       0xe8 Application/User/usbd_conf.o
                0x0000000008001518                USBD_LL_Init
 .text.USBD_LL_Start
                0x0000000008001600       0x1c Application/User/usbd_conf.o
                0x0000000008001600                USBD_LL_Start
 .text.USBD_LL_OpenEP
                0x000000000800161c       0x22 Application/User/usbd_conf.o
                0x000000000800161c                USBD_LL_OpenEP
 .text.USBD_LL_CloseEP
                0x000000000800163e       0x1c Application/User/usbd_conf.o
                0x000000000800163e                USBD_LL_CloseEP
 .text.USBD_LL_StallEP
                0x000000000800165a       0x1c Application/User/usbd_conf.o
                0x000000000800165a                USBD_LL_StallEP
 .text.USBD_LL_ClearStallEP
                0x0000000008001676       0x1c Application/User/usbd_conf.o
                0x0000000008001676                USBD_LL_ClearStallEP
 .text.USBD_LL_IsStallEP
                0x0000000008001692       0x2e Application/User/usbd_conf.o
                0x0000000008001692                USBD_LL_IsStallEP
 .text.USBD_LL_SetUSBAddress
                0x00000000080016c0       0x1c Application/User/usbd_conf.o
                0x00000000080016c0                USBD_LL_SetUSBAddress
 .text.USBD_LL_Transmit
                0x00000000080016dc       0x1c Application/User/usbd_conf.o
                0x00000000080016dc                USBD_LL_Transmit
 .text.USBD_LL_PrepareReceive
                0x00000000080016f8       0x1c Application/User/usbd_conf.o
                0x00000000080016f8                USBD_LL_PrepareReceive
 .text.CUSTOM_HID_Init_FS
                0x0000000008001714        0x2 Application/User/usbd_custom_hid_if.o
 .text.CUSTOM_HID_DeInit_FS
                0x0000000008001716        0x2 Application/User/usbd_custom_hid_if.o
 .text.CUSTOM_HID_Init_HS
                0x0000000008001718        0x2 Application/User/usbd_custom_hid_if.o
 .text.CUSTOM_HID_DeInit_HS
                0x000000000800171a        0x2 Application/User/usbd_custom_hid_if.o
 .text.CUSTOM_HID_OutEvent_FS
                0x000000000800171c        0xa Application/User/usbd_custom_hid_if.o
 .text.CUSTOM_HID_OutEvent_HS
                0x0000000008001726        0xa Application/User/usbd_custom_hid_if.o
 .text.USBD_HS_DeviceDescriptor
                0x0000000008001730        0xc Application/User/usbd_desc.o
                0x0000000008001730                USBD_HS_DeviceDescriptor
 .text.USBD_HS_LangIDStrDescriptor
                0x000000000800173c        0xc Application/User/usbd_desc.o
                0x000000000800173c                USBD_HS_LangIDStrDescriptor
 .text.USBD_FS_DeviceDescriptor
                0x0000000008001748        0xc Application/User/usbd_desc.o
                0x0000000008001748                USBD_FS_DeviceDescriptor
 .text.USBD_FS_LangIDStrDescriptor
                0x0000000008001754        0xc Application/User/usbd_desc.o
                0x0000000008001754                USBD_FS_LangIDStrDescriptor
 .text.USBD_HS_ProductStrDescriptor
                0x0000000008001760       0x24 Application/User/usbd_desc.o
                0x0000000008001760                USBD_HS_ProductStrDescriptor
 .text.USBD_HS_ManufacturerStrDescriptor
                0x0000000008001784       0x1c Application/User/usbd_desc.o
                0x0000000008001784                USBD_HS_ManufacturerStrDescriptor
 .text.USBD_HS_SerialStrDescriptor
                0x00000000080017a0       0x24 Application/User/usbd_desc.o
                0x00000000080017a0                USBD_HS_SerialStrDescriptor
 .text.USBD_HS_ConfigStrDescriptor
                0x00000000080017c4       0x24 Application/User/usbd_desc.o
                0x00000000080017c4                USBD_HS_ConfigStrDescriptor
 .text.USBD_HS_InterfaceStrDescriptor
                0x00000000080017e8       0x24 Application/User/usbd_desc.o
                0x00000000080017e8                USBD_HS_InterfaceStrDescriptor
 .text.USBD_FS_ProductStrDescriptor
                0x000000000800180c       0x24 Application/User/usbd_desc.o
                0x000000000800180c                USBD_FS_ProductStrDescriptor
 .text.USBD_FS_ManufacturerStrDescriptor
                0x0000000008001830       0x1c Application/User/usbd_desc.o
                0x0000000008001830                USBD_FS_ManufacturerStrDescriptor
 .text.USBD_FS_SerialStrDescriptor
                0x000000000800184c       0x24 Application/User/usbd_desc.o
                0x000000000800184c                USBD_FS_SerialStrDescriptor
 .text.USBD_FS_ConfigStrDescriptor
                0x0000000008001870       0x24 Application/User/usbd_desc.o
                0x0000000008001870                USBD_FS_ConfigStrDescriptor
 .text.USBD_FS_InterfaceStrDescriptor
                0x0000000008001894       0x24 Application/User/usbd_desc.o
                0x0000000008001894                USBD_FS_InterfaceStrDescriptor
 .text.SystemInit
                0x00000000080018b8       0x68 Drivers/CMSIS/system_stm32h7xx.o
                0x00000000080018b8                SystemInit
 .text.HAL_InitTick
                0x0000000008001920       0x48 Drivers/STM32H7xx_HAL_Driver/stm32h7xx_hal.o
                0x0000000008001920                HAL_InitTick
 .text.HAL_Init
                0x0000000008001968       0x1e Drivers/STM32H7xx_HAL_Driver/stm32h7xx_hal.o
                0x0000000008001968                HAL_Init
 *fill*         0x0000000008001986        0x2 
 .text.HAL_IncTick
                0x0000000008001988       0x18 Drivers/STM32H7xx_HAL_Driver/stm32h7xx_hal.o
                0x0000000008001988                HAL_IncTick
 .text.HAL_GetTick
                0x00000000080019a0        0xc Drivers/STM32H7xx_HAL_Driver/stm32h7xx_hal.o
                0x00000000080019a0                HAL_GetTick
 .text.HAL_Delay
                0x00000000080019ac       0x28 Drivers/STM32H7xx_HAL_Driver/stm32h7xx_hal.o
                0x00000000080019ac                HAL_Delay
 .text.HAL_NVIC_SetPriorityGrouping
                0x00000000080019d4       0x24 Drivers/STM32H7xx_HAL_Driver/stm32h7xx_hal_cortex.o
                0x00000000080019d4                HAL_NVIC_SetPriorityGrouping
 .text.HAL_NVIC_SetPriority
                0x00000000080019f8       0x64 Drivers/STM32H7xx_HAL_Driver/stm32h7xx_hal_cortex.o
                0x00000000080019f8                HAL_NVIC_SetPriority
 .text.HAL_NVIC_EnableIRQ
                0x0000000008001a5c       0x1c Drivers/STM32H7xx_HAL_Driver/stm32h7xx_hal_cortex.o
                0x0000000008001a5c                HAL_NVIC_EnableIRQ
 .text.HAL_SYSTICK_Config
                0x0000000008001a78       0x2c Drivers/STM32H7xx_HAL_Driver/stm32h7xx_hal_cortex.o
                0x0000000008001a78                HAL_SYSTICK_Config
 .text.HAL_SYSTICK_CLKSourceConfig
                0x0000000008001aa4       0x20 Drivers/STM32H7xx_HAL_Driver/stm32h7xx_hal_cortex.o
                0x0000000008001aa4                HAL_SYSTICK_CLKSourceConfig
 .text.HAL_SYSTICK_Callback
                0x0000000008001ac4        0x2 Drivers/STM32H7xx_HAL_Driver/stm32h7xx_hal_cortex.o
                0x0000000008001ac4                HAL_SYSTICK_Callback
 .text.HAL_SYSTICK_IRQHandler
                0x0000000008001ac6        0x8 Drivers/STM32H7xx_HAL_Driver/stm32h7xx_hal_cortex.o
                0x0000000008001ac6                HAL_SYSTICK_IRQHandler
 *fill*         0x0000000008001ace        0x2 
 .text.HAL_GPIO_Init
                0x0000000008001ad0      0x1ec Drivers/STM32H7xx_HAL_Driver/stm32h7xx_hal_gpio.o
                0x0000000008001ad0                HAL_GPIO_Init
 .text.HAL_GPIO_WritePin
                0x0000000008001cbc        0xa Drivers/STM32H7xx_HAL_Driver/stm32h7xx_hal_gpio.o
                0x0000000008001cbc                HAL_GPIO_WritePin
 .text.HAL_GPIO_TogglePin
                0x0000000008001cc6        0x8 Drivers/STM32H7xx_HAL_Driver/stm32h7xx_hal_gpio.o
                0x0000000008001cc6                HAL_GPIO_TogglePin
 .text.PCD_WriteEmptyTxFifo
                0x0000000008001cce       0xc0 Drivers/STM32H7xx_HAL_Driver/stm32h7xx_hal_pcd.o
 .text.HAL_PCD_Init
                0x0000000008001d8e       0xfc Drivers/STM32H7xx_HAL_Driver/stm32h7xx_hal_pcd.o
                0x0000000008001d8e                HAL_PCD_Init
 .text.HAL_PCD_Start
                0x0000000008001e8a       0x14 Drivers/STM32H7xx_HAL_Driver/stm32h7xx_hal_pcd.o
                0x0000000008001e8a                HAL_PCD_Start
 *fill*         0x0000000008001e9e        0x2 
 .text.HAL_PCD_IRQHandler
                0x0000000008001ea0      0x658 Drivers/STM32H7xx_HAL_Driver/stm32h7xx_hal_pcd.o
                0x0000000008001ea0                HAL_PCD_IRQHandler
 .text.HAL_PCD_SetAddress
                0x00000000080024f8       0x24 Drivers/STM32H7xx_HAL_Driver/stm32h7xx_hal_pcd.o
                0x00000000080024f8                HAL_PCD_SetAddress
 .text.HAL_PCD_EP_Open
                0x000000000800251c       0x68 Drivers/STM32H7xx_HAL_Driver/stm32h7xx_hal_pcd.o
                0x000000000800251c                HAL_PCD_EP_Open
 .text.HAL_PCD_EP_Close
                0x0000000008002584       0x56 Drivers/STM32H7xx_HAL_Driver/stm32h7xx_hal_pcd.o
                0x0000000008002584                HAL_PCD_EP_Close
 .text.HAL_PCD_EP_Receive
                0x00000000080025da       0x5a Drivers/STM32H7xx_HAL_Driver/stm32h7xx_hal_pcd.o
                0x00000000080025da                HAL_PCD_EP_Receive
 .text.HAL_PCD_EP_Transmit
                0x0000000008002634       0x52 Drivers/STM32H7xx_HAL_Driver/stm32h7xx_hal_pcd.o
                0x0000000008002634                HAL_PCD_EP_Transmit
 .text.HAL_PCD_EP_SetStall
                0x0000000008002686       0x66 Drivers/STM32H7xx_HAL_Driver/stm32h7xx_hal_pcd.o
                0x0000000008002686                HAL_PCD_EP_SetStall
 .text.HAL_PCD_EP_ClrStall
                0x00000000080026ec       0x56 Drivers/STM32H7xx_HAL_Driver/stm32h7xx_hal_pcd.o
                0x00000000080026ec                HAL_PCD_EP_ClrStall
 .text.HAL_PCDEx_SetTxFiFo
                0x0000000008002742       0x48 Drivers/STM32H7xx_HAL_Driver/stm32h7xx_hal_pcd_ex.o
                0x0000000008002742                HAL_PCDEx_SetTxFiFo
 .text.HAL_PCDEx_SetRxFiFo
                0x000000000800278a        0x8 Drivers/STM32H7xx_HAL_Driver/stm32h7xx_hal_pcd_ex.o
                0x000000000800278a                HAL_PCDEx_SetRxFiFo
 *fill*         0x0000000008002792        0x2 
 .text.HAL_PCDEx_ActivateLPM
                0x0000000008002794       0x28 Drivers/STM32H7xx_HAL_Driver/stm32h7xx_hal_pcd_ex.o
                0x0000000008002794                HAL_PCDEx_ActivateLPM
 .text.HAL_PCDEx_ActivateBCD
                0x00000000080027bc       0x1c Drivers/STM32H7xx_HAL_Driver/stm32h7xx_hal_pcd_ex.o
                0x00000000080027bc                HAL_PCDEx_ActivateBCD
 .text.HAL_PCDEx_LPM_Callback
                0x00000000080027d8        0x2 Drivers/STM32H7xx_HAL_Driver/stm32h7xx_hal_pcd_ex.o
                0x00000000080027d8                HAL_PCDEx_LPM_Callback
 *fill*         0x00000000080027da        0x2 
 .text.HAL_PWREx_EnableUSBVoltageDetector
                0x00000000080027dc       0x10 Drivers/STM32H7xx_HAL_Driver/stm32h7xx_hal_pwr_ex.o
                0x00000000080027dc                HAL_PWREx_EnableUSBVoltageDetector
 .text.HAL_RCC_OscConfig
                0x00000000080027ec      0x588 Drivers/STM32H7xx_HAL_Driver/stm32h7xx_hal_rcc.o
                0x00000000080027ec                HAL_RCC_OscConfig
 .text.HAL_RCC_GetSysClockFreq
                0x0000000008002d74      0x1cc Drivers/STM32H7xx_HAL_Driver/stm32h7xx_hal_rcc.o
                0x0000000008002d74                HAL_RCC_GetSysClockFreq
 .text.HAL_RCC_ClockConfig
                0x0000000008002f40      0x1f0 Drivers/STM32H7xx_HAL_Driver/stm32h7xx_hal_rcc.o
                0x0000000008002f40                HAL_RCC_ClockConfig
 .text.HAL_RCC_GetHCLKFreq
                0x0000000008003130       0x34 Drivers/STM32H7xx_HAL_Driver/stm32h7xx_hal_rcc.o
                0x0000000008003130                HAL_RCC_GetHCLKFreq
 .text.HAL_RCC_GetPCLK1Freq
                0x0000000008003164       0x2c Drivers/STM32H7xx_HAL_Driver/stm32h7xx_hal_rcc.o
                0x0000000008003164                HAL_RCC_GetPCLK1Freq
 .text.HAL_RCC_GetPCLK2Freq
                0x0000000008003190       0x2c Drivers/STM32H7xx_HAL_Driver/stm32h7xx_hal_rcc.o
                0x0000000008003190                HAL_RCC_GetPCLK2Freq
 .text.RCCEx_PLL2_Config
                0x00000000080031bc       0xe8 Drivers/STM32H7xx_HAL_Driver/stm32h7xx_hal_rcc_ex.o
 .text.RCCEx_PLL3_Config
                0x00000000080032a4       0xe8 Drivers/STM32H7xx_HAL_Driver/stm32h7xx_hal_rcc_ex.o
 .text.HAL_RCCEx_PeriphCLKConfig
                0x000000000800338c      0x928 Drivers/STM32H7xx_HAL_Driver/stm32h7xx_hal_rcc_ex.o
                0x000000000800338c                HAL_RCCEx_PeriphCLKConfig
 .text.HAL_RCCEx_GetD3PCLK1Freq
                0x0000000008003cb4       0x2c Drivers/STM32H7xx_HAL_Driver/stm32h7xx_hal_rcc_ex.o
                0x0000000008003cb4                HAL_RCCEx_GetD3PCLK1Freq
 .text.HAL_RCCEx_GetPLL2ClockFreq
                0x0000000008003ce0      0x1cc Drivers/STM32H7xx_HAL_Driver/stm32h7xx_hal_rcc_ex.o
                0x0000000008003ce0                HAL_RCCEx_GetPLL2ClockFreq
 .text.HAL_RCCEx_GetPLL3ClockFreq
                0x0000000008003eac      0x1cc Drivers/STM32H7xx_HAL_Driver/stm32h7xx_hal_rcc_ex.o
                0x0000000008003eac                HAL_RCCEx_GetPLL3ClockFreq
 .text.HAL_RCCEx_GetD1SysClockFreq
                0x0000000008004078       0x34 Drivers/STM32H7xx_HAL_Driver/stm32h7xx_hal_rcc_ex.o
                0x0000000008004078                HAL_RCCEx_GetD1SysClockFreq
 .text.SPI_CloseTransfer
                0x00000000080040ac       0xd0 Drivers/STM32H7xx_HAL_Driver/stm32h7xx_hal_spi.o
 .text.SPI_GetPacketSize
                0x000000000800417c       0x10 Drivers/STM32H7xx_HAL_Driver/stm32h7xx_hal_spi.o
 .text.SPI_WaitOnFlagUntilTimeout
                0x000000000800418c       0x42 Drivers/STM32H7xx_HAL_Driver/stm32h7xx_hal_spi.o
 *fill*         0x00000000080041ce        0x2 
 .text.HAL_SPI_Init
                0x00000000080041d0      0x150 Drivers/STM32H7xx_HAL_Driver/stm32h7xx_hal_spi.o
                0x00000000080041d0                HAL_SPI_Init
 .text.HAL_SPI_Transmit
                0x0000000008004320      0x28c Drivers/STM32H7xx_HAL_Driver/stm32h7xx_hal_spi.o
                0x0000000008004320                HAL_SPI_Transmit
 .text.UART_SetConfig
                0x00000000080045ac      0x930 Drivers/STM32H7xx_HAL_Driver/stm32h7xx_hal_uart.o
                0x00000000080045ac                UART_SetConfig
 .text.UART_AdvFeatureConfig
                0x0000000008004edc       0xca Drivers/STM32H7xx_HAL_Driver/stm32h7xx_hal_uart.o
                0x0000000008004edc                UART_AdvFeatureConfig
 .text.UART_WaitOnFlagUntilTimeout
                0x0000000008004fa6       0x62 Drivers/STM32H7xx_HAL_Driver/stm32h7xx_hal_uart.o
                0x0000000008004fa6                UART_WaitOnFlagUntilTimeout
 .text.UART_CheckIdleState
                0x0000000008005008       0x70 Drivers/STM32H7xx_HAL_Driver/stm32h7xx_hal_uart.o
                0x0000000008005008                UART_CheckIdleState
 .text.HAL_UART_Init
                0x0000000008005078       0x66 Drivers/STM32H7xx_HAL_Driver/stm32h7xx_hal_uart.o
                0x0000000008005078                HAL_UART_Init
 *fill*         0x00000000080050de        0x2 
 .text.USB_CoreInit
                0x00000000080050e0       0x7c Drivers/STM32H7xx_HAL_Driver/stm32h7xx_ll_usb.o
                0x00000000080050e0                USB_CoreInit
 .text.USB_EnableGlobalInt
                0x000000000800515c        0xc Drivers/STM32H7xx_HAL_Driver/stm32h7xx_ll_usb.o
                0x000000000800515c                USB_EnableGlobalInt
 .text.USB_DisableGlobalInt
                0x0000000008005168        0xc Drivers/STM32H7xx_HAL_Driver/stm32h7xx_ll_usb.o
                0x0000000008005168                USB_DisableGlobalInt
 .text.USB_SetCurrentMode
                0x0000000008005174       0x2c Drivers/STM32H7xx_HAL_Driver/stm32h7xx_ll_usb.o
                0x0000000008005174                USB_SetCurrentMode
 .text.USB_DevInit
                0x00000000080051a0      0x15c Drivers/STM32H7xx_HAL_Driver/stm32h7xx_ll_usb.o
                0x00000000080051a0                USB_DevInit
 .text.USB_FlushTxFifo
                0x00000000080052fc       0x28 Drivers/STM32H7xx_HAL_Driver/stm32h7xx_ll_usb.o
                0x00000000080052fc                USB_FlushTxFifo
 .text.USB_FlushRxFifo
                0x0000000008005324       0x24 Drivers/STM32H7xx_HAL_Driver/stm32h7xx_ll_usb.o
                0x0000000008005324                USB_FlushRxFifo
 .text.USB_SetDevSpeed
                0x0000000008005348        0xe Drivers/STM32H7xx_HAL_Driver/stm32h7xx_ll_usb.o
                0x0000000008005348                USB_SetDevSpeed
 .text.USB_GetDevSpeed
                0x0000000008005356       0x40 Drivers/STM32H7xx_HAL_Driver/stm32h7xx_ll_usb.o
                0x0000000008005356                USB_GetDevSpeed
 *fill*         0x0000000008005396        0x2 
 .text.USB_ActivateEndpoint
                0x0000000008005398       0x90 Drivers/STM32H7xx_HAL_Driver/stm32h7xx_ll_usb.o
                0x0000000008005398                USB_ActivateEndpoint
 .text.USB_DeactivateEndpoint
                0x0000000008005428       0x7e Drivers/STM32H7xx_HAL_Driver/stm32h7xx_ll_usb.o
                0x0000000008005428                USB_DeactivateEndpoint
 *fill*         0x00000000080054a6        0x2 
 .text.USB_EPStartXfer
                0x00000000080054a8      0x260 Drivers/STM32H7xx_HAL_Driver/stm32h7xx_ll_usb.o
                0x00000000080054a8                USB_EPStartXfer
 .text.USB_EP0StartXfer
                0x0000000008005708      0x15c Drivers/STM32H7xx_HAL_Driver/stm32h7xx_ll_usb.o
                0x0000000008005708                USB_EP0StartXfer
 .text.USB_WritePacket
                0x0000000008005864       0x28 Drivers/STM32H7xx_HAL_Driver/stm32h7xx_ll_usb.o
                0x0000000008005864                USB_WritePacket
 .text.USB_ReadPacket
                0x000000000800588c       0x28 Drivers/STM32H7xx_HAL_Driver/stm32h7xx_ll_usb.o
                0x000000000800588c                USB_ReadPacket
 .text.USB_EPSetStall
                0x00000000080058b4       0x64 Drivers/STM32H7xx_HAL_Driver/stm32h7xx_ll_usb.o
                0x00000000080058b4                USB_EPSetStall
 .text.USB_EPClearStall
                0x0000000008005918       0x6a Drivers/STM32H7xx_HAL_Driver/stm32h7xx_ll_usb.o
                0x0000000008005918                USB_EPClearStall
 .text.USB_SetDevAddress
                0x0000000008005982       0x20 Drivers/STM32H7xx_HAL_Driver/stm32h7xx_ll_usb.o
                0x0000000008005982                USB_SetDevAddress
 .text.USB_DevConnect
                0x00000000080059a2       0x18 Drivers/STM32H7xx_HAL_Driver/stm32h7xx_ll_usb.o
                0x00000000080059a2                USB_DevConnect
 .text.USB_DevDisconnect
                0x00000000080059ba       0x18 Drivers/STM32H7xx_HAL_Driver/stm32h7xx_ll_usb.o
                0x00000000080059ba                USB_DevDisconnect
 .text.USB_ReadInterrupts
                0x00000000080059d2        0x8 Drivers/STM32H7xx_HAL_Driver/stm32h7xx_ll_usb.o
                0x00000000080059d2                USB_ReadInterrupts
 .text.USB_ReadDevAllOutEpInterrupt
                0x00000000080059da       0x10 Drivers/STM32H7xx_HAL_Driver/stm32h7xx_ll_usb.o
                0x00000000080059da                USB_ReadDevAllOutEpInterrupt
 .text.USB_ReadDevAllInEpInterrupt
                0x00000000080059ea       0x10 Drivers/STM32H7xx_HAL_Driver/stm32h7xx_ll_usb.o
                0x00000000080059ea                USB_ReadDevAllInEpInterrupt
 .text.USB_ReadDevOutEPInterrupt
                0x00000000080059fa       0x12 Drivers/STM32H7xx_HAL_Driver/stm32h7xx_ll_usb.o
                0x00000000080059fa                USB_ReadDevOutEPInterrupt
 .text.USB_ReadDevInEPInterrupt
                0x0000000008005a0c       0x24 Drivers/STM32H7xx_HAL_Driver/stm32h7xx_ll_usb.o
                0x0000000008005a0c                USB_ReadDevInEPInterrupt
 .text.USB_GetMode
                0x0000000008005a30        0x8 Drivers/STM32H7xx_HAL_Driver/stm32h7xx_ll_usb.o
                0x0000000008005a30                USB_GetMode
 .text.USB_ActivateSetup
                0x0000000008005a38       0x38 Drivers/STM32H7xx_HAL_Driver/stm32h7xx_ll_usb.o
                0x0000000008005a38                USB_ActivateSetup
 .text.USB_EP0_OutStart
                0x0000000008005a70       0x46 Drivers/STM32H7xx_HAL_Driver/stm32h7xx_ll_usb.o
                0x0000000008005a70                USB_EP0_OutStart
 *fill*         0x0000000008005ab6        0x2 
 .text.USB_CoreReset
                0x0000000008005ab8       0x3c Drivers/STM32H7xx_HAL_Driver/stm32h7xx_ll_usb.o
 .text.USBD_Init
                0x0000000008005af4       0x2e Middlewares/USB_Device_Library/usbd_core.o
                0x0000000008005af4                USBD_Init
 .text.USBD_RegisterClass
                0x0000000008005b22        0xe Middlewares/USB_Device_Library/usbd_core.o
                0x0000000008005b22                USBD_RegisterClass
 .text.USBD_Start
                0x0000000008005b30        0xa Middlewares/USB_Device_Library/usbd_core.o
                0x0000000008005b30                USBD_Start
 .text.USBD_SetClassConfig
                0x0000000008005b3a       0x1a Middlewares/USB_Device_Library/usbd_core.o
                0x0000000008005b3a                USBD_SetClassConfig
 .text.USBD_ClrClassConfig
                0x0000000008005b54        0xe Middlewares/USB_Device_Library/usbd_core.o
                0x0000000008005b54                USBD_ClrClassConfig
 .text.USBD_LL_SetupStage
                0x0000000008005b62       0x5a Middlewares/USB_Device_Library/usbd_core.o
                0x0000000008005b62                USBD_LL_SetupStage
 .text.USBD_LL_DataOutStage
                0x0000000008005bbc       0x6a Middlewares/USB_Device_Library/usbd_core.o
                0x0000000008005bbc                USBD_LL_DataOutStage
 .text.USBD_LL_DataInStage
                0x0000000008005c26       0xb0 Middlewares/USB_Device_Library/usbd_core.o
                0x0000000008005c26                USBD_LL_DataInStage
 .text.USBD_LL_Reset
                0x0000000008005cd6       0x3e Middlewares/USB_Device_Library/usbd_core.o
                0x0000000008005cd6                USBD_LL_Reset
 .text.USBD_LL_SetSpeed
                0x0000000008005d14        0x6 Middlewares/USB_Device_Library/usbd_core.o
                0x0000000008005d14                USBD_LL_SetSpeed
 .text.USBD_LL_Suspend
                0x0000000008005d1a       0x12 Middlewares/USB_Device_Library/usbd_core.o
                0x0000000008005d1a                USBD_LL_Suspend
 .text.USBD_LL_Resume
                0x0000000008005d2c        0xc Middlewares/USB_Device_Library/usbd_core.o
                0x0000000008005d2c                USBD_LL_Resume
 .text.USBD_LL_SOF
                0x0000000008005d38       0x1c Middlewares/USB_Device_Library/usbd_core.o
                0x0000000008005d38                USBD_LL_SOF
 .text.USBD_LL_IsoINIncomplete
                0x0000000008005d54        0x4 Middlewares/USB_Device_Library/usbd_core.o
                0x0000000008005d54                USBD_LL_IsoINIncomplete
 .text.USBD_LL_IsoOUTIncomplete
                0x0000000008005d58        0x4 Middlewares/USB_Device_Library/usbd_core.o
                0x0000000008005d58                USBD_LL_IsoOUTIncomplete
 .text.USBD_LL_DevConnected
                0x0000000008005d5c        0x4 Middlewares/USB_Device_Library/usbd_core.o
                0x0000000008005d5c                USBD_LL_DevConnected
 .text.USBD_LL_DevDisconnected
                0x0000000008005d60       0x16 Middlewares/USB_Device_Library/usbd_core.o
                0x0000000008005d60                USBD_LL_DevDisconnected
 .text.USBD_GetLen
                0x0000000008005d76       0x14 Middlewares/USB_Device_Library/usbd_ctlreq.o
 .text.USBD_SetFeature
                0x0000000008005d8a       0x20 Middlewares/USB_Device_Library/usbd_ctlreq.o
 .text.USBD_ParseSetupRequest
                0x0000000008005daa       0x28 Middlewares/USB_Device_Library/usbd_ctlreq.o
                0x0000000008005daa                USBD_ParseSetupRequest
 .text.USBD_CtlError
                0x0000000008005dd2       0x14 Middlewares/USB_Device_Library/usbd_ctlreq.o
                0x0000000008005dd2                USBD_CtlError
 .text.USBD_GetDescriptor
                0x0000000008005de6      0x138 Middlewares/USB_Device_Library/usbd_ctlreq.o
 .text.USBD_SetAddress
                0x0000000008005f1e       0x4a Middlewares/USB_Device_Library/usbd_ctlreq.o
 .text.USBD_SetConfig
                0x0000000008005f68       0xa4 Middlewares/USB_Device_Library/usbd_ctlreq.o
 .text.USBD_GetConfig
                0x000000000800600c       0x3a Middlewares/USB_Device_Library/usbd_ctlreq.o
 .text.USBD_GetStatus
                0x0000000008006046       0x2c Middlewares/USB_Device_Library/usbd_ctlreq.o
 .text.USBD_ClrFeature
                0x0000000008006072       0x30 Middlewares/USB_Device_Library/usbd_ctlreq.o
 .text.USBD_StdDevReq
                0x00000000080060a2       0x48 Middlewares/USB_Device_Library/usbd_ctlreq.o
                0x00000000080060a2                USBD_StdDevReq
 .text.USBD_StdItfReq
                0x00000000080060ea       0x38 Middlewares/USB_Device_Library/usbd_ctlreq.o
                0x00000000080060ea                USBD_StdItfReq
 .text.USBD_StdEPReq
                0x0000000008006122      0x138 Middlewares/USB_Device_Library/usbd_ctlreq.o
                0x0000000008006122                USBD_StdEPReq
 .text.USBD_GetString
                0x000000000800625a       0x3a Middlewares/USB_Device_Library/usbd_ctlreq.o
                0x000000000800625a                USBD_GetString
 .text.USBD_CUSTOM_HID_GetCfgDesc
                0x0000000008006294        0xc Middlewares/USB_Device_Library/usbd_customhid.o
 .text.USBD_CUSTOM_HID_DataIn
                0x00000000080062a0        0xc Middlewares/USB_Device_Library/usbd_customhid.o
 .text.USBD_CUSTOM_HID_EP0_RxReady
                0x00000000080062ac       0x20 Middlewares/USB_Device_Library/usbd_customhid.o
 .text.USBD_CUSTOM_HID_GetDeviceQualifierDesc
                0x00000000080062cc        0xc Middlewares/USB_Device_Library/usbd_customhid.o
 .text.USBD_CUSTOM_HID_DataOut
                0x00000000080062d8       0x24 Middlewares/USB_Device_Library/usbd_customhid.o
 .text.USBD_CUSTOM_HID_Setup
                0x00000000080062fc       0xd4 Middlewares/USB_Device_Library/usbd_customhid.o
 .text.USBD_CUSTOM_HID_DeInit
                0x00000000080063d0       0x32 Middlewares/USB_Device_Library/usbd_customhid.o
 .text.USBD_CUSTOM_HID_Init
                0x0000000008006402       0x4a Middlewares/USB_Device_Library/usbd_customhid.o
 .text.USBD_CUSTOM_HID_SendReport
                0x000000000800644c       0x2c Middlewares/USB_Device_Library/usbd_customhid.o
                0x000000000800644c                USBD_CUSTOM_HID_SendReport
 .text.USBD_CUSTOM_HID_RegisterInterface
                0x0000000008006478        0xe Middlewares/USB_Device_Library/usbd_customhid.o
                0x0000000008006478                USBD_CUSTOM_HID_RegisterInterface
 .text.USBD_CtlSendData
                0x0000000008006486       0x1a Middlewares/USB_Device_Library/usbd_ioreq.o
                0x0000000008006486                USBD_CtlSendData
 .text.USBD_CtlContinueSendData
                0x00000000080064a0       0x10 Middlewares/USB_Device_Library/usbd_ioreq.o
                0x00000000080064a0                USBD_CtlContinueSendData
 .text.USBD_CtlPrepareRx
                0x00000000080064b0       0x1e Middlewares/USB_Device_Library/usbd_ioreq.o
                0x00000000080064b0                USBD_CtlPrepareRx
 .text.USBD_CtlContinueRx
                0x00000000080064ce       0x10 Middlewares/USB_Device_Library/usbd_ioreq.o
                0x00000000080064ce                USBD_CtlContinueRx
 .text.USBD_CtlSendStatus
                0x00000000080064de       0x16 Middlewares/USB_Device_Library/usbd_ioreq.o
                0x00000000080064de                USBD_CtlSendStatus
 .text.USBD_CtlReceiveStatus
                0x00000000080064f4       0x16 Middlewares/USB_Device_Library/usbd_ioreq.o
                0x00000000080064f4                USBD_CtlReceiveStatus
 *fill*         0x000000000800650a        0x2 
 .text.__libc_init_array
                0x000000000800650c       0x48 /home/kbisland/Ac6/SystemWorkbench/plugins/fr.ac6.mcu.externaltools.arm-none.linux64_1.17.0.201812190825/tools/compiler/bin/../lib/gcc/arm-none-eabi/7.3.1/../../../../arm-none-eabi/lib/thumb/v7e-m/fpv5/hard/libc_nano.a(lib_a-init.o)
                0x000000000800650c                __libc_init_array
 .text.malloc   0x0000000008006554       0x10 /home/kbisland/Ac6/SystemWorkbench/plugins/fr.ac6.mcu.externaltools.arm-none.linux64_1.17.0.201812190825/tools/compiler/bin/../lib/gcc/arm-none-eabi/7.3.1/../../../../arm-none-eabi/lib/thumb/v7e-m/fpv5/hard/libc_nano.a(lib_a-malloc.o)
                0x0000000008006554                malloc
 .text.free     0x0000000008006564       0x10 /home/kbisland/Ac6/SystemWorkbench/plugins/fr.ac6.mcu.externaltools.arm-none.linux64_1.17.0.201812190825/tools/compiler/bin/../lib/gcc/arm-none-eabi/7.3.1/../../../../arm-none-eabi/lib/thumb/v7e-m/fpv5/hard/libc_nano.a(lib_a-malloc.o)
                0x0000000008006564                free
 .text._free_r  0x0000000008006574       0x9c /home/kbisland/Ac6/SystemWorkbench/plugins/fr.ac6.mcu.externaltools.arm-none.linux64_1.17.0.201812190825/tools/compiler/bin/../lib/gcc/arm-none-eabi/7.3.1/../../../../arm-none-eabi/lib/thumb/v7e-m/fpv5/hard/libc_nano.a(lib_a-nano-freer.o)
                0x0000000008006574                _free_r
 .text._malloc_r
                0x0000000008006610       0xb4 /home/kbisland/Ac6/SystemWorkbench/plugins/fr.ac6.mcu.externaltools.arm-none.linux64_1.17.0.201812190825/tools/compiler/bin/../lib/gcc/arm-none-eabi/7.3.1/../../../../arm-none-eabi/lib/thumb/v7e-m/fpv5/hard/libc_nano.a(lib_a-nano-mallocr.o)
                0x0000000008006610                _malloc_r
 .text._sbrk_r  0x00000000080066c4       0x20 /home/kbisland/Ac6/SystemWorkbench/plugins/fr.ac6.mcu.externaltools.arm-none.linux64_1.17.0.201812190825/tools/compiler/bin/../lib/gcc/arm-none-eabi/7.3.1/../../../../arm-none-eabi/lib/thumb/v7e-m/fpv5/hard/libc_nano.a(lib_a-sbrkr.o)
                0x00000000080066c4                _sbrk_r
 .text.__malloc_lock
                0x00000000080066e4        0x2 /home/kbisland/Ac6/SystemWorkbench/plugins/fr.ac6.mcu.externaltools.arm-none.linux64_1.17.0.201812190825/tools/compiler/bin/../lib/gcc/arm-none-eabi/7.3.1/../../../../arm-none-eabi/lib/thumb/v7e-m/fpv5/hard/libc_nano.a(lib_a-mlock.o)
                0x00000000080066e4                __malloc_lock
 .text.__malloc_unlock
                0x00000000080066e6        0x2 /home/kbisland/Ac6/SystemWorkbench/plugins/fr.ac6.mcu.externaltools.arm-none.linux64_1.17.0.201812190825/tools/compiler/bin/../lib/gcc/arm-none-eabi/7.3.1/../../../../arm-none-eabi/lib/thumb/v7e-m/fpv5/hard/libc_nano.a(lib_a-mlock.o)
                0x00000000080066e6                __malloc_unlock
 .text._sbrk    0x00000000080066e8       0x1c /home/kbisland/Ac6/SystemWorkbench/plugins/fr.ac6.mcu.externaltools.arm-none.linux64_1.17.0.201812190825/tools/compiler/bin/../lib/gcc/arm-none-eabi/7.3.1/../../../../arm-none-eabi/lib/thumb/v7e-m/fpv5/hard/libnosys.a(sbrk.o)
                0x00000000080066e8                _sbrk
 *(.glue_7)
 .glue_7        0x0000000008006704        0x0 linker stubs
 *(.glue_7t)
 .glue_7t       0x0000000008006704        0x0 linker stubs
 *(.eh_frame)
 .eh_frame      0x0000000008006704        0x0 /home/kbisland/Ac6/SystemWorkbench/plugins/fr.ac6.mcu.externaltools.arm-none.linux64_1.17.0.201812190825/tools/compiler/bin/../lib/gcc/arm-none-eabi/7.3.1/thumb/v7e-m/fpv5/hard/crtbegin.o
 *(.init)
 .init          0x0000000008006704        0x4 /home/kbisland/Ac6/SystemWorkbench/plugins/fr.ac6.mcu.externaltools.arm-none.linux64_1.17.0.201812190825/tools/compiler/bin/../lib/gcc/arm-none-eabi/7.3.1/thumb/v7e-m/fpv5/hard/crti.o
                0x0000000008006704                _init
 .init          0x0000000008006708        0x8 /home/kbisland/Ac6/SystemWorkbench/plugins/fr.ac6.mcu.externaltools.arm-none.linux64_1.17.0.201812190825/tools/compiler/bin/../lib/gcc/arm-none-eabi/7.3.1/thumb/v7e-m/fpv5/hard/crtn.o
 *(.fini)
 .fini          0x0000000008006710        0x4 /home/kbisland/Ac6/SystemWorkbench/plugins/fr.ac6.mcu.externaltools.arm-none.linux64_1.17.0.201812190825/tools/compiler/bin/../lib/gcc/arm-none-eabi/7.3.1/thumb/v7e-m/fpv5/hard/crti.o
                0x0000000008006710                _fini
 .fini          0x0000000008006714        0x8 /home/kbisland/Ac6/SystemWorkbench/plugins/fr.ac6.mcu.externaltools.arm-none.linux64_1.17.0.201812190825/tools/compiler/bin/../lib/gcc/arm-none-eabi/7.3.1/thumb/v7e-m/fpv5/hard/crtn.o
                0x000000000800671c                . = ALIGN (0x4)
                0x000000000800671c                _etext = .

.vfp11_veneer   0x000000000800671c        0x0
 .vfp11_veneer  0x000000000800671c        0x0 linker stubs

.v4_bx          0x000000000800671c        0x0
 .v4_bx         0x000000000800671c        0x0 linker stubs

.iplt           0x000000000800671c        0x0
 .iplt          0x000000000800671c        0x0 /home/kbisland/Ac6/SystemWorkbench/plugins/fr.ac6.mcu.externaltools.arm-none.linux64_1.17.0.201812190825/tools/compiler/bin/../lib/gcc/arm-none-eabi/7.3.1/thumb/v7e-m/fpv5/hard/crtbegin.o

.rodata         0x000000000800671c      0x10c
                0x000000000800671c                . = ALIGN (0x4)
 *(.rodata)
 .rodata        0x000000000800671c       0x10 Drivers/CMSIS/system_stm32h7xx.o
                0x000000000800671c                D1CorePrescTable
 .rodata        0x000000000800672c       0x18 Drivers/STM32H7xx_HAL_Driver/stm32h7xx_hal_uart.o
 *(.rodata*)
 .rodata.str1.4
                0x0000000008006744       0x35 Application/User/main.o
 *fill*         0x0000000008006779        0x3 
 .rodata.str1.4
                0x000000000800677c       0x3a Application/User/usbd_conf.o
 *fill*         0x00000000080067b6        0x2 
 .rodata.str1.4
                0x00000000080067b8       0x70 Application/User/usbd_desc.o
                                         0x6d (size before relaxing)
                0x0000000008006828                . = ALIGN (0x4)

.ARM.extab
 *(.ARM.extab* .gnu.linkonce.armextab.*)

.ARM            0x0000000008006828        0x8
                0x0000000008006828                __exidx_start = .
 *(.ARM.exidx*)
 .ARM.exidx     0x0000000008006828        0x8 /home/kbisland/Ac6/SystemWorkbench/plugins/fr.ac6.mcu.externaltools.arm-none.linux64_1.17.0.201812190825/tools/compiler/bin/../lib/gcc/arm-none-eabi/7.3.1/thumb/v7e-m/fpv5/hard/libgcc.a(_udivmoddi4.o)
                0x0000000008006830                __exidx_end = .

.rel.dyn        0x0000000008006830        0x0
 .rel.iplt      0x0000000008006830        0x0 /home/kbisland/Ac6/SystemWorkbench/plugins/fr.ac6.mcu.externaltools.arm-none.linux64_1.17.0.201812190825/tools/compiler/bin/../lib/gcc/arm-none-eabi/7.3.1/thumb/v7e-m/fpv5/hard/crtbegin.o

.preinit_array  0x0000000008006830        0x0
                0x0000000008006830                PROVIDE (__preinit_array_start = .)
 *(.preinit_array*)
                0x0000000008006830                PROVIDE (__preinit_array_end = .)

.init_array     0x0000000008006830        0x4
                0x0000000008006830                PROVIDE (__init_array_start = .)
 *(SORT_BY_NAME(.init_array.*))
 *(.init_array*)
 .init_array    0x0000000008006830        0x4 /home/kbisland/Ac6/SystemWorkbench/plugins/fr.ac6.mcu.externaltools.arm-none.linux64_1.17.0.201812190825/tools/compiler/bin/../lib/gcc/arm-none-eabi/7.3.1/thumb/v7e-m/fpv5/hard/crtbegin.o
                0x0000000008006834                PROVIDE (__init_array_end = .)

.fini_array     0x0000000008006834        0x4
                [!provide]                        PROVIDE (__fini_array_start = .)
 *(SORT_BY_NAME(.fini_array.*))
 *(.fini_array*)
 .fini_array    0x0000000008006834        0x4 /home/kbisland/Ac6/SystemWorkbench/plugins/fr.ac6.mcu.externaltools.arm-none.linux64_1.17.0.201812190825/tools/compiler/bin/../lib/gcc/arm-none-eabi/7.3.1/thumb/v7e-m/fpv5/hard/crtbegin.o
                [!provide]                        PROVIDE (__fini_array_end = .)
                0x0000000008006838                _sidata = LOADADDR (.data)

.data           0x0000000020000000      0x1d4 load address 0x0000000008006838
                0x0000000020000000                . = ALIGN (0x4)
                0x0000000020000000                _sdata = .
 *(.data)
 .data          0x0000000020000000        0xa Application/User/main.o
                0x0000000020000000                SendData
 *fill*         0x000000002000000a        0x2 
 .data          0x000000002000000c       0x70 Application/User/usbd_custom_hid_if.o
                0x000000002000000c                USBD_CustomHID_fops_HS
                0x000000002000001c                USBD_CustomHID_fops_FS
 .data          0x000000002000007c       0x64 Application/User/usbd_desc.o
                0x000000002000007c                USBD_HS_DeviceDesc
                0x0000000020000090                USBD_LangIDDesc
                0x0000000020000094                USBD_FS_DeviceDesc
                0x00000000200000a8                HS_Desc
                0x00000000200000c4                FS_Desc
 .data          0x00000000200000e0        0x8 Drivers/CMSIS/system_stm32h7xx.o
                0x00000000200000e0                SystemCoreClock
                0x00000000200000e4                SystemD2Clock
 .data          0x00000000200000e8        0x8 Drivers/STM32H7xx_HAL_Driver/stm32h7xx_hal.o
 .data          0x00000000200000f0       0x80 Middlewares/USB_Device_Library/usbd_customhid.o
                0x0000000020000134                USBD_CUSTOM_HID
 *(.data*)
 .data._impure_ptr
                0x0000000020000170        0x4 /home/kbisland/Ac6/SystemWorkbench/plugins/fr.ac6.mcu.externaltools.arm-none.linux64_1.17.0.201812190825/tools/compiler/bin/../lib/gcc/arm-none-eabi/7.3.1/../../../../arm-none-eabi/lib/thumb/v7e-m/fpv5/hard/libc_nano.a(lib_a-impure.o)
                0x0000000020000170                _impure_ptr
 .data.impure_data
                0x0000000020000174       0x60 /home/kbisland/Ac6/SystemWorkbench/plugins/fr.ac6.mcu.externaltools.arm-none.linux64_1.17.0.201812190825/tools/compiler/bin/../lib/gcc/arm-none-eabi/7.3.1/../../../../arm-none-eabi/lib/thumb/v7e-m/fpv5/hard/libc_nano.a(lib_a-impure.o)
                0x00000000200001d4                . = ALIGN (0x4)
                0x00000000200001d4                _edata = .

.igot.plt       0x00000000200001d4        0x0 load address 0x0000000008006a0c
 .igot.plt      0x00000000200001d4        0x0 /home/kbisland/Ac6/SystemWorkbench/plugins/fr.ac6.mcu.externaltools.arm-none.linux64_1.17.0.201812190825/tools/compiler/bin/../lib/gcc/arm-none-eabi/7.3.1/thumb/v7e-m/fpv5/hard/crtbegin.o
                0x00000000200001d4                . = ALIGN (0x4)

.bss            0x00000000200001d4     0x1270 load address 0x0000000008006a0c
                0x00000000200001d4                _sbss = .
                0x00000000200001d4                __bss_start__ = _sbss
 *(.bss)
 .bss           0x00000000200001d4       0x1c /home/kbisland/Ac6/SystemWorkbench/plugins/fr.ac6.mcu.externaltools.arm-none.linux64_1.17.0.201812190825/tools/compiler/bin/../lib/gcc/arm-none-eabi/7.3.1/thumb/v7e-m/fpv5/hard/crtbegin.o
 .bss           0x00000000200001f0       0x44 Application/User/main.o
                0x00000000200001f0                motorSetPoints
                0x0000000020000230                motor
 .bss           0x0000000020000234        0x4 Drivers/STM32H7xx_HAL_Driver/stm32h7xx_hal.o
 .bss           0x0000000020000238        0x1 Middlewares/USB_Device_Library/usbd_ctlreq.o
 *(.bss*)
 *fill*         0x0000000020000239        0x3 
 .bss.__malloc_free_list
                0x000000002000023c        0x4 /home/kbisland/Ac6/SystemWorkbench/plugins/fr.ac6.mcu.externaltools.arm-none.linux64_1.17.0.201812190825/tools/compiler/bin/../lib/gcc/arm-none-eabi/7.3.1/../../../../arm-none-eabi/lib/thumb/v7e-m/fpv5/hard/libc_nano.a(lib_a-nano-mallocr.o)
                0x000000002000023c                __malloc_free_list
 .bss.__malloc_sbrk_start
                0x0000000020000240        0x4 /home/kbisland/Ac6/SystemWorkbench/plugins/fr.ac6.mcu.externaltools.arm-none.linux64_1.17.0.201812190825/tools/compiler/bin/../lib/gcc/arm-none-eabi/7.3.1/../../../../arm-none-eabi/lib/thumb/v7e-m/fpv5/hard/libc_nano.a(lib_a-nano-mallocr.o)
                0x0000000020000240                __malloc_sbrk_start
 .bss.heap_end.5377
                0x0000000020000244        0x4 /home/kbisland/Ac6/SystemWorkbench/plugins/fr.ac6.mcu.externaltools.arm-none.linux64_1.17.0.201812190825/tools/compiler/bin/../lib/gcc/arm-none-eabi/7.3.1/../../../../arm-none-eabi/lib/thumb/v7e-m/fpv5/hard/libnosys.a(sbrk.o)
 *(COMMON)
 COMMON         0x0000000020000248      0x3ae Application/User/main.o
                0x0000000020000248                usb_rx_buffer
                0x0000000020000288                SPI5_RxBuffer
                0x0000000020000294                hspi2
                0x000000002000031c                hspi6
                0x00000000200003a4                SPI3_RxBuffer
                0x00000000200003b0                hspi3
                0x0000000020000438                SPI2_RxBuffer
                0x0000000020000444                huart1
                0x00000000200004c4                hspi4
                0x000000002000054c                SPI1_RxBuffer
                0x0000000020000558                hspi1
                0x00000000200005e0                SPI4_RxBuffer
                0x00000000200005ec                SPI6_RxBuffer
 *fill*         0x00000000200005f6        0x2 
 COMMON         0x00000000200005f8      0x448 Application/User/usb_device.o
                0x00000000200005f8                hUsbDeviceFS
                0x000000002000081c                hUsbDeviceHS
 COMMON         0x0000000020000a40      0x800 Application/User/usbd_conf.o
                0x0000000020000a40                hpcd_USB_OTG_HS
                0x0000000020000e40                hpcd_USB_OTG_FS
 COMMON         0x0000000020001240      0x200 Application/User/usbd_desc.o
                0x0000000020001240                USBD_StrDesc
 COMMON         0x0000000020001440        0x4 /home/kbisland/Ac6/SystemWorkbench/plugins/fr.ac6.mcu.externaltools.arm-none.linux64_1.17.0.201812190825/tools/compiler/bin/../lib/gcc/arm-none-eabi/7.3.1/../../../../arm-none-eabi/lib/thumb/v7e-m/fpv5/hard/libc_nano.a(lib_a-reent.o)
                0x0000000020001440                errno
                0x0000000020001444                . = ALIGN (0x4)
                0x0000000020001444                _ebss = .
                0x0000000020001444                __bss_end__ = _ebss

._user_heap_stack
                0x0000000020001444      0x604 load address 0x0000000008006a0c
                0x0000000020001448                . = ALIGN (0x8)
 *fill*         0x0000000020001444        0x4 
                0x0000000020001448                PROVIDE (end = .)
                [!provide]                        PROVIDE (_end = .)
                0x0000000020001648                . = (. + _Min_Heap_Size)
 *fill*         0x0000000020001448      0x200 
                0x0000000020001a48                . = (. + _Min_Stack_Size)
 *fill*         0x0000000020001648      0x400 
                0x0000000020001a48                . = ALIGN (0x8)

/DISCARD/
 libc.a(*)
 libm.a(*)
 libgcc.a(*)

.ARM.attributes
                0x0000000000000000       0x2e
 *(.ARM.attributes)
 .ARM.attributes
                0x0000000000000000       0x20 /home/kbisland/Ac6/SystemWorkbench/plugins/fr.ac6.mcu.externaltools.arm-none.linux64_1.17.0.201812190825/tools/compiler/bin/../lib/gcc/arm-none-eabi/7.3.1/thumb/v7e-m/fpv5/hard/crti.o
 .ARM.attributes
                0x0000000000000020       0x32 /home/kbisland/Ac6/SystemWorkbench/plugins/fr.ac6.mcu.externaltools.arm-none.linux64_1.17.0.201812190825/tools/compiler/bin/../lib/gcc/arm-none-eabi/7.3.1/thumb/v7e-m/fpv5/hard/crtbegin.o
 .ARM.attributes
                0x0000000000000052       0x21 Application/SW4STM32/startup_stm32h753xx.o
 .ARM.attributes
                0x0000000000000073       0x37 Application/User/main.o
 .ARM.attributes
                0x00000000000000aa       0x37 Application/User/stm32h7xx_hal_msp.o
 .ARM.attributes
                0x00000000000000e1       0x37 Application/User/stm32h7xx_it.o
 .ARM.attributes
                0x0000000000000118       0x37 Application/User/usb_device.o
 .ARM.attributes
                0x000000000000014f       0x37 Application/User/usbd_conf.o
 .ARM.attributes
                0x0000000000000186       0x37 Application/User/usbd_custom_hid_if.o
 .ARM.attributes
                0x00000000000001bd       0x37 Application/User/usbd_desc.o
 .ARM.attributes
                0x00000000000001f4       0x37 Drivers/CMSIS/system_stm32h7xx.o
 .ARM.attributes
                0x000000000000022b       0x37 Drivers/STM32H7xx_HAL_Driver/stm32h7xx_hal.o
 .ARM.attributes
                0x0000000000000262       0x37 Drivers/STM32H7xx_HAL_Driver/stm32h7xx_hal_cortex.o
 .ARM.attributes
                0x0000000000000299       0x37 Drivers/STM32H7xx_HAL_Driver/stm32h7xx_hal_gpio.o
 .ARM.attributes
                0x00000000000002d0       0x37 Drivers/STM32H7xx_HAL_Driver/stm32h7xx_hal_pcd.o
 .ARM.attributes
                0x0000000000000307       0x37 Drivers/STM32H7xx_HAL_Driver/stm32h7xx_hal_pcd_ex.o
 .ARM.attributes
                0x000000000000033e       0x37 Drivers/STM32H7xx_HAL_Driver/stm32h7xx_hal_pwr_ex.o
 .ARM.attributes
                0x0000000000000375       0x37 Drivers/STM32H7xx_HAL_Driver/stm32h7xx_hal_rcc.o
 .ARM.attributes
                0x00000000000003ac       0x37 Drivers/STM32H7xx_HAL_Driver/stm32h7xx_hal_rcc_ex.o
 .ARM.attributes
                0x00000000000003e3       0x37 Drivers/STM32H7xx_HAL_Driver/stm32h7xx_hal_spi.o
 .ARM.attributes
                0x000000000000041a       0x37 Drivers/STM32H7xx_HAL_Driver/stm32h7xx_hal_uart.o
 .ARM.attributes
                0x0000000000000451       0x37 Drivers/STM32H7xx_HAL_Driver/stm32h7xx_ll_usb.o
 .ARM.attributes
                0x0000000000000488       0x37 Middlewares/USB_Device_Library/usbd_core.o
 .ARM.attributes
                0x00000000000004bf       0x37 Middlewares/USB_Device_Library/usbd_ctlreq.o
 .ARM.attributes
                0x00000000000004f6       0x37 Middlewares/USB_Device_Library/usbd_customhid.o
 .ARM.attributes
                0x000000000000052d       0x37 Middlewares/USB_Device_Library/usbd_ioreq.o
 .ARM.attributes
                0x0000000000000564       0x20 /home/kbisland/Ac6/SystemWorkbench/plugins/fr.ac6.mcu.externaltools.arm-none.linux64_1.17.0.201812190825/tools/compiler/bin/../lib/gcc/arm-none-eabi/7.3.1/thumb/v7e-m/fpv5/hard/libgcc.a(_aeabi_uldivmod.o)
 .ARM.attributes
                0x0000000000000584       0x32 /home/kbisland/Ac6/SystemWorkbench/plugins/fr.ac6.mcu.externaltools.arm-none.linux64_1.17.0.201812190825/tools/compiler/bin/../lib/gcc/arm-none-eabi/7.3.1/thumb/v7e-m/fpv5/hard/libgcc.a(_udivmoddi4.o)
 .ARM.attributes
                0x00000000000005b6       0x20 /home/kbisland/Ac6/SystemWorkbench/plugins/fr.ac6.mcu.externaltools.arm-none.linux64_1.17.0.201812190825/tools/compiler/bin/../lib/gcc/arm-none-eabi/7.3.1/thumb/v7e-m/fpv5/hard/libgcc.a(_dvmd_tls.o)
 .ARM.attributes
                0x00000000000005d6       0x32 /home/kbisland/Ac6/SystemWorkbench/plugins/fr.ac6.mcu.externaltools.arm-none.linux64_1.17.0.201812190825/tools/compiler/bin/../lib/gcc/arm-none-eabi/7.3.1/../../../../arm-none-eabi/lib/thumb/v7e-m/fpv5/hard/libc_nano.a(lib_a-impure.o)
 .ARM.attributes
                0x0000000000000608       0x32 /home/kbisland/Ac6/SystemWorkbench/plugins/fr.ac6.mcu.externaltools.arm-none.linux64_1.17.0.201812190825/tools/compiler/bin/../lib/gcc/arm-none-eabi/7.3.1/../../../../arm-none-eabi/lib/thumb/v7e-m/fpv5/hard/libc_nano.a(lib_a-init.o)
 .ARM.attributes
                0x000000000000063a       0x32 /home/kbisland/Ac6/SystemWorkbench/plugins/fr.ac6.mcu.externaltools.arm-none.linux64_1.17.0.201812190825/tools/compiler/bin/../lib/gcc/arm-none-eabi/7.3.1/../../../../arm-none-eabi/lib/thumb/v7e-m/fpv5/hard/libc_nano.a(lib_a-malloc.o)
 .ARM.attributes
                0x000000000000066c       0x32 /home/kbisland/Ac6/SystemWorkbench/plugins/fr.ac6.mcu.externaltools.arm-none.linux64_1.17.0.201812190825/tools/compiler/bin/../lib/gcc/arm-none-eabi/7.3.1/../../../../arm-none-eabi/lib/thumb/v7e-m/fpv5/hard/libc_nano.a(lib_a-nano-freer.o)
 .ARM.attributes
                0x000000000000069e       0x32 /home/kbisland/Ac6/SystemWorkbench/plugins/fr.ac6.mcu.externaltools.arm-none.linux64_1.17.0.201812190825/tools/compiler/bin/../lib/gcc/arm-none-eabi/7.3.1/../../../../arm-none-eabi/lib/thumb/v7e-m/fpv5/hard/libc_nano.a(lib_a-nano-mallocr.o)
 .ARM.attributes
                0x00000000000006d0       0x32 /home/kbisland/Ac6/SystemWorkbench/plugins/fr.ac6.mcu.externaltools.arm-none.linux64_1.17.0.201812190825/tools/compiler/bin/../lib/gcc/arm-none-eabi/7.3.1/../../../../arm-none-eabi/lib/thumb/v7e-m/fpv5/hard/libc_nano.a(lib_a-sbrkr.o)
 .ARM.attributes
                0x0000000000000702       0x32 /home/kbisland/Ac6/SystemWorkbench/plugins/fr.ac6.mcu.externaltools.arm-none.linux64_1.17.0.201812190825/tools/compiler/bin/../lib/gcc/arm-none-eabi/7.3.1/../../../../arm-none-eabi/lib/thumb/v7e-m/fpv5/hard/libc_nano.a(lib_a-mlock.o)
 .ARM.attributes
                0x0000000000000734       0x32 /home/kbisland/Ac6/SystemWorkbench/plugins/fr.ac6.mcu.externaltools.arm-none.linux64_1.17.0.201812190825/tools/compiler/bin/../lib/gcc/arm-none-eabi/7.3.1/../../../../arm-none-eabi/lib/thumb/v7e-m/fpv5/hard/libc_nano.a(lib_a-reent.o)
 .ARM.attributes
                0x0000000000000766       0x32 /home/kbisland/Ac6/SystemWorkbench/plugins/fr.ac6.mcu.externaltools.arm-none.linux64_1.17.0.201812190825/tools/compiler/bin/../lib/gcc/arm-none-eabi/7.3.1/../../../../arm-none-eabi/lib/thumb/v7e-m/fpv5/hard/libnosys.a(sbrk.o)
 .ARM.attributes
                0x0000000000000798       0x20 /home/kbisland/Ac6/SystemWorkbench/plugins/fr.ac6.mcu.externaltools.arm-none.linux64_1.17.0.201812190825/tools/compiler/bin/../lib/gcc/arm-none-eabi/7.3.1/thumb/v7e-m/fpv5/hard/crtn.o
OUTPUT(SmallKatMQP_Motherboard_V2.elf elf32-littlearm)

.debug_line     0x0000000000000000    0x11a73
 .debug_line    0x0000000000000000       0xa7 Application/SW4STM32/startup_stm32h753xx.o
 .debug_line    0x00000000000000a7      0xd42 Application/User/main.o
 .debug_line    0x0000000000000de9      0x966 Application/User/stm32h7xx_hal_msp.o
 .debug_line    0x000000000000174f      0x953 Application/User/stm32h7xx_it.o
 .debug_line    0x00000000000020a2      0xa4f Application/User/usb_device.o
 .debug_line    0x0000000000002af1      0xc2e Application/User/usbd_conf.o
 .debug_line    0x000000000000371f      0xa85 Application/User/usbd_custom_hid_if.o
 .debug_line    0x00000000000041a4      0xaad Application/User/usbd_desc.o
 .debug_line    0x0000000000004c51      0x8fb Drivers/CMSIS/system_stm32h7xx.o
 .debug_line    0x000000000000554c      0xc68 Drivers/STM32H7xx_HAL_Driver/stm32h7xx_hal.o
 .debug_line    0x00000000000061b4      0xb0f Drivers/STM32H7xx_HAL_Driver/stm32h7xx_hal_cortex.o
 .debug_line    0x0000000000006cc3      0xa34 Drivers/STM32H7xx_HAL_Driver/stm32h7xx_hal_gpio.o
 .debug_line    0x00000000000076f7      0xdd1 Drivers/STM32H7xx_HAL_Driver/stm32h7xx_hal_pcd.o
 .debug_line    0x00000000000084c8      0x98c Drivers/STM32H7xx_HAL_Driver/stm32h7xx_hal_pcd_ex.o
 .debug_line    0x0000000000008e54      0xc32 Drivers/STM32H7xx_HAL_Driver/stm32h7xx_hal_pwr_ex.o
 .debug_line    0x0000000000009a86      0xc83 Drivers/STM32H7xx_HAL_Driver/stm32h7xx_hal_rcc.o
 .debug_line    0x000000000000a709      0xfa4 Drivers/STM32H7xx_HAL_Driver/stm32h7xx_hal_rcc_ex.o
 .debug_line    0x000000000000b6ad     0x132d Drivers/STM32H7xx_HAL_Driver/stm32h7xx_hal_spi.o
 .debug_line    0x000000000000c9da     0x14d7 Drivers/STM32H7xx_HAL_Driver/stm32h7xx_hal_uart.o
 .debug_line    0x000000000000deb1      0xea8 Drivers/STM32H7xx_HAL_Driver/stm32h7xx_ll_usb.o
 .debug_line    0x000000000000ed59      0xbb3 Middlewares/USB_Device_Library/usbd_core.o
 .debug_line    0x000000000000f90c      0xbc0 Middlewares/USB_Device_Library/usbd_ctlreq.o
 .debug_line    0x00000000000104cc      0xb71 Middlewares/USB_Device_Library/usbd_customhid.o
 .debug_line    0x000000000001103d      0xa36 Middlewares/USB_Device_Library/usbd_ioreq.o

.debug_info     0x0000000000000000    0x258f0
 .debug_info    0x0000000000000000       0x22 Application/SW4STM32/startup_stm32h753xx.o
 .debug_info    0x0000000000000022     0x360d Application/User/main.o
 .debug_info    0x000000000000362f     0x1f63 Application/User/stm32h7xx_hal_msp.o
 .debug_info    0x0000000000005592      0xf36 Application/User/stm32h7xx_it.o
 .debug_info    0x00000000000064c8      0xf6c Application/User/usb_device.o
 .debug_info    0x0000000000007434     0x2989 Application/User/usbd_conf.o
 .debug_info    0x0000000000009dbd      0xf9c Application/User/usbd_custom_hid_if.o
 .debug_info    0x000000000000ad59     0x1080 Application/User/usbd_desc.o
 .debug_info    0x000000000000bdd9     0x1198 Drivers/CMSIS/system_stm32h7xx.o
 .debug_info    0x000000000000cf71     0x1d51 Drivers/STM32H7xx_HAL_Driver/stm32h7xx_hal.o
 .debug_info    0x000000000000ecc2     0x1ad2 Drivers/STM32H7xx_HAL_Driver/stm32h7xx_hal_cortex.o
 .debug_info    0x0000000000010794     0x14a9 Drivers/STM32H7xx_HAL_Driver/stm32h7xx_hal_gpio.o
 .debug_info    0x0000000000011c3d     0x1e56 Drivers/STM32H7xx_HAL_Driver/stm32h7xx_hal_pcd.o
 .debug_info    0x0000000000013a93     0x1308 Drivers/STM32H7xx_HAL_Driver/stm32h7xx_hal_pcd_ex.o
 .debug_info    0x0000000000014d9b     0x16ed Drivers/STM32H7xx_HAL_Driver/stm32h7xx_hal_pwr_ex.o
 .debug_info    0x0000000000016488     0x1b12 Drivers/STM32H7xx_HAL_Driver/stm32h7xx_hal_rcc.o
 .debug_info    0x0000000000017f9a     0x218b Drivers/STM32H7xx_HAL_Driver/stm32h7xx_hal_rcc_ex.o
 .debug_info    0x000000000001a125     0x2166 Drivers/STM32H7xx_HAL_Driver/stm32h7xx_hal_spi.o
 .debug_info    0x000000000001c28b     0x2759 Drivers/STM32H7xx_HAL_Driver/stm32h7xx_hal_uart.o
 .debug_info    0x000000000001e9e4     0x1f6b Drivers/STM32H7xx_HAL_Driver/stm32h7xx_ll_usb.o
 .debug_info    0x000000000002094f     0x1500 Middlewares/USB_Device_Library/usbd_core.o
 .debug_info    0x0000000000021e4f     0x16c1 Middlewares/USB_Device_Library/usbd_ctlreq.o
 .debug_info    0x0000000000023510     0x13b7 Middlewares/USB_Device_Library/usbd_customhid.o
 .debug_info    0x00000000000248c7     0x1029 Middlewares/USB_Device_Library/usbd_ioreq.o

.debug_abbrev   0x0000000000000000     0x44c8
 .debug_abbrev  0x0000000000000000       0x12 Application/SW4STM32/startup_stm32h753xx.o
 .debug_abbrev  0x0000000000000012      0x346 Application/User/main.o
 .debug_abbrev  0x0000000000000358      0x2a8 Application/User/stm32h7xx_hal_msp.o
 .debug_abbrev  0x0000000000000600      0x24a Application/User/stm32h7xx_it.o
 .debug_abbrev  0x000000000000084a      0x238 Application/User/usb_device.o
 .debug_abbrev  0x0000000000000a82      0x2fc Application/User/usbd_conf.o
 .debug_abbrev  0x0000000000000d7e      0x2a0 Application/User/usbd_custom_hid_if.o
 .debug_abbrev  0x000000000000101e      0x26f Application/User/usbd_desc.o
 .debug_abbrev  0x000000000000128d      0x274 Drivers/CMSIS/system_stm32h7xx.o
 .debug_abbrev  0x0000000000001501      0x37b Drivers/STM32H7xx_HAL_Driver/stm32h7xx_hal.o
 .debug_abbrev  0x000000000000187c      0x3fd Drivers/STM32H7xx_HAL_Driver/stm32h7xx_hal_cortex.o
 .debug_abbrev  0x0000000000001c79      0x2e1 Drivers/STM32H7xx_HAL_Driver/stm32h7xx_hal_gpio.o
 .debug_abbrev  0x0000000000001f5a      0x358 Drivers/STM32H7xx_HAL_Driver/stm32h7xx_hal_pcd.o
 .debug_abbrev  0x00000000000022b2      0x31e Drivers/STM32H7xx_HAL_Driver/stm32h7xx_hal_pcd_ex.o
 .debug_abbrev  0x00000000000025d0      0x37f Drivers/STM32H7xx_HAL_Driver/stm32h7xx_hal_pwr_ex.o
 .debug_abbrev  0x000000000000294f      0x35a Drivers/STM32H7xx_HAL_Driver/stm32h7xx_hal_rcc.o
 .debug_abbrev  0x0000000000002ca9      0x389 Drivers/STM32H7xx_HAL_Driver/stm32h7xx_hal_rcc_ex.o
 .debug_abbrev  0x0000000000003032      0x312 Drivers/STM32H7xx_HAL_Driver/stm32h7xx_hal_spi.o
 .debug_abbrev  0x0000000000003344      0x33d Drivers/STM32H7xx_HAL_Driver/stm32h7xx_hal_uart.o
 .debug_abbrev  0x0000000000003681      0x315 Drivers/STM32H7xx_HAL_Driver/stm32h7xx_ll_usb.o
 .debug_abbrev  0x0000000000003996      0x2bb Middlewares/USB_Device_Library/usbd_core.o
 .debug_abbrev  0x0000000000003c51      0x338 Middlewares/USB_Device_Library/usbd_ctlreq.o
 .debug_abbrev  0x0000000000003f89      0x31b Middlewares/USB_Device_Library/usbd_customhid.o
 .debug_abbrev  0x00000000000042a4      0x224 Middlewares/USB_Device_Library/usbd_ioreq.o

.debug_aranges  0x0000000000000000     0x1160
 .debug_aranges
                0x0000000000000000       0x28 Application/SW4STM32/startup_stm32h753xx.o
 .debug_aranges
                0x0000000000000028       0x70 Application/User/main.o
 .debug_aranges
                0x0000000000000098       0x40 Application/User/stm32h7xx_hal_msp.o
 .debug_aranges
                0x00000000000000d8       0x70 Application/User/stm32h7xx_it.o
 .debug_aranges
                0x0000000000000148       0x20 Application/User/usb_device.o
 .debug_aranges
                0x0000000000000168       0xf8 Application/User/usbd_conf.o
 .debug_aranges
                0x0000000000000260       0x48 Application/User/usbd_custom_hid_if.o
 .debug_aranges
                0x00000000000002a8       0x88 Application/User/usbd_desc.o
 .debug_aranges
                0x0000000000000330       0x28 Drivers/CMSIS/system_stm32h7xx.o
 .debug_aranges
                0x0000000000000358      0x1a0 Drivers/STM32H7xx_HAL_Driver/stm32h7xx_hal.o
 .debug_aranges
                0x00000000000004f8       0xb0 Drivers/STM32H7xx_HAL_Driver/stm32h7xx_hal_cortex.o
 .debug_aranges
                0x00000000000005a8       0x58 Drivers/STM32H7xx_HAL_Driver/stm32h7xx_hal_gpio.o
 .debug_aranges
                0x0000000000000600      0x120 Drivers/STM32H7xx_HAL_Driver/stm32h7xx_hal_pcd.o
 .debug_aranges
                0x0000000000000720       0x60 Drivers/STM32H7xx_HAL_Driver/stm32h7xx_hal_pcd_ex.o
 .debug_aranges
                0x0000000000000780      0x150 Drivers/STM32H7xx_HAL_Driver/stm32h7xx_hal_pwr_ex.o
 .debug_aranges
                0x00000000000008d0       0x80 Drivers/STM32H7xx_HAL_Driver/stm32h7xx_hal_rcc.o
 .debug_aranges
                0x0000000000000950       0xe0 Drivers/STM32H7xx_HAL_Driver/stm32h7xx_hal_rcc_ex.o
 .debug_aranges
                0x0000000000000a30      0x1d0 Drivers/STM32H7xx_HAL_Driver/stm32h7xx_hal_spi.o
 .debug_aranges
                0x0000000000000c00      0x1e8 Drivers/STM32H7xx_HAL_Driver/stm32h7xx_hal_uart.o
 .debug_aranges
                0x0000000000000de8      0x180 Drivers/STM32H7xx_HAL_Driver/stm32h7xx_ll_usb.o
 .debug_aranges
                0x0000000000000f68       0xb8 Middlewares/USB_Device_Library/usbd_core.o
 .debug_aranges
                0x0000000000001020       0x88 Middlewares/USB_Device_Library/usbd_ctlreq.o
 .debug_aranges
                0x00000000000010a8       0x68 Middlewares/USB_Device_Library/usbd_customhid.o
 .debug_aranges
                0x0000000000001110       0x50 Middlewares/USB_Device_Library/usbd_ioreq.o

.debug_str      0x0000000000000000   0x1454b9
 .debug_str     0x0000000000000000       0xac Application/SW4STM32/startup_stm32h753xx.o
 .debug_str     0x00000000000000ac   0x140491 Application/User/main.o
                                     0x140bc7 (size before relaxing)
 .debug_str     0x000000000014053d      0x3f5 Application/User/stm32h7xx_hal_msp.o
                                     0x13f4c1 (size before relaxing)
 .debug_str     0x0000000000140932      0x4a5 Application/User/stm32h7xx_it.o
                                     0x13e612 (size before relaxing)
 .debug_str     0x0000000000140dd7       0xca Application/User/usb_device.o
                                     0x13f286 (size before relaxing)
 .debug_str     0x0000000000140ea1      0x5f5 Application/User/usbd_conf.o
                                     0x140430 (size before relaxing)
 .debug_str     0x0000000000141496       0xfd Application/User/usbd_custom_hid_if.o
                                     0x13f2c6 (size before relaxing)
 .debug_str     0x0000000000141593      0x420 Application/User/usbd_desc.o
                                     0x13f0c2 (size before relaxing)
 .debug_str     0x00000000001419b3       0xb9 Drivers/CMSIS/system_stm32h7xx.o
                                     0x13e4f5 (size before relaxing)
 .debug_str     0x0000000000141a6c      0x8b7 Drivers/STM32H7xx_HAL_Driver/stm32h7xx_hal.o
                                     0x13f5b5 (size before relaxing)
 .debug_str     0x0000000000142323      0x34c Drivers/STM32H7xx_HAL_Driver/stm32h7xx_hal_cortex.o
                                     0x13efbd (size before relaxing)
 .debug_str     0x000000000014266f      0x1e8 Drivers/STM32H7xx_HAL_Driver/stm32h7xx_hal_gpio.o
                                     0x13e791 (size before relaxing)
 .debug_str     0x0000000000142857      0x57d Drivers/STM32H7xx_HAL_Driver/stm32h7xx_hal_pcd.o
                                     0x13ed10 (size before relaxing)
 .debug_str     0x0000000000142dd4      0x198 Drivers/STM32H7xx_HAL_Driver/stm32h7xx_hal_pcd_ex.o
                                     0x13e81e (size before relaxing)
 .debug_str     0x0000000000142f6c      0x5c5 Drivers/STM32H7xx_HAL_Driver/stm32h7xx_hal_pwr_ex.o
                                     0x13ea50 (size before relaxing)
 .debug_str     0x0000000000143531      0x340 Drivers/STM32H7xx_HAL_Driver/stm32h7xx_hal_rcc.o
                                     0x13e9b3 (size before relaxing)
 .debug_str     0x0000000000143871      0x5fe Drivers/STM32H7xx_HAL_Driver/stm32h7xx_hal_rcc_ex.o
                                     0x13edb5 (size before relaxing)
 .debug_str     0x0000000000143e6f      0x588 Drivers/STM32H7xx_HAL_Driver/stm32h7xx_hal_spi.o
                                     0x13ed31 (size before relaxing)
 .debug_str     0x00000000001443f7      0x839 Drivers/STM32H7xx_HAL_Driver/stm32h7xx_hal_uart.o
                                     0x13f398 (size before relaxing)
 .debug_str     0x0000000000144c30      0x3e3 Drivers/STM32H7xx_HAL_Driver/stm32h7xx_ll_usb.o
                                     0x13eb6d (size before relaxing)
 .debug_str     0x0000000000145013      0x168 Middlewares/USB_Device_Library/usbd_core.o
                                     0x13f225 (size before relaxing)
 .debug_str     0x000000000014517b      0x10c Middlewares/USB_Device_Library/usbd_ctlreq.o
                                     0x13f13f (size before relaxing)
 .debug_str     0x0000000000145287      0x1ba Middlewares/USB_Device_Library/usbd_customhid.o
                                     0x13f34d (size before relaxing)
 .debug_str     0x0000000000145441       0x78 Middlewares/USB_Device_Library/usbd_ioreq.o
                                     0x13f06c (size before relaxing)

.debug_ranges   0x0000000000000000     0x1120
 .debug_ranges  0x0000000000000000       0x20 Application/SW4STM32/startup_stm32h753xx.o
 .debug_ranges  0x0000000000000020      0x138 Application/User/main.o
 .debug_ranges  0x0000000000000158       0x30 Application/User/stm32h7xx_hal_msp.o
 .debug_ranges  0x0000000000000188       0x60 Application/User/stm32h7xx_it.o
 .debug_ranges  0x00000000000001e8       0x10 Application/User/usb_device.o
 .debug_ranges  0x00000000000001f8       0xe8 Application/User/usbd_conf.o
 .debug_ranges  0x00000000000002e0       0x38 Application/User/usbd_custom_hid_if.o
 .debug_ranges  0x0000000000000318       0x78 Application/User/usbd_desc.o
 .debug_ranges  0x0000000000000390       0x18 Drivers/CMSIS/system_stm32h7xx.o
 .debug_ranges  0x00000000000003a8      0x190 Drivers/STM32H7xx_HAL_Driver/stm32h7xx_hal.o
 .debug_ranges  0x0000000000000538      0x100 Drivers/STM32H7xx_HAL_Driver/stm32h7xx_hal_cortex.o
 .debug_ranges  0x0000000000000638       0x48 Drivers/STM32H7xx_HAL_Driver/stm32h7xx_hal_gpio.o
 .debug_ranges  0x0000000000000680      0x110 Drivers/STM32H7xx_HAL_Driver/stm32h7xx_hal_pcd.o
 .debug_ranges  0x0000000000000790       0x50 Drivers/STM32H7xx_HAL_Driver/stm32h7xx_hal_pcd_ex.o
 .debug_ranges  0x00000000000007e0      0x140 Drivers/STM32H7xx_HAL_Driver/stm32h7xx_hal_pwr_ex.o
 .debug_ranges  0x0000000000000920       0x70 Drivers/STM32H7xx_HAL_Driver/stm32h7xx_hal_rcc.o
 .debug_ranges  0x0000000000000990       0xd0 Drivers/STM32H7xx_HAL_Driver/stm32h7xx_hal_rcc_ex.o
 .debug_ranges  0x0000000000000a60      0x1c0 Drivers/STM32H7xx_HAL_Driver/stm32h7xx_hal_spi.o
 .debug_ranges  0x0000000000000c20      0x1d8 Drivers/STM32H7xx_HAL_Driver/stm32h7xx_hal_uart.o
 .debug_ranges  0x0000000000000df8      0x170 Drivers/STM32H7xx_HAL_Driver/stm32h7xx_ll_usb.o
 .debug_ranges  0x0000000000000f68       0xa8 Middlewares/USB_Device_Library/usbd_core.o
 .debug_ranges  0x0000000000001010       0x78 Middlewares/USB_Device_Library/usbd_ctlreq.o
 .debug_ranges  0x0000000000001088       0x58 Middlewares/USB_Device_Library/usbd_customhid.o
 .debug_ranges  0x00000000000010e0       0x40 Middlewares/USB_Device_Library/usbd_ioreq.o

.debug_loc      0x0000000000000000     0xb45d
 .debug_loc     0x0000000000000000      0x306 Application/User/main.o
 .debug_loc     0x0000000000000306      0x197 Application/User/stm32h7xx_hal_msp.o
 .debug_loc     0x000000000000049d      0xbfd Application/User/usbd_conf.o
 .debug_loc     0x000000000000109a       0x84 Application/User/usbd_custom_hid_if.o
 .debug_loc     0x000000000000111e      0x56e Application/User/usbd_desc.o
 .debug_loc     0x000000000000168c      0x21f Drivers/CMSIS/system_stm32h7xx.o
 .debug_loc     0x00000000000018ab      0x434 Drivers/STM32H7xx_HAL_Driver/stm32h7xx_hal.o
 .debug_loc     0x0000000000001cdf      0x5ac Drivers/STM32H7xx_HAL_Driver/stm32h7xx_hal_cortex.o
 .debug_loc     0x000000000000228b      0x43e Drivers/STM32H7xx_HAL_Driver/stm32h7xx_hal_gpio.o
 .debug_loc     0x00000000000026c9      0xe3f Drivers/STM32H7xx_HAL_Driver/stm32h7xx_hal_pcd.o
 .debug_loc     0x0000000000003508      0x18d Drivers/STM32H7xx_HAL_Driver/stm32h7xx_hal_pcd_ex.o
 .debug_loc     0x0000000000003695      0x2e7 Drivers/STM32H7xx_HAL_Driver/stm32h7xx_hal_pwr_ex.o
 .debug_loc     0x000000000000397c      0x711 Drivers/STM32H7xx_HAL_Driver/stm32h7xx_hal_rcc.o
 .debug_loc     0x000000000000408d     0x1740 Drivers/STM32H7xx_HAL_Driver/stm32h7xx_hal_rcc_ex.o
 .debug_loc     0x00000000000057cd     0x160a Drivers/STM32H7xx_HAL_Driver/stm32h7xx_hal_spi.o
 .debug_loc     0x0000000000006dd7     0x18a8 Drivers/STM32H7xx_HAL_Driver/stm32h7xx_hal_uart.o
 .debug_loc     0x000000000000867f     0x13d0 Drivers/STM32H7xx_HAL_Driver/stm32h7xx_ll_usb.o
 .debug_loc     0x0000000000009a4f      0x6f8 Middlewares/USB_Device_Library/usbd_core.o
 .debug_loc     0x000000000000a147      0xb64 Middlewares/USB_Device_Library/usbd_ctlreq.o
 .debug_loc     0x000000000000acab      0x576 Middlewares/USB_Device_Library/usbd_customhid.o
 .debug_loc     0x000000000000b221      0x23c Middlewares/USB_Device_Library/usbd_ioreq.o

.debug_macro    0x0000000000000000    0x37f78
 .debug_macro   0x0000000000000000      0x43a Application/User/main.o
 .debug_macro   0x000000000000043a      0xa6c Application/User/main.o
 .debug_macro   0x0000000000000ea6       0x94 Application/User/main.o
 .debug_macro   0x0000000000000f3a       0xb2 Application/User/main.o
 .debug_macro   0x0000000000000fec       0x2e Application/User/main.o
 .debug_macro   0x000000000000101a       0x3b Application/User/main.o
 .debug_macro   0x0000000000001055       0x22 Application/User/main.o
 .debug_macro   0x0000000000001077       0x8e Application/User/main.o
 .debug_macro   0x0000000000001105       0x51 Application/User/main.o
 .debug_macro   0x0000000000001156       0xef Application/User/main.o
 .debug_macro   0x0000000000001245       0x6a Application/User/main.o
 .debug_macro   0x00000000000012af      0x1df Application/User/main.o
 .debug_macro   0x000000000000148e       0x22 Application/User/main.o
 .debug_macro   0x00000000000014b0       0xaf Application/User/main.o
 .debug_macro   0x000000000000155f     0x128e Application/User/main.o
 .debug_macro   0x00000000000027ed    0x24943 Application/User/main.o
 .debug_macro   0x0000000000027130       0x43 Application/User/main.o
 .debug_macro   0x0000000000027173     0x369a Application/User/main.o
 .debug_macro   0x000000000002a80d       0x5e Application/User/main.o
 .debug_macro   0x000000000002a86b       0x17 Application/User/main.o
 .debug_macro   0x000000000002a882       0x35 Application/User/main.o
 .debug_macro   0x000000000002a8b7       0x34 Application/User/main.o
 .debug_macro   0x000000000002a8eb       0x16 Application/User/main.o
 .debug_macro   0x000000000002a901       0x97 Application/User/main.o
 .debug_macro   0x000000000002a998      0x330 Application/User/main.o
 .debug_macro   0x000000000002acc8       0xfd Application/User/main.o
 .debug_macro   0x000000000002adc5       0x10 Application/User/main.o
 .debug_macro   0x000000000002add5       0x58 Application/User/main.o
 .debug_macro   0x000000000002ae2d       0x1f Application/User/main.o
 .debug_macro   0x000000000002ae4c       0x43 Application/User/main.o
 .debug_macro   0x000000000002ae8f       0x20 Application/User/main.o
 .debug_macro   0x000000000002aeaf      0x18e Application/User/main.o
 .debug_macro   0x000000000002b03d       0x10 Application/User/main.o
 .debug_macro   0x000000000002b04d       0x1c Application/User/main.o
 .debug_macro   0x000000000002b069       0x52 Application/User/main.o
 .debug_macro   0x000000000002b0bb       0x40 Application/User/main.o
 .debug_macro   0x000000000002b0fb       0x10 Application/User/main.o
 .debug_macro   0x000000000002b10b       0x40 Application/User/main.o
 .debug_macro   0x000000000002b14b       0xd7 Application/User/main.o
 .debug_macro   0x000000000002b222       0x1c Application/User/main.o
 .debug_macro   0x000000000002b23e       0x3d Application/User/main.o
 .debug_macro   0x000000000002b27b       0x16 Application/User/main.o
 .debug_macro   0x000000000002b291      0x16f Application/User/main.o
 .debug_macro   0x000000000002b400       0x50 Application/User/main.o
 .debug_macro   0x000000000002b450     0x18d8 Application/User/main.o
 .debug_macro   0x000000000002cd28      0xf30 Application/User/main.o
 .debug_macro   0x000000000002dc58      0x12a Application/User/main.o
 .debug_macro   0x000000000002dd82      0x11e Application/User/main.o
 .debug_macro   0x000000000002dea0      0x34d Application/User/main.o